Component: Arm Compiler for Embedded 6.18 Tool: armlink [5e4cc100]

==============================================================================

Section Cross References

    startup_stm32h743xx.o(STACK) refers (Special) to heapauxi.o(.text) for __use_two_region_memory
    startup_stm32h743xx.o(HEAP) refers (Special) to heapauxi.o(.text) for __use_two_region_memory
    startup_stm32h743xx.o(RESET) refers (Special) to heapauxi.o(.text) for __use_two_region_memory
    startup_stm32h743xx.o(RESET) refers to startup_stm32h743xx.o(STACK) for __initial_sp
    startup_stm32h743xx.o(RESET) refers to startup_stm32h743xx.o(.text) for Reset_Handler
    startup_stm32h743xx.o(RESET) refers to stm32h7xx_it.o(.text.NMI_Handler) for NMI_Handler
    startup_stm32h743xx.o(RESET) refers to stm32h7xx_it.o(.text.HardFault_Handler) for HardFault_Handler
    startup_stm32h743xx.o(RESET) refers to stm32h7xx_it.o(.text.MemManage_Handler) for MemManage_Handler
    startup_stm32h743xx.o(RESET) refers to stm32h7xx_it.o(.text.BusFault_Handler) for BusFault_Handler
    startup_stm32h743xx.o(RESET) refers to stm32h7xx_it.o(.text.UsageFault_Handler) for UsageFault_Handler
    startup_stm32h743xx.o(RESET) refers to stm32h7xx_it.o(.text.SVC_Handler) for SVC_Handler
    startup_stm32h743xx.o(RESET) refers to stm32h7xx_it.o(.text.DebugMon_Handler) for DebugMon_Handler
    startup_stm32h743xx.o(RESET) refers to stm32h7xx_it.o(.text.PendSV_Handler) for PendSV_Handler
    startup_stm32h743xx.o(RESET) refers to stm32h7xx_it.o(.text.SysTick_Handler) for SysTick_Handler
    startup_stm32h743xx.o(RESET) refers to stm32h7xx_it.o(.text.USART3_IRQHandler) for USART3_IRQHandler
    startup_stm32h743xx.o(.text) refers (Special) to heapauxi.o(.text) for __use_two_region_memory
    startup_stm32h743xx.o(.text) refers to system_stm32h7xx.o(.text.SystemInit) for SystemInit
    startup_stm32h743xx.o(.text) refers to __main.o(!!!main) for __main
    startup_stm32h743xx.o(.text) refers to startup_stm32h743xx.o(HEAP) for Heap_Mem
    startup_stm32h743xx.o(.text) refers to startup_stm32h743xx.o(STACK) for Stack_Mem
    rdefuart.o(.text.HAL_UART_RxCpltCallback) refers to main.o(.bss..L_MergedGlobals) for UartReady
    rdefuart.o(.ARM.exidx.text.HAL_UART_RxCpltCallback) refers to rdefuart.o(.text.HAL_UART_RxCpltCallback) for [Anonymous Symbol]
    crc32.o(.ARM.exidx.text.CRC32) refers to crc32.o(.text.CRC32) for [Anonymous Symbol]
    ring_prot.o(.ARM.exidx.text.SetIdleData) refers to ring_prot.o(.text.SetIdleData) for [Anonymous Symbol]
    ring_prot.o(.ARM.exidx.text.RingInitHead) refers to ring_prot.o(.text.RingInitHead) for [Anonymous Symbol]
    ring_prot.o(.ARM.exidx.text.InitRingOnCom) refers to ring_prot.o(.text.InitRingOnCom) for [Anonymous Symbol]
    ring_prot.o(.ARM.exidx.text.InitRingOffCom) refers to ring_prot.o(.text.InitRingOffCom) for [Anonymous Symbol]
    ring_prot.o(.ARM.exidx.text.InitBoostOnCom) refers to ring_prot.o(.text.InitBoostOnCom) for [Anonymous Symbol]
    ring_prot.o(.ARM.exidx.text.InitBoostOffCom) refers to ring_prot.o(.text.InitBoostOffCom) for [Anonymous Symbol]
    ring_prot.o(.ARM.exidx.text.SetRingError) refers to ring_prot.o(.text.SetRingError) for [Anonymous Symbol]
    ring_prot.o(.ARM.exidx.text.InitExchSchedCom) refers to ring_prot.o(.text.InitExchSchedCom) for [Anonymous Symbol]
    ring_prot.o(.ARM.exidx.text.InitSchedIORes) refers to ring_prot.o(.text.InitSchedIORes) for [Anonymous Symbol]
    ring_prot.o(.ARM.exidx.text.InitBlockInfo) refers to ring_prot.o(.text.InitBlockInfo) for [Anonymous Symbol]
    ring_prot.o(.ARM.exidx.text.InitRingEndSched) refers to ring_prot.o(.text.InitRingEndSched) for [Anonymous Symbol]
    ring_prot.o(.ARM.exidx.text.InitRingTransfer) refers to ring_prot.o(.text.InitRingTransfer) for [Anonymous Symbol]
    ring_prot.o(.ARM.exidx.text.InitRingState) refers to ring_prot.o(.text.InitRingState) for [Anonymous Symbol]
    ring_prot.o(.ARM.exidx.text.InitRingSyncTime) refers to ring_prot.o(.text.InitRingSyncTime) for [Anonymous Symbol]
    ds3231_for_stm32_hal.o(.text.DS3231_Init) refers to ds3231_for_stm32_hal.o(.bss._ds3231_ui2c) for _ds3231_ui2c
    ds3231_for_stm32_hal.o(.ARM.exidx.text.DS3231_Init) refers to ds3231_for_stm32_hal.o(.text.DS3231_Init) for [Anonymous Symbol]
    ds3231_for_stm32_hal.o(.text.DS3231_SetRegByte) refers to ds3231_for_stm32_hal.o(.bss._ds3231_ui2c) for _ds3231_ui2c
    ds3231_for_stm32_hal.o(.text.DS3231_SetRegByte) refers to stm32h7xx_hal_i2c.o(.text.HAL_I2C_Master_Transmit) for HAL_I2C_Master_Transmit
    ds3231_for_stm32_hal.o(.ARM.exidx.text.DS3231_SetRegByte) refers to ds3231_for_stm32_hal.o(.text.DS3231_SetRegByte) for [Anonymous Symbol]
    ds3231_for_stm32_hal.o(.text.DS3231_GetRegByte) refers to ds3231_for_stm32_hal.o(.bss._ds3231_ui2c) for _ds3231_ui2c
    ds3231_for_stm32_hal.o(.text.DS3231_GetRegByte) refers to stm32h7xx_hal_i2c.o(.text.HAL_I2C_Master_Transmit) for HAL_I2C_Master_Transmit
[...]
    [Anonymous Symbol]                       0x08004d08   Section        0  stm32h7xx_hal_uart.o(.text.HAL_UART_Receive_IT)
    [Anonymous Symbol]                       0x08004dc0   Section        0  rdefuart.o(.text.HAL_UART_RxCpltCallback)
    [Anonymous Symbol]                       0x08004dd0   Section        0  stm32h7xx_hal_uart.o(.text.HAL_UART_Transmit_IT)
    [Anonymous Symbol]                       0x08004f10   Section        0  stm32h7xx_hal_uart.o(.text.HAL_UART_TxCpltCallback)
    [Anonymous Symbol]                       0x08004f18   Section        0  stm32h7xx_it.o(.text.HardFault_Handler)
    I2C_IsErrorOccurred                      0x08004f21   Thumb Code   342  stm32h7xx_hal_i2c.o(.text.I2C_IsErrorOccurred)
    [Anonymous Symbol]                       0x08004f20   Section        0  stm32h7xx_hal_i2c.o(.text.I2C_IsErrorOccurred)
    I2C_WaitOnRXNEFlagUntilTimeout           0x08005079   Thumb Code   188  stm32h7xx_hal_i2c.o(.text.I2C_WaitOnRXNEFlagUntilTimeout)
    [Anonymous Symbol]                       0x08005078   Section        0  stm32h7xx_hal_i2c.o(.text.I2C_WaitOnRXNEFlagUntilTimeout)
    I2C_WaitOnTXISFlagUntilTimeout           0x08005139   Thumb Code   136  stm32h7xx_hal_i2c.o(.text.I2C_WaitOnTXISFlagUntilTimeout)
    [Anonymous Symbol]                       0x08005138   Section        0  stm32h7xx_hal_i2c.o(.text.I2C_WaitOnTXISFlagUntilTimeout)
    [Anonymous Symbol]                       0x080051c0   Section        0  ring_prot.o(.text.InitBlockInfo)
    [Anonymous Symbol]                       0x080051e0   Section        0  ring_prot.o(.text.InitExchSchedCom)
    [Anonymous Symbol]                       0x080051f8   Section        0  ring_prot.o(.text.InitRingEndSched)
    [Anonymous Symbol]                       0x08005218   Section        0  ring_prot.o(.text.InitRingState)
    [Anonymous Symbol]                       0x08005238   Section        0  ring_prot.o(.text.InitRingSyncTime)
    [Anonymous Symbol]                       0x08005258   Section        0  ring_prot.o(.text.InitRingTransfer)
    [Anonymous Symbol]                       0x08005278   Section        0  stm32h7xx_it.o(.text.MemManage_Handler)
    [Anonymous Symbol]                       0x08005280   Section        0  stm32h7xx_it.o(.text.NMI_Handler)
    [Anonymous Symbol]                       0x08005288   Section        0  stm32h7xx_it.o(.text.PendSV_Handler)
    RCCEx_PLL2_Config                        0x08005291   Thumb Code   290  stm32h7xx_hal_rcc_ex.o(.text.RCCEx_PLL2_Config)
    [Anonymous Symbol]                       0x08005290   Section        0  stm32h7xx_hal_rcc_ex.o(.text.RCCEx_PLL2_Config)
    RCCEx_PLL3_Config                        0x080053b9   Thumb Code   290  stm32h7xx_hal_rcc_ex.o(.text.RCCEx_PLL3_Config)
    [Anonymous Symbol]                       0x080053b8   Section        0  stm32h7xx_hal_rcc_ex.o(.text.RCCEx_PLL3_Config)
    [Anonymous Symbol]                       0x080054e0   Section        0  stm32h7xx_hal_rtc.o(.text.RTC_ExitInitMode)
    [Anonymous Symbol]                       0x08005578   Section        0  ring_prot.o(.text.RingInitHead)
    [Anonymous Symbol]                       0x08005588   Section        0  stm32h7xx_it.o(.text.SVC_Handler)
    [Anonymous Symbol]                       0x08005590   Section        0  ring_prot.o(.text.SetIdleData)
    [Anonymous Symbol]                       0x080055a0   Section        0  ring_prot.o(.text.SetRingError)
    [Anonymous Symbol]                       0x080055b0   Section        0  stm32h7xx_it.o(.text.SysTick_Handler)
    [Anonymous Symbol]                       0x080055b8   Section        0  main.o(.text.SystemClock_Config)
    [Anonymous Symbol]                       0x08005688   Section        0  system_stm32h7xx.o(.text.SystemInit)
    [Anonymous Symbol]                       0x08005758   Section        0  stm32h7xx_hal_uart.o(.text.UART_AdvFeatureConfig)
    UART_DMAAbortOnError                     0x08005839   Thumb Code    16  stm32h7xx_hal_uart.o(.text.UART_DMAAbortOnError)
    [Anonymous Symbol]                       0x08005838   Section        0  stm32h7xx_hal_uart.o(.text.UART_DMAAbortOnError)
    UART_RxISR_16BIT                         0x08005849   Thumb Code   348  stm32h7xx_hal_uart.o(.text.UART_RxISR_16BIT)
    [Anonymous Symbol]                       0x08005848   Section        0  stm32h7xx_hal_uart.o(.text.UART_RxISR_16BIT)
    UART_RxISR_16BIT_FIFOEN                  0x080059a9   Thumb Code   710  stm32h7xx_hal_uart.o(.text.UART_RxISR_16BIT_FIFOEN)
    [Anonymous Symbol]                       0x080059a8   Section        0  stm32h7xx_hal_uart.o(.text.UART_RxISR_16BIT_FIFOEN)
    UART_RxISR_8BIT                          0x08005c71   Thumb Code   348  stm32h7xx_hal_uart.o(.text.UART_RxISR_8BIT)
    [Anonymous Symbol]                       0x08005c70   Section        0  stm32h7xx_hal_uart.o(.text.UART_RxISR_8BIT)
    UART_RxISR_8BIT_FIFOEN                   0x08005dd1   Thumb Code   714  stm32h7xx_hal_uart.o(.text.UART_RxISR_8BIT_FIFOEN)
    [Anonymous Symbol]                       0x08005dd0   Section        0  stm32h7xx_hal_uart.o(.text.UART_RxISR_8BIT_FIFOEN)
    [Anonymous Symbol]                       0x080060a0   Section        0  stm32h7xx_hal_uart.o(.text.UART_SetConfig)
    [Anonymous Symbol]                       0x08006558   Section        0  stm32h7xx_hal_uart.o(.text.UART_Start_Receive_IT)
    UART_TxISR_16BIT                         0x080067f9   Thumb Code   208  stm32h7xx_hal_uart.o(.text.UART_TxISR_16BIT)
    [Anonymous Symbol]                       0x080067f8   Section        0  stm32h7xx_hal_uart.o(.text.UART_TxISR_16BIT)
    UART_TxISR_16BIT_FIFOEN                  0x080068c9   Thumb Code   236  stm32h7xx_hal_uart.o(.text.UART_TxISR_16BIT_FIFOEN)
    [Anonymous Symbol]                       0x080068c8   Section        0  stm32h7xx_hal_uart.o(.text.UART_TxISR_16BIT_FIFOEN)
    UART_TxISR_8BIT                          0x080069b9   Thumb Code   204  stm32h7xx_hal_uart.o(.text.UART_TxISR_8BIT)
    [Anonymous Symbol]                       0x080069b8   Section        0  stm32h7xx_hal_uart.o(.text.UART_TxISR_8BIT)
    UART_TxISR_8BIT_FIFOEN                   0x08006a89   Thumb Code   232  stm32h7xx_hal_uart.o(.text.UART_TxISR_8BIT_FIFOEN)
    [Anonymous Symbol]                       0x08006a88   Section        0  stm32h7xx_hal_uart.o(.text.UART_TxISR_8BIT_FIFOEN)
    [Anonymous Symbol]                       0x08006b70   Section        0  stm32h7xx_hal_uart.o(.text.UART_WaitOnFlagUntilTimeout)
    [Anonymous Symbol]                       0x08006d98   Section        0  stm32h7xx_it.o(.text.USART3_IRQHandler)
    [Anonymous Symbol]                       0x08006da8   Section        0  stm32h7xx_ll_usb.o(.text.USB_CoreInit)
    [Anonymous Symbol]                       0x08006fb0   Section        0  stm32h7xx_ll_usb.o(.text.USB_DevDisconnect)
    [Anonymous Symbol]                       0x08006fd0   Section        0  stm32h7xx_ll_usb.o(.text.USB_DevInit)
    [Anonymous Symbol]                       0x08007450   Section        0  stm32h7xx_ll_usb.o(.text.USB_DisableGlobalInt)
    [Anonymous Symbol]                       0x08007460   Section        0  stm32h7xx_ll_usb.o(.text.USB_SetCurrentMode)
    [Anonymous Symbol]                       0x080074c8   Section        0  stm32h7xx_it.o(.text.UsageFault_Handler)
    [Anonymous Symbol]                       0x080074d0   Section        0  main.o(.text.main)
    $v0                                      0x080080c2   Number         0  fpinit.o(x$fpl$fpinit)
    x$fpl$fpinit                             0x080080c2   Section       26  fpinit.o(x$fpl$fpinit)
    .Lswitch.table.UART_SetConfig.5          0x080080dc   Data           6  stm32h7xx_hal_uart.o(.rodata..Lswitch.table.UART_SetConfig.5)
    .Lswitch.table.UART_SetConfig.7          0x080080e2   Data           6  stm32h7xx_hal_uart.o(.rodata..Lswitch.table.UART_SetConfig.7)
    UARTEx_SetNbDataToProcess.numerator      0x08008110   Data           8  stm32h7xx_hal_uart_ex.o(.rodata.cst8)
    [Anonymous Symbol]                       0x08008110   Section        0  stm32h7xx_hal_uart_ex.o(.rodata.cst8)
    UARTEx_SetNbDataToProcess.denominator    0x08008118   Data           8  stm32h7xx_hal_uart_ex.o(.rodata.cst8)
    .L_MergedGlobals                         0x24000000   Data           8  stm32h7xx_hal.o(.data..L_MergedGlobals)
    [Anonymous Symbol]                       0x24000000   Section        0  stm32h7xx_hal.o(.data..L_MergedGlobals)
    .L_MergedGlobals                         0x24000008   Data           8  system_stm32h7xx.o(.data..L_MergedGlobals)
    [Anonymous Symbol]                       0x24000008   Section        0  system_stm32h7xx.o(.data..L_MergedGlobals)
    .bss                                     0x24000010   Section       96  libspace.o(.bss)
    .L_MergedGlobals                         0x24000070   Data         124  main.o(.bss..L_MergedGlobals)
    [Anonymous Symbol]                       0x24000070   Section        0  main.o(.bss..L_MergedGlobals)
    .L_MergedGlobals.1                       0x240000ec   Data         100  main.o(.bss..L_MergedGlobals.1)
    [Anonymous Symbol]                       0x240000ec   Section        0  main.o(.bss..L_MergedGlobals.1)
    .L_MergedGlobals.2                       0x24000150   Data         112  main.o(.bss..L_MergedGlobals.2)
    [Anonymous Symbol]                       0x24000150   Section        0  main.o(.bss..L_MergedGlobals.2)
    Heap_Mem                                 0x240007e8   Data        8192  startup_stm32h743xx.o(HEAP)
    HEAP                                     0x240007e8   Section     8192  startup_stm32h743xx.o(HEAP)
    Stack_Mem                                0x240027e8   Data       16384  startup_stm32h743xx.o(STACK)
    STACK                                    0x240027e8   Section    16384  startup_stm32h743xx.o(STACK)
    __initial_sp                             0x240067e8   Data           0  startup_stm32h743xx.o(STACK)

    Global Symbols

    Symbol Name                              Value     Ov Type        Size  Object(Section)

    BuildAttributes$$THM_ISAv4$E$P$D$K$B$S$7EM$VFPv5_D16$PE$PLD8$A:L22UL41UL21$X:L11$S22US41US21$IEEE1$IW$~IW$USESV6$~STKCKD$USESV7$~SHL$OTIME$ROPI$EBA8$UX$STANDARDLIB$REQ8$PRES8$EABIv2 0x00000000   Number         0  anon$$obj.o ABSOLUTE
    __ARM_exceptions_init                     - Undefined Weak Reference
    __alloca_initialize                       - Undefined Weak Reference
    __arm_preinit_                            - Undefined Weak Reference
    __arm_relocate_pie_                       - Undefined Weak Reference
    __cpp_initialize__aeabi_                  - Undefined Weak Reference
    __cxa_finalize                            - Undefined Weak Reference
    __rt_locale                               - Undefined Weak Reference
    __sigvec_lookup                           - Undefined Weak Reference
    __user_heap_extent                        - Undefined Weak Reference
    _atexit_init                              - Undefined Weak Reference
    _call_atexit_fns                          - Undefined Weak Reference
    _clock_init                               - Undefined Weak Reference
    _fp_trap_init                             - Undefined Weak Reference
    _fp_trap_shutdown                         - Undefined Weak Reference
    _get_lc_collate                           - Undefined Weak Reference
    _get_lc_ctype                             - Undefined Weak Reference
    _get_lc_monetary                          - Undefined Weak Reference
    _get_lc_numeric                           - Undefined Weak Reference
    _get_lc_time                              - Undefined Weak Reference
    _getenv_init                              - Undefined Weak Reference
    _handle_redirection                       - Undefined Weak Reference
    _initio                                   - Undefined Weak Reference
    _mutex_acquire                            - Undefined Weak Reference
    _mutex_free                               - Undefined Weak Reference
    _mutex_release                            - Undefined Weak Reference
    _rand_init                                - Undefined Weak Reference
    _signal_finish                            - Undefined Weak Reference
    _signal_init                              - Undefined Weak Reference
    _terminateio                              - Undefined Weak Reference
    __Vectors_Size                           0x00000298   Number         0  startup_stm32h743xx.o ABSOLUTE
    __Vectors                                0x08000000   Data           4  startup_stm32h743xx.o(RESET)
    __Vectors_End                            0x08000298   Data           0  startup_stm32h743xx.o(RESET)
    __main                                   0x08000299   Thumb Code     8  __main.o(!!!main)
    __scatterload                            0x080002a1   Thumb Code     0  __scatter.o(!!!scatter)
    __scatterload_rt2                        0x080002a1   Thumb Code    44  __scatter.o(!!!scatter)
    __scatterload_rt2_thumb_only             0x080002a1   Thumb Code     0  __scatter.o(!!!scatter)
    __scatterload_null                       0x080002af   Thumb Code     0  __scatter.o(!!!scatter)
    __scatterload_copy                       0x080002d5   Thumb Code    26  __scatter_copy.o(!!handler_copy)
    __scatterload_zeroinit                   0x080002f1   Thumb Code    28  __scatter_zi.o(!!handler_zi)
    __rt_lib_init                            0x0800030d   Thumb Code     0  libinit.o(.ARM.Collect$$libinit$$00000000)
    __rt_lib_init_fp_1                       0x0800030f   Thumb Code     0  libinit2.o(.ARM.Collect$$libinit$$00000001)
    __rt_lib_init_heap_2                     0x08000313   Thumb Code     0  libinit2.o(.ARM.Collect$$libinit$$00000007)
    __rt_lib_init_preinit_1                  0x08000313   Thumb Code     0  libinit2.o(.ARM.Collect$$libinit$$00000006)
    __rt_lib_init_relocate_pie_1             0x08000313   Thumb Code     0  libinit2.o(.ARM.Collect$$libinit$$00000004)
    __rt_lib_init_alloca_1                   0x0800031b   Thumb Code     0  libinit2.o(.ARM.Collect$$libinit$$00000030)
    __rt_lib_init_argv_1                     0x0800031b   Thumb Code     0  libinit2.o(.ARM.Collect$$libinit$$0000002E)
    __rt_lib_init_atexit_1                   0x0800031b   Thumb Code     0  libinit2.o(.ARM.Collect$$libinit$$0000001D)
    __rt_lib_init_clock_1                    0x0800031b   Thumb Code     0  libinit2.o(.ARM.Collect$$libinit$$00000023)
    __rt_lib_init_cpp_1                      0x0800031b   Thumb Code     0  libinit2.o(.ARM.Collect$$libinit$$00000034)
    __rt_lib_init_exceptions_1               0x0800031b   Thumb Code     0  libinit2.o(.ARM.Collect$$libinit$$00000032)
    __rt_lib_init_fp_trap_1                  0x0800031b   Thumb Code     0  libinit2.o(.ARM.Collect$$libinit$$00000021)
    __rt_lib_init_getenv_1                   0x0800031b   Thumb Code     0  libinit2.o(.ARM.Collect$$libinit$$00000025)
    __rt_lib_init_heap_1                     0x0800031b   Thumb Code     0  libinit2.o(.ARM.Collect$$libinit$$0000000C)
    __rt_lib_init_lc_collate_1               0x0800031b   Thumb Code     0  libinit2.o(.ARM.Collect$$libinit$$00000013)
    __rt_lib_init_lc_ctype_1                 0x0800031b   Thumb Code     0  libinit2.o(.ARM.Collect$$libinit$$00000015)
    __rt_lib_init_lc_monetary_1              0x0800031b   Thumb Code     0  libinit2.o(.ARM.Collect$$libinit$$00000017)
    __rt_lib_init_lc_numeric_1               0x0800031b   Thumb Code     0  libinit2.o(.ARM.Collect$$libinit$$00000019)
    __rt_lib_init_lc_time_1                  0x0800031b   Thumb Code     0  libinit2.o(.ARM.Collect$$libinit$$0000001B)
    __rt_lib_init_rand_1                     0x0800031b   Thumb Code     0  libinit2.o(.ARM.Collect$$libinit$$00000010)
    __rt_lib_init_return                     0x0800031b   Thumb Code     0  libinit2.o(.ARM.Collect$$libinit$$00000035)
    __rt_lib_init_signal_1                   0x0800031b   Thumb Code     0  libinit2.o(.ARM.Collect$$libinit$$0000001F)
    __rt_lib_init_stdio_1                    0x0800031b   Thumb Code     0  libinit2.o(.ARM.Collect$$libinit$$00000027)
    __rt_lib_init_user_alloc_1               0x0800031b   Thumb Code     0  libinit2.o(.ARM.Collect$$libinit$$0000000E)
    __rt_lib_shutdown                        0x0800031d   Thumb Code     0  libshutdown.o(.ARM.Collect$$libshutdown$$00000000)
    __rt_lib_shutdown_cpp_1                  0x0800031f   Thumb Code     0  libshutdown2.o(.ARM.Collect$$libshutdown$$00000002)
    __rt_lib_shutdown_fp_trap_1              0x0800031f   Thumb Code     0  libshutdown2.o(.ARM.Collect$$libshutdown$$00000007)
    __rt_lib_shutdown_heap_1                 0x0800031f   Thumb Code     0  libshutdown2.o(.ARM.Collect$$libshutdown$$0000000F)
    __rt_lib_shutdown_return                 0x0800031f   Thumb Code     0  libshutdown2.o(.ARM.Collect$$libshutdown$$00000010)
    __rt_lib_shutdown_signal_1               0x0800031f   Thumb Code     0  libshutdown2.o(.ARM.Collect$$libshutdown$$0000000A)
    __rt_lib_shutdown_stdio_1                0x0800031f   Thumb Code     0  libshutdown2.o(.ARM.Collect$$libshutdown$$00000004)
    __rt_lib_shutdown_user_alloc_1           0x0800031f   Thumb Code     0  libshutdown2.o(.ARM.Collect$$libshutdown$$0000000C)
    __rt_entry                               0x08000321   Thumb Code     0  __rtentry.o(.ARM.Collect$$rtentry$$00000000)
    __rt_entry_presh_1                       0x08000321   Thumb Code     0  __rtentry2.o(.ARM.Collect$$rtentry$$00000002)
    __rt_entry_sh                            0x08000321   Thumb Code     0  __rtentry4.o(.ARM.Collect$$rtentry$$00000004)
    __rt_entry_li                            0x08000327   Thumb Code     0  __rtentry2.o(.ARM.Collect$$rtentry$$0000000A)
    __rt_entry_postsh_1                      0x08000327   Thumb Code     0  __rtentry2.o(.ARM.Collect$$rtentry$$00000009)
    __rt_entry_main                          0x0800032b   Thumb Code     0  __rtentry2.o(.ARM.Collect$$rtentry$$0000000D)
    __rt_entry_postli_1                      0x0800032b   Thumb Code     0  __rtentry2.o(.ARM.Collect$$rtentry$$0000000C)
    __rt_exit                                0x08000333   Thumb Code     0  rtexit.o(.ARM.Collect$$rtexit$$00000000)
    __rt_exit_ls                             0x08000335   Thumb Code     0  rtexit2.o(.ARM.Collect$$rtexit$$00000003)
    __rt_exit_prels_1                        0x08000335   Thumb Code     0  rtexit2.o(.ARM.Collect$$rtexit$$00000002)
    __rt_exit_exit                           0x08000339   Thumb Code     0  rtexit2.o(.ARM.Collect$$rtexit$$00000004)
    Reset_Handler                            0x08000341   Thumb Code     8  startup_stm32h743xx.o(.text)
    ADC3_IRQHandler                          0x0800035b   Thumb Code     0  startup_stm32h743xx.o(.text)
    ADC_IRQHandler                           0x0800035b   Thumb Code     0  startup_stm32h743xx.o(.text)
    BDMA_Channel0_IRQHandler                 0x0800035b   Thumb Code     0  startup_stm32h743xx.o(.text)
    BDMA_Channel1_IRQHandler                 0x0800035b   Thumb Code     0  startup_stm32h743xx.o(.text)
    BDMA_Channel2_IRQHandler                 0x0800035b   Thumb Code     0  startup_stm32h743xx.o(.text)
    BDMA_Channel3_IRQHandler                 0x0800035b   Thumb Code     0  startup_stm32h743xx.o(.text)
    BDMA_Channel4_IRQHandler                 0x0800035b   Thumb Code     0  startup_stm32h743xx.o(.text)
    BDMA_Channel5_IRQHandler                 0x0800035b   Thumb Code     0  startup_stm32h743xx.o(.text)
    BDMA_Channel6_IRQHandler                 0x0800035b   Thumb Code     0  startup_stm32h743xx.o(.text)
    BDMA_Channel7_IRQHandler                 0x0800035b   Thumb Code     0  startup_stm32h743xx.o(.text)
    CEC_IRQHandler                           0x0800035b   Thumb Code     0  startup_stm32h743xx.o(.text)
    COMP1_IRQHandler                         0x0800035b   Thumb Code     0  startup_stm32h743xx.o(.text)
    CRS_IRQHandler                           0x0800035b   Thumb Code     0  startup_stm32h743xx.o(.text)
    DCMI_IRQHandler                          0x0800035b   Thumb Code     0  startup_stm32h743xx.o(.text)
    DFSDM1_FLT0_IRQHandler                   0x0800035b   Thumb Code     0  startup_stm32h743xx.o(.text)
    DFSDM1_FLT1_IRQHandler                   0x0800035b   Thumb Code     0  startup_stm32h743xx.o(.text)
    DFSDM1_FLT2_IRQHandler                   0x0800035b   Thumb Code     0  startup_stm32h743xx.o(.text)
    DFSDM1_FLT3_IRQHandler                   0x0800035b   Thumb Code     0  startup_stm32h743xx.o(.text)
    DMA1_Stream0_IRQHandler                  0x0800035b   Thumb Code     0  startup_stm32h743xx.o(.text)
    DMA1_Stream1_IRQHandler                  0x0800035b   Thumb Code     0  startup_stm32h743xx.o(.text)
    DMA1_Stream2_IRQHandler                  0x0800035b   Thumb Code     0  startup_stm32h743xx.o(.text)
    DMA1_Stream3_IRQHandler                  0x0800035b   Thumb Code     0  startup_stm32h743xx.o(.text)
    DMA1_Stream4_IRQHandler                  0x0800035b   Thumb Code     0  startup_stm32h743xx.o(.text)
    DMA1_Stream5_IRQHandler                  0x0800035b   Thumb Code     0  startup_stm32h743xx.o(.text)
    DMA1_Stream6_IRQHandler                  0x0800035b   Thumb Code     0  startup_stm32h743xx.o(.text)
    DMA1_Stream7_IRQHandler                  0x0800035b   Thumb Code     0  startup_stm32h743xx.o(.text)
    DMA2D_IRQHandler                         0x0800035b   Thumb Code     0  startup_stm32h743xx.o(.text)
    DMA2_Stream0_IRQHandler                  0x0800035b   Thumb Code     0  startup_stm32h743xx.o(.text)
    DMA2_Stream1_IRQHandler                  0x0800035b   Thumb Code     0  startup_stm32h743xx.o(.text)
    DMA2_Stream2_IRQHandler                  0x0800035b   Thumb Code     0  startup_stm32h743xx.o(.text)
    DMA2_Stream3_IRQHandler                  0x0800035b   Thumb Code     0  startup_stm32h743xx.o(.text)
    DMA2_Stream4_IRQHandler                  0x0800035b   Thumb Code     0  startup_stm32h743xx.o(.text)
    DMA2_Stream5_IRQHandler                  0x0800035b   Thumb Code     0  startup_stm32h743xx.o(.text)
    DMA2_Stream6_IRQHandler                  0x0800035b   Thumb Code     0  startup_stm32h743xx.o(.text)
    DMA2_Stream7_IRQHandler                  0x0800035b   Thumb Code     0  startup_stm32h743xx.o(.text)
    DMAMUX1_OVR_IRQHandler                   0x0800035b   Thumb Code     0  startup_stm32h743xx.o(.text)
    DMAMUX2_OVR_IRQHandler                   0x0800035b   Thumb Code     0  startup_stm32h743xx.o(.text)
    ECC_IRQHandler                           0x0800035b   Thumb Code     0  startup_stm32h743xx.o(.text)
    ETH_IRQHandler                           0x0800035b   Thumb Code     0  startup_stm32h743xx.o(.text)
    ETH_WKUP_IRQHandler                      0x0800035b   Thumb Code     0  startup_stm32h743xx.o(.text)
    EXTI0_IRQHandler                         0x0800035b   Thumb Code     0  startup_stm32h743xx.o(.text)
    EXTI15_10_IRQHandler                     0x0800035b   Thumb Code     0  startup_stm32h743xx.o(.text)
    EXTI1_IRQHandler                         0x0800035b   Thumb Code     0  startup_stm32h743xx.o(.text)
    EXTI2_IRQHandler                         0x0800035b   Thumb Code     0  startup_stm32h743xx.o(.text)
    EXTI3_IRQHandler                         0x0800035b   Thumb Code     0  startup_stm32h743xx.o(.text)
    EXTI4_IRQHandler                         0x0800035b   Thumb Code     0  startup_stm32h743xx.o(.text)
    EXTI9_5_IRQHandler                       0x0800035b   Thumb Code     0  startup_stm32h743xx.o(.text)
    FDCAN1_IT0_IRQHandler                    0x0800035b   Thumb Code     0  startup_stm32h743xx.o(.text)
    FDCAN1_IT1_IRQHandler                    0x0800035b   Thumb Code     0  startup_stm32h743xx.o(.text)
    FDCAN2_IT0_IRQHandler                    0x0800035b   Thumb Code     0  startup_stm32h743xx.o(.text)
    FDCAN2_IT1_IRQHandler                    0x0800035b   Thumb Code     0  startup_stm32h743xx.o(.text)
    FDCAN_CAL_IRQHandler                     0x0800035b   Thumb Code     0  startup_stm32h743xx.o(.text)
    FLASH_IRQHandler                         0x0800035b   Thumb Code     0  startup_stm32h743xx.o(.text)
    FMC_IRQHandler                           0x0800035b   Thumb Code     0  startup_stm32h743xx.o(.text)
    FPU_IRQHandler                           0x0800035b   Thumb Code     0  startup_stm32h743xx.o(.text)
    HRTIM1_FLT_IRQHandler                    0x0800035b   Thumb Code     0  startup_stm32h743xx.o(.text)
    HRTIM1_Master_IRQHandler                 0x0800035b   Thumb Code     0  startup_stm32h743xx.o(.text)
    HRTIM1_TIMA_IRQHandler                   0x0800035b   Thumb Code     0  startup_stm32h743xx.o(.text)
    HRTIM1_TIMB_IRQHandler                   0x0800035b   Thumb Code     0  startup_stm32h743xx.o(.text)
    HRTIM1_TIMC_IRQHandler                   0x0800035b   Thumb Code     0  startup_stm32h743xx.o(.text)
    HRTIM1_TIMD_IRQHandler                   0x0800035b   Thumb Code     0  startup_stm32h743xx.o(.text)
    HRTIM1_TIME_IRQHandler                   0x0800035b   Thumb Code     0  startup_stm32h743xx.o(.text)
    HSEM1_IRQHandler                         0x0800035b   Thumb Code     0  startup_stm32h743xx.o(.text)
    I2C1_ER_IRQHandler                       0x0800035b   Thumb Code     0  startup_stm32h743xx.o(.text)
    I2C1_EV_IRQHandler                       0x0800035b   Thumb Code     0  startup_stm32h743xx.o(.text)
    I2C2_ER_IRQHandler                       0x0800035b   Thumb Code     0  startup_stm32h743xx.o(.text)
    I2C2_EV_IRQHandler                       0x0800035b   Thumb Code     0  startup_stm32h743xx.o(.text)
    I2C3_ER_IRQHandler                       0x0800035b   Thumb Code     0  startup_stm32h743xx.o(.text)
    I2C3_EV_IRQHandler                       0x0800035b   Thumb Code     0  startup_stm32h743xx.o(.text)
    I2C4_ER_IRQHandler                       0x0800035b   Thumb Code     0  startup_stm32h743xx.o(.text)
    I2C4_EV_IRQHandler                       0x0800035b   Thumb Code     0  startup_stm32h743xx.o(.text)
    JPEG_IRQHandler                          0x0800035b   Thumb Code     0  startup_stm32h743xx.o(.text)
    LPTIM1_IRQHandler                        0x0800035b   Thumb Code     0  startup_stm32h743xx.o(.text)
    LPTIM2_IRQHandler                        0x0800035b   Thumb Code     0  startup_stm32h743xx.o(.text)
    LPTIM3_IRQHandler                        0x0800035b   Thumb Code     0  startup_stm32h743xx.o(.text)
    LPTIM4_IRQHandler                        0x0800035b   Thumb Code     0  startup_stm32h743xx.o(.text)
    LPTIM5_IRQHandler                        0x0800035b   Thumb Code     0  startup_stm32h743xx.o(.text)
    LPUART1_IRQHandler                       0x0800035b   Thumb Code     0  startup_stm32h743xx.o(.text)
    LTDC_ER_IRQHandler                       0x0800035b   Thumb Code     0  startup_stm32h743xx.o(.text)
    LTDC_IRQHandler                          0x0800035b   Thumb Code     0  startup_stm32h743xx.o(.text)
    MDIOS_IRQHandler                         0x0800035b   Thumb Code     0  startup_stm32h743xx.o(.text)
    MDIOS_WKUP_IRQHandler                    0x0800035b   Thumb Code     0  startup_stm32h743xx.o(.text)
    MDMA_IRQHandler                          0x0800035b   Thumb Code     0  startup_stm32h743xx.o(.text)
    OTG_FS_EP1_IN_IRQHandler                 0x0800035b   Thumb Code     0  startup_stm32h743xx.o(.text)
    OTG_FS_EP1_OUT_IRQHandler                0x0800035b   Thumb Code     0  startup_stm32h743xx.o(.text)
    OTG_FS_IRQHandler                        0x0800035b   Thumb Code     0  startup_stm32h743xx.o(.text)
    OTG_FS_WKUP_IRQHandler                   0x0800035b   Thumb Code     0  startup_stm32h743xx.o(.text)
    OTG_HS_EP1_IN_IRQHandler                 0x0800035b   Thumb Code     0  startup_stm32h743xx.o(.text)
    OTG_HS_EP1_OUT_IRQHandler                0x0800035b   Thumb Code     0  startup_stm32h743xx.o(.text)
    OTG_HS_IRQHandler                        0x0800035b   Thumb Code     0  startup_stm32h743xx.o(.text)
    OTG_HS_WKUP_IRQHandler                   0x0800035b   Thumb Code     0  startup_stm32h743xx.o(.text)
    PVD_AVD_IRQHandler                       0x0800035b   Thumb Code     0  startup_stm32h743xx.o(.text)
    QUADSPI_IRQHandler                       0x0800035b   Thumb Code     0  startup_stm32h743xx.o(.text)
    RCC_IRQHandler                           0x0800035b   Thumb Code     0  startup_stm32h743xx.o(.text)
    RNG_IRQHandler                           0x0800035b   Thumb Code     0  startup_stm32h743xx.o(.text)
    RTC_Alarm_IRQHandler                     0x0800035b   Thumb Code     0  startup_stm32h743xx.o(.text)
    RTC_WKUP_IRQHandler                      0x0800035b   Thumb Code     0  startup_stm32h743xx.o(.text)
    SAI1_IRQHandler                          0x0800035b   Thumb Code     0  startup_stm32h743xx.o(.text)
    SAI2_IRQHandler                          0x0800035b   Thumb Code     0  startup_stm32h743xx.o(.text)
    SAI3_IRQHandler                          0x0800035b   Thumb Code     0  startup_stm32h743xx.o(.text)
    SAI4_IRQHandler                          0x0800035b   Thumb Code     0  startup_stm32h743xx.o(.text)
    SDMMC1_IRQHandler                        0x0800035b   Thumb Code     0  startup_stm32h743xx.o(.text)
    SDMMC2_IRQHandler                        0x0800035b   Thumb Code     0  startup_stm32h743xx.o(.text)
    SPDIF_RX_IRQHandler                      0x0800035b   Thumb Code     0  startup_stm32h743xx.o(.text)
    SPI1_IRQHandler                          0x0800035b   Thumb Code     0  startup_stm32h743xx.o(.text)
    SPI2_IRQHandler                          0x0800035b   Thumb Code     0  startup_stm32h743xx.o(.text)
    SPI3_IRQHandler                          0x0800035b   Thumb Code     0  startup_stm32h743xx.o(.text)
    SPI4_IRQHandler                          0x0800035b   Thumb Code     0  startup_stm32h743xx.o(.text)
    SPI5_IRQHandler                          0x0800035b   Thumb Code     0  startup_stm32h743xx.o(.text)
    SPI6_IRQHandler                          0x0800035b   Thumb Code     0  startup_stm32h743xx.o(.text)
    SWPMI1_IRQHandler                        0x0800035b   Thumb Code     0  startup_stm32h743xx.o(.text)
    TAMP_STAMP_IRQHandler                    0x0800035b   Thumb Code     0  startup_stm32h743xx.o(.text)
    TIM15_IRQHandler                         0x0800035b   Thumb Code     0  startup_stm32h743xx.o(.text)
    TIM16_IRQHandler                         0x0800035b   Thumb Code     0  startup_stm32h743xx.o(.text)
    TIM17_IRQHandler                         0x0800035b   Thumb Code     0  startup_stm32h743xx.o(.text)
    TIM1_BRK_IRQHandler                      0x0800035b   Thumb Code     0  startup_stm32h743xx.o(.text)
    TIM1_CC_IRQHandler                       0x0800035b   Thumb Code     0  startup_stm32h743xx.o(.text)
    TIM1_TRG_COM_IRQHandler                  0x0800035b   Thumb Code     0  startup_stm32h743xx.o(.text)
    TIM1_UP_IRQHandler                       0x0800035b   Thumb Code     0  startup_stm32h743xx.o(.text)
    TIM2_IRQHandler                          0x0800035b   Thumb Code     0  startup_stm32h743xx.o(.text)
    TIM3_IRQHandler                          0x0800035b   Thumb Code     0  startup_stm32h743xx.o(.text)
    TIM4_IRQHandler                          0x0800035b   Thumb Code     0  startup_stm32h743xx.o(.text)
    TIM5_IRQHandler                          0x0800035b   Thumb Code     0  startup_stm32h743xx.o(.text)
    TIM6_DAC_IRQHandler                      0x0800035b   Thumb Code     0  startup_stm32h743xx.o(.text)
    TIM7_IRQHandler                          0x0800035b   Thumb Code     0  startup_stm32h743xx.o(.text)
    TIM8_BRK_TIM12_IRQHandler                0x0800035b   Thumb Code     0  startup_stm32h743xx.o(.text)
    TIM8_CC_IRQHandler                       0x0800035b   Thumb Code     0  startup_stm32h743xx.o(.text)
    TIM8_TRG_COM_TIM14_IRQHandler            0x0800035b   Thumb Code     0  startup_stm32h743xx.o(.text)
    TIM8_UP_TIM13_IRQHandler                 0x0800035b   Thumb Code     0  startup_stm32h743xx.o(.text)
    UART4_IRQHandler                         0x0800035b   Thumb Code     0  startup_stm32h743xx.o(.text)
    UART5_IRQHandler                         0x0800035b   Thumb Code     0  startup_stm32h743xx.o(.text)
    UART7_IRQHandler                         0x0800035b   Thumb Code     0  startup_stm32h743xx.o(.text)
    UART8_IRQHandler                         0x0800035b   Thumb Code     0  startup_stm32h743xx.o(.text)
    USART1_IRQHandler                        0x0800035b   Thumb Code     0  startup_stm32h743xx.o(.text)
    USART2_IRQHandler                        0x0800035b   Thumb Code     0  startup_stm32h743xx.o(.text)
    USART6_IRQHandler                        0x0800035b   Thumb Code     0  startup_stm32h743xx.o(.text)
    WAKEUP_PIN_IRQHandler                    0x0800035b   Thumb Code     0  startup_stm32h743xx.o(.text)
    WWDG_IRQHandler                          0x0800035b   Thumb Code     0  startup_stm32h743xx.o(.text)
    __user_initial_stackheap                 0x0800035d   Thumb Code     0  startup_stm32h743xx.o(.text)
    malloc                                   0x08000381   Thumb Code    94  h1_alloc.o(.text)
    free                                     0x080003df   Thumb Code    78  h1_free.o(.text)
    __aeabi_uldivmod                         0x0800042d   Thumb Code     0  lludivv7m.o(.text)
    _ll_udiv                                 0x0800042d   Thumb Code   240  lludivv7m.o(.text)
    __aeabi_memcpy                           0x0800051d   Thumb Code     0  rt_memcpy_v6.o(.text)
    __rt_memcpy                              0x0800051d   Thumb Code   138  rt_memcpy_v6.o(.text)
    _memcpy_lastbytes                        0x08000583   Thumb Code     0  rt_memcpy_v6.o(.text)
    __aeabi_memclr4                          0x080005a7   Thumb Code     0  rt_memclr_w.o(.text)
    __aeabi_memclr8                          0x080005a7   Thumb Code     0  rt_memclr_w.o(.text)
    __rt_memclr_w                            0x080005a7   Thumb Code     0  rt_memclr_w.o(.text)
    _memset_w                                0x080005ab   Thumb Code    74  rt_memclr_w.o(.text)
    __use_two_region_memory                  0x080005f5   Thumb Code     2  heapauxi.o(.text)
    __rt_heap_escrow                         0x080005f7   Thumb Code     2  heapauxi.o(.text)
    __rt_heap_expand                         0x080005f9   Thumb Code     2  heapauxi.o(.text)
    __rt_heap_descriptor                     0x080005fd   Thumb Code     8  rt_heap_descriptor_intlibspace.o(.text)
    __use_no_heap                            0x08000605   Thumb Code     2  hguard.o(.text)
    __heap$guard                             0x08000607   Thumb Code     2  hguard.o(.text)
    _terminate_user_alloc                    0x08000609   Thumb Code     2  init_alloc.o(.text)
    _init_user_alloc                         0x0800060b   Thumb Code     2  init_alloc.o(.text)
    __Heap_Full                              0x0800060d   Thumb Code    34  init_alloc.o(.text)
    __Heap_Broken                            0x0800062f   Thumb Code     6  init_alloc.o(.text)
    _init_alloc                              0x08000635   Thumb Code    94  init_alloc.o(.text)
    __Heap_Initialize                        0x08000693   Thumb Code    10  h1_init.o(.text)
    __Heap_DescSize                          0x0800069d   Thumb Code     4  h1_init.o(.text)
    __aeabi_memcpy4                          0x080006a1   Thumb Code     0  rt_memcpy_w.o(.text)
    __aeabi_memcpy8                          0x080006a1   Thumb Code     0  rt_memcpy_w.o(.text)
    __rt_memcpy_w                            0x080006a1   Thumb Code   100  rt_memcpy_w.o(.text)
    _memcpy_lastbytes_aligned                0x080006e9   Thumb Code     0  rt_memcpy_w.o(.text)
    __user_libspace                          0x08000705   Thumb Code     8  libspace.o(.text)
    __user_perproc_libspace                  0x08000705   Thumb Code     0  libspace.o(.text)
    __user_perthread_libspace                0x08000705   Thumb Code     0  libspace.o(.text)
    __Heap_ProvideMemory                     0x0800070d   Thumb Code    52  h1_extend.o(.text)
    _maybe_terminate_alloc                   0x0800070d   Thumb Code     0  maybetermalloc1.o(.text)
    __rt_SIGRTMEM                            0x08000741   Thumb Code    14  defsig_rtmem_outer.o(.text)
    __I$use$semihosting                      0x0800074f   Thumb Code     0  use_no_semi.o(.text)
    __use_no_semihosting_swi                 0x0800074f   Thumb Code     2  use_no_semi.o(.text)
    __semihosting_library_function           0x08000751   Thumb Code     0  indicate_semi.o(.text)
    __user_setup_stackheap                   0x08000751   Thumb Code    74  sys_stackheap_outer.o(.text)
    exit                                     0x0800079b   Thumb Code    18  exit.o(.text)
    __sig_exit                               0x080007ad   Thumb Code    10  defsig_exit.o(.text)
    __rt_SIGRTMEM_inner                      0x080007b9   Thumb Code    22  defsig_rtmem_inner.o(.text)
    _sys_exit                                0x08000809   Thumb Code     8  sys_exit.o(.text)
    __default_signal_display                 0x08000815   Thumb Code    50  defsig_general.o(.text)
    _ttywrch                                 0x08000847   Thumb Code    14  sys_wrch.o(.text)
    BusFault_Handler                         0x08000859   Thumb Code     2  stm32h7xx_it.o(.text.BusFault_Handler)
    CRC32                                    0x08000861   Thumb Code   368  crc32.o(.text.CRC32)
    DS3231_GetDate                           0x080009d1   Thumb Code    76  ds3231_for_stm32_hal.o(.text.DS3231_GetDate)
    DS3231_GetDayOfWeek                      0x08000a21   Thumb Code    76  ds3231_for_stm32_hal.o(.text.DS3231_GetDayOfWeek)
    DS3231_GetHour                           0x08000a71   Thumb Code    76  ds3231_for_stm32_hal.o(.text.DS3231_GetHour)
    DS3231_GetMinute                         0x08000ac1   Thumb Code    76  ds3231_for_stm32_hal.o(.text.DS3231_GetMinute)
    DS3231_GetMonth                          0x08000b11   Thumb Code    76  ds3231_for_stm32_hal.o(.text.DS3231_GetMonth)
    DS3231_GetSecond                         0x08000b61   Thumb Code    76  ds3231_for_stm32_hal.o(.text.DS3231_GetSecond)
    DS3231_GetYear                           0x08000bb1   Thumb Code   130  ds3231_for_stm32_hal.o(.text.DS3231_GetYear)
    DS3231_Init                              0x08000c39   Thumb Code    12  ds3231_for_stm32_hal.o(.text.DS3231_Init)
    DS3231_SetDate                           0x08000c49   Thumb Code    66  ds3231_for_stm32_hal.o(.text.DS3231_SetDate)
    DS3231_SetDayOfWeek                      0x08000c91   Thumb Code    66  ds3231_for_stm32_hal.o(.text.DS3231_SetDayOfWeek)
    DS3231_SetHour                           0x08000cd9   Thumb Code    70  ds3231_for_stm32_hal.o(.text.DS3231_SetHour)
    DS3231_SetMinute                         0x08000d21   Thumb Code    66  ds3231_for_stm32_hal.o(.text.DS3231_SetMinute)
    DS3231_SetMonth                          0x08000d69   Thumb Code   108  ds3231_for_stm32_hal.o(.text.DS3231_SetMonth)
    DS3231_SetSecond                         0x08000dd9   Thumb Code    66  ds3231_for_stm32_hal.o(.text.DS3231_SetSecond)
    DS3231_SetYear                           0x08000e21   Thumb Code   158  ds3231_for_stm32_hal.o(.text.DS3231_SetYear)
    DebugMon_Handler                         0x08000ec1   Thumb Code     2  stm32h7xx_it.o(.text.DebugMon_Handler)
    Error_Handler                            0x08000ec9   Thumb Code   256  main.o(.text.Error_Handler)
    HAL_DMA_Abort                            0x08000fc9   Thumb Code  1326  stm32h7xx_hal_dma.o(.text.HAL_DMA_Abort)
    HAL_DMA_Abort_IT                         0x080014f9   Thumb Code   698  stm32h7xx_hal_dma.o(.text.HAL_DMA_Abort_IT)
    HAL_Delay                                0x080017b9   Thumb Code    40  stm32h7xx_hal.o(.text.HAL_Delay)
    HAL_FLASH_Lock                           0x080017e1   Thumb Code    48  stm32h7xx_hal_flash.o(.text.HAL_FLASH_Lock)
    HAL_FLASH_Unlock                         0x08001811   Thumb Code    88  stm32h7xx_hal_flash.o(.text.HAL_FLASH_Unlock)
    HAL_GPIO_Init                            0x08001869   Thumb Code   486  stm32h7xx_hal_gpio.o(.text.HAL_GPIO_Init)
    HAL_GPIO_TogglePin                       0x08001a51   Thumb Code    16  stm32h7xx_hal_gpio.o(.text.HAL_GPIO_TogglePin)
    HAL_GPIO_WritePin                        0x08001a61   Thumb Code    10  stm32h7xx_hal_gpio.o(.text.HAL_GPIO_WritePin)
    HAL_GetREVID                             0x08001a71   Thumb Code    14  stm32h7xx_hal.o(.text.HAL_GetREVID)
    HAL_GetTick                              0x08001a81   Thumb Code    12  stm32h7xx_hal.o(.text.HAL_GetTick)
    HAL_I2CEx_ConfigAnalogFilter             0x08001a91   Thumb Code    74  stm32h7xx_hal_i2c_ex.o(.text.HAL_I2CEx_ConfigAnalogFilter)
    HAL_I2CEx_ConfigDigitalFilter            0x08001ae1   Thumb Code    72  stm32h7xx_hal_i2c_ex.o(.text.HAL_I2CEx_ConfigDigitalFilter)
    HAL_I2C_Init                             0x08001b29   Thumb Code   162  stm32h7xx_hal_i2c.o(.text.HAL_I2C_Init)
    HAL_I2C_Master_Receive                   0x08001bd1   Thumb Code   508  stm32h7xx_hal_i2c.o(.text.HAL_I2C_Master_Receive)
    HAL_I2C_Master_Transmit                  0x08001dd1   Thumb Code   516  stm32h7xx_hal_i2c.o(.text.HAL_I2C_Master_Transmit)
    HAL_I2C_MspInit                          0x08001fd9   Thumb Code   134  stm32h7xx_hal_msp.o(.text.HAL_I2C_MspInit)
    HAL_IncTick                              0x08002061   Thumb Code    26  stm32h7xx_hal.o(.text.HAL_IncTick)
    HAL_Init                                 0x08002081   Thumb Code   100  stm32h7xx_hal.o(.text.HAL_Init)
    HAL_InitTick                             0x080020e9   Thumb Code    76  stm32h7xx_hal.o(.text.HAL_InitTick)
    HAL_MspInit                              0x08002139   Thumb Code    32  stm32h7xx_hal_msp.o(.text.HAL_MspInit)
    HAL_NVIC_EnableIRQ                       0x08002159   Thumb Code    32  stm32h7xx_hal_cortex.o(.text.HAL_NVIC_EnableIRQ)
    HAL_NVIC_SetPriority                     0x08002179   Thumb Code    92  stm32h7xx_hal_cortex.o(.text.HAL_NVIC_SetPriority)
    HAL_NVIC_SetPriorityGrouping             0x080021d9   Thumb Code    32  stm32h7xx_hal_cortex.o(.text.HAL_NVIC_SetPriorityGrouping)
    HAL_PCDEx_ActivateLPM                    0x080021f9   Thumb Code    38  stm32h7xx_hal_pcd_ex.o(.text.HAL_PCDEx_ActivateLPM)
    HAL_PCD_Init                             0x08002221   Thumb Code   326  stm32h7xx_hal_pcd.o(.text.HAL_PCD_Init)
    HAL_PCD_MspInit                          0x08002369   Thumb Code   162  stm32h7xx_hal_msp.o(.text.HAL_PCD_MspInit)
    HAL_PWREx_ConfigSupply                   0x08002411   Thumb Code    76  stm32h7xx_hal_pwr_ex.o(.text.HAL_PWREx_ConfigSupply)
    HAL_PWREx_EnableUSBVoltageDetector       0x08002461   Thumb Code    18  stm32h7xx_hal_pwr_ex.o(.text.HAL_PWREx_EnableUSBVoltageDetector)
    HAL_RCCEx_GetD3PCLK1Freq                 0x08002479   Thumb Code    38  stm32h7xx_hal_rcc_ex.o(.text.HAL_RCCEx_GetD3PCLK1Freq)
    HAL_RCCEx_GetPLL2ClockFreq               0x080024a1   Thumb Code   300  stm32h7xx_hal_rcc_ex.o(.text.HAL_RCCEx_GetPLL2ClockFreq)
    HAL_RCCEx_GetPLL3ClockFreq               0x080025d1   Thumb Code   300  stm32h7xx_hal_rcc_ex.o(.text.HAL_RCCEx_GetPLL3ClockFreq)
    HAL_RCCEx_PeriphCLKConfig                0x08002701   Thumb Code  3172  stm32h7xx_hal_rcc_ex.o(.text.HAL_RCCEx_PeriphCLKConfig)
    HAL_RCC_ClockConfig                      0x08003369   Thumb Code   616  stm32h7xx_hal_rcc.o(.text.HAL_RCC_ClockConfig)
    HAL_RCC_GetHCLKFreq                      0x080035d1   Thumb Code    76  stm32h7xx_hal_rcc.o(.text.HAL_RCC_GetHCLKFreq)
    HAL_RCC_GetPCLK1Freq                     0x08003621   Thumb Code    96  stm32h7xx_hal_rcc.o(.text.HAL_RCC_GetPCLK1Freq)
    HAL_RCC_GetPCLK2Freq                     0x08003681   Thumb Code    96  stm32h7xx_hal_rcc.o(.text.HAL_RCC_GetPCLK2Freq)
    HAL_RCC_GetSysClockFreq                  0x080036e1   Thumb Code   276  stm32h7xx_hal_rcc.o(.text.HAL_RCC_GetSysClockFreq)
    HAL_RCC_OscConfig                        0x080037f9   Thumb Code  1306  stm32h7xx_hal_rcc.o(.text.HAL_RCC_OscConfig)
    HAL_RTCEx_SetCalibrationOutPut           0x08003d19   Thumb Code    68  stm32h7xx_hal_rtc_ex.o(.text.HAL_RTCEx_SetCalibrationOutPut)
    HAL_RTC_GetDate                          0x08003d61   Thumb Code   104  stm32h7xx_hal_rtc.o(.text.HAL_RTC_GetDate)
    HAL_RTC_GetTime                          0x08003dc9   Thumb Code   116  stm32h7xx_hal_rtc.o(.text.HAL_RTC_GetTime)
    HAL_RTC_Init                             0x08003e41   Thumb Code   196  stm32h7xx_hal_rtc.o(.text.HAL_RTC_Init)
    HAL_RTC_MspInit                          0x08003f09   Thumb Code   128  stm32h7xx_hal_msp.o(.text.HAL_RTC_MspInit)
    HAL_RTC_SetDate                          0x08003f89   Thumb Code   336  stm32h7xx_hal_rtc.o(.text.HAL_RTC_SetDate)
    HAL_RTC_SetTime                          0x080040d9   Thumb Code   392  stm32h7xx_hal_rtc.o(.text.HAL_RTC_SetTime)
    HAL_SYSTICK_Config                       0x08004261   Thumb Code    46  stm32h7xx_hal_cortex.o(.text.HAL_SYSTICK_Config)
    HAL_UARTEx_DisableFifoMode               0x08004291   Thumb Code    54  stm32h7xx_hal_uart_ex.o(.text.HAL_UARTEx_DisableFifoMode)
    HAL_UARTEx_RxEventCallback               0x080042c9   Thumb Code     2  stm32h7xx_hal_uart.o(.text.HAL_UARTEx_RxEventCallback)
    HAL_UARTEx_RxFifoFullCallback            0x080042d1   Thumb Code     2  stm32h7xx_hal_uart_ex.o(.text.HAL_UARTEx_RxFifoFullCallback)
    HAL_UARTEx_SetRxFifoThreshold            0x080042d9   Thumb Code   144  stm32h7xx_hal_uart_ex.o(.text.HAL_UARTEx_SetRxFifoThreshold)
    HAL_UARTEx_SetTxFifoThreshold            0x08004369   Thumb Code   144  stm32h7xx_hal_uart_ex.o(.text.HAL_UARTEx_SetTxFifoThreshold)
    HAL_UARTEx_TxFifoEmptyCallback           0x080043f9   Thumb Code     2  stm32h7xx_hal_uart_ex.o(.text.HAL_UARTEx_TxFifoEmptyCallback)
    HAL_UARTEx_WakeupCallback                0x08004401   Thumb Code     2  stm32h7xx_hal_uart_ex.o(.text.HAL_UARTEx_WakeupCallback)
    HAL_UART_ErrorCallback                   0x08004409   Thumb Code     2  stm32h7xx_hal_uart.o(.text.HAL_UART_ErrorCallback)
    HAL_UART_IRQHandler                      0x08004411   Thumb Code  1626  stm32h7xx_hal_uart.o(.text.HAL_UART_IRQHandler)
    HAL_UART_Init                            0x08004a71   Thumb Code   198  stm32h7xx_hal_uart.o(.text.HAL_UART_Init)
    HAL_UART_MspInit                         0x08004b39   Thumb Code   204  stm32h7xx_hal_msp.o(.text.HAL_UART_MspInit)
    HAL_UART_Receive                         0x08004c09   Thumb Code   256  stm32h7xx_hal_uart.o(.text.HAL_UART_Receive)
    HAL_UART_Receive_IT                      0x08004d09   Thumb Code   184  stm32h7xx_hal_uart.o(.text.HAL_UART_Receive_IT)
    HAL_UART_RxCpltCallback                  0x08004dc1   Thumb Code    14  rdefuart.o(.text.HAL_UART_RxCpltCallback)
    HAL_UART_Transmit_IT                     0x08004dd1   Thumb Code   320  stm32h7xx_hal_uart.o(.text.HAL_UART_Transmit_IT)
    HAL_UART_TxCpltCallback                  0x08004f11   Thumb Code     2  stm32h7xx_hal_uart.o(.text.HAL_UART_TxCpltCallback)
    HardFault_Handler                        0x08004f19   Thumb Code     2  stm32h7xx_it.o(.text.HardFault_Handler)
    InitBlockInfo                            0x080051c1   Thumb Code    28  ring_prot.o(.text.InitBlockInfo)
    InitExchSchedCom                         0x080051e1   Thumb Code    20  ring_prot.o(.text.InitExchSchedCom)
    InitRingEndSched                         0x080051f9   Thumb Code    28  ring_prot.o(.text.InitRingEndSched)
    InitRingState                            0x08005219   Thumb Code    30  ring_prot.o(.text.InitRingState)
    InitRingSyncTime                         0x08005239   Thumb Code    30  ring_prot.o(.text.InitRingSyncTime)
    InitRingTransfer                         0x08005259   Thumb Code    30  ring_prot.o(.text.InitRingTransfer)
    MemManage_Handler                        0x08005279   Thumb Code     2  stm32h7xx_it.o(.text.MemManage_Handler)
    NMI_Handler                              0x08005281   Thumb Code     2  stm32h7xx_it.o(.text.NMI_Handler)
    PendSV_Handler                           0x08005289   Thumb Code     2  stm32h7xx_it.o(.text.PendSV_Handler)
    RTC_ExitInitMode                         0x080054e1   Thumb Code   148  stm32h7xx_hal_rtc.o(.text.RTC_ExitInitMode)
    RingInitHead                             0x08005579   Thumb Code    12  ring_prot.o(.text.RingInitHead)
    SVC_Handler                              0x08005589   Thumb Code     2  stm32h7xx_it.o(.text.SVC_Handler)
    SetIdleData                              0x08005591   Thumb Code    12  ring_prot.o(.text.SetIdleData)
    SetRingError                             0x080055a1   Thumb Code    14  ring_prot.o(.text.SetRingError)
    SysTick_Handler                          0x080055b1   Thumb Code     4  stm32h7xx_it.o(.text.SysTick_Handler)
    SystemClock_Config                       0x080055b9   Thumb Code   208  main.o(.text.SystemClock_Config)
    SystemInit                               0x08005689   Thumb Code   204  system_stm32h7xx.o(.text.SystemInit)
    UART_AdvFeatureConfig                    0x08005759   Thumb Code   224  stm32h7xx_hal_uart.o(.text.UART_AdvFeatureConfig)
    UART_SetConfig                           0x080060a1   Thumb Code  1196  stm32h7xx_hal_uart.o(.text.UART_SetConfig)
    UART_Start_Receive_IT                    0x08006559   Thumb Code   668  stm32h7xx_hal_uart.o(.text.UART_Start_Receive_IT)
    UART_WaitOnFlagUntilTimeout              0x08006b71   Thumb Code   550  stm32h7xx_hal_uart.o(.text.UART_WaitOnFlagUntilTimeout)
    USART3_IRQHandler                        0x08006d99   Thumb Code    12  stm32h7xx_it.o(.text.USART3_IRQHandler)
    USB_CoreInit                             0x08006da9   Thumb Code   516  stm32h7xx_ll_usb.o(.text.USB_CoreInit)
    USB_DevDisconnect                        0x08006fb1   Thumb Code    30  stm32h7xx_ll_usb.o(.text.USB_DevDisconnect)
    USB_DevInit                              0x08006fd1   Thumb Code  1150  stm32h7xx_ll_usb.o(.text.USB_DevInit)
    USB_DisableGlobalInt                     0x08007451   Thumb Code    14  stm32h7xx_ll_usb.o(.text.USB_DisableGlobalInt)
    USB_SetCurrentMode                       0x08007461   Thumb Code   100  stm32h7xx_ll_usb.o(.text.USB_SetCurrentMode)
    UsageFault_Handler                       0x080074c9   Thumb Code     2  stm32h7xx_it.o(.text.UsageFault_Handler)
    main                                     0x080074d1   Thumb Code  3058  main.o(.text.main)
    _fp_init                                 0x080080c3   Thumb Code    26  fpinit.o(x$fpl$fpinit)
    __fplib_config_fpu_vfp                   0x080080db   Thumb Code     0  fpinit.o(x$fpl$fpinit)
    __fplib_config_pureend_doubles           0x080080db   Thumb Code     0  fpinit.o(x$fpl$fpinit)
    D1CorePrescTable                         0x080080e8   Data          16  system_stm32h7xx.o(.rodata.D1CorePrescTable)
    UARTPrescTable                           0x080080f8   Data          24  stm32h7xx_hal_uart.o(.rodata.UARTPrescTable)
    Region$$Table$$Base                      0x08008120   Number         0  anon$$obj.o(Region$$Table)
    Region$$Table$$Limit                     0x08008140   Number         0  anon$$obj.o(Region$$Table)
    uwTickFreq                               0x24000000   Data           1  stm32h7xx_hal.o(.data..L_MergedGlobals)
    uwTickPrio                               0x24000004   Data           4  stm32h7xx_hal.o(.data..L_MergedGlobals)
    SystemCoreClock                          0x24000008   Data           4  system_stm32h7xx.o(.data..L_MergedGlobals)
    SystemD2Clock                            0x2400000c   Data           4  system_stm32h7xx.o(.data..L_MergedGlobals)
    __libspace_start                         0x24000010   Data          96  libspace.o(.bss)
    UartReady                                0x24000070   Data           1  main.o(.bss..L_MergedGlobals)
    __temporary_stack_top$libspace           0x24000070   Data           0  libspace.o(.bss)
    WorkMode                                 0x24000071   Data           1  main.o(.bss..L_MergedGlobals)
    IOState                                  0x24000072   Data           1  main.o(.bss..L_MergedGlobals)
    busy_time                                0x24000073   Data           1  main.o(.bss..L_MergedGlobals)
    today_day                                0x24000074   Data           1  main.o(.bss..L_MergedGlobals)
    link_time                                0x24000075   Data           1  main.o(.bss..L_MergedGlobals)
    answer_index                             0x24000076   Data           1  main.o(.bss..L_MergedGlobals)
    buf_head                                 0x24000077   Data           1  main.o(.bss..L_MergedGlobals)
    NowYear                                  0x24000078   Data           2  main.o(.bss..L_MergedGlobals)
    number_block                             0x2400007a   Data           2  main.o(.bss..L_MergedGlobals)
    block_size                               0x2400007c   Data           2  main.o(.bss..L_MergedGlobals)
    KvHead                                   0x24000080   Data           4  main.o(.bss..L_MergedGlobals)
    RMessHead                                0x24000084   Data           4  main.o(.bss..L_MergedGlobals)
    Schedule                                 0x24000088   Data           4  main.o(.bss..L_MergedGlobals)
    schedule_size                            0x2400008c   Data           4  main.o(.bss..L_MergedGlobals)
    schedule_crc32                           0x24000090   Data           4  main.o(.bss..L_MergedGlobals)
    schedule_addr                            0x24000094   Data           4  main.o(.bss..L_MergedGlobals)
    schedule_size_addr                       0x24000098   Data           4  main.o(.bss..L_MergedGlobals)
    RingState                                0x2400009c   Data           4  main.o(.bss..L_MergedGlobals)
    NowDate                                  0x240000a0   Data           4  main.o(.bss..L_MergedGlobals)
    block_crc32                              0x240000a4   Data           4  main.o(.bss..L_MergedGlobals)
    get_crc32                                0x240000a8   Data           4  main.o(.bss..L_MergedGlobals)
    PCDate                                   0x240000ac   Data           4  main.o(.bss..L_MergedGlobals)
    kvRingBlockInfo                          0x240000b0   Data          12  main.o(.bss..L_MergedGlobals)
    kvcod_sched_info                         0x240000bc   Data          12  main.o(.bss..L_MergedGlobals)
    kvEndBlockInfo                           0x240000c8   Data          12  main.o(.bss..L_MergedGlobals)
    cod_sched_info                           0x240000d4   Data          12  main.o(.bss..L_MergedGlobals)
    RingBlockInfo                            0x240000e0   Data          12  main.o(.bss..L_MergedGlobals)
    NowTime                                  0x240000ec   Data          20  main.o(.bss..L_MergedGlobals.1)
    RingStatus                               0x24000100   Data          20  main.o(.bss..L_MergedGlobals.1)
    PCSyncTime                               0x24000114   Data          20  main.o(.bss..L_MergedGlobals.1)
    PCTime                                   0x24000128   Data          20  main.o(.bss..L_MergedGlobals.1)
    kvPCSyncTime                             0x2400013c   Data          20  main.o(.bss..L_MergedGlobals.1)
    hrtc                                     0x24000150   Data          36  main.o(.bss..L_MergedGlobals.2)
    hi2c1                                    0x24000174   Data          76  main.o(.bss..L_MergedGlobals.2)
    _ds3231_ui2c                             0x240001c0   Data           4  ds3231_for_stm32_hal.o(.bss._ds3231_ui2c)
    hpcd_USB_OTG_FS                          0x240001c4   Data        1292  main.o(.bss.hpcd_USB_OTG_FS)
    huart3                                   0x240006d0   Data         144  main.o(.bss.huart3)
    io_buf                                   0x24000760   Data         128  main.o(.bss.io_buf)
    uwTick                                   0x240007e0   Data           4  stm32h7xx_hal.o(.bss.uwTick)



==============================================================================

Memory Map of the image

  Image Entry point : 0x08000299

  Load Region LR_IROM1 (Base: 0x08000000, Size: 0x00008150, Max: 0x00200000, ABSOLUTE)

    Execution Region ER_IROM1 (Exec base: 0x08000000, Load base: 0x08000000, Size: 0x00008140, Max: 0x00200000, ABSOLUTE)

    Exec Addr    Load Addr    Size         Type   Attr      Idx    E Section Name        Object

    0x08000000   0x08000000   0x00000298   Data   RO            3    RESET               startup_stm32h743xx.o
    0x08000298   0x08000298   0x00000008   Code   RO         1697  * !!!main             c_w.l(__main.o)
    0x080002a0   0x080002a0   0x00000034   Code   RO         1918    !!!scatter          c_w.l(__scatter.o)
    0x080002d4   0x080002d4   0x0000001a   Code   RO         1920    !!handler_copy      c_w.l(__scatter_copy.o)
    0x080002ee   0x080002ee   0x00000002   PAD
    0x080002f0   0x080002f0   0x0000001c   Code   RO         1922    !!handler_zi        c_w.l(__scatter_zi.o)
    0x0800030c   0x0800030c   0x00000002   Code   RO         1853    .ARM.Collect$$libinit$$00000000  c_w.l(libinit.o)
    0x0800030e   0x0800030e   0x00000004   Code   RO         1735    .ARM.Collect$$libinit$$00000001  c_w.l(libinit2.o)
    0x08000312   0x08000312   0x00000000   Code   RO         1738    .ARM.Collect$$libinit$$00000004  c_w.l(libinit2.o)
    0x08000312   0x08000312   0x00000000   Code   RO         1740    .ARM.Collect$$libinit$$00000006  c_w.l(libinit2.o)
    0x08000312   0x08000312   0x00000008   Code   RO         1741    .ARM.Collect$$libinit$$00000007  c_w.l(libinit2.o)
    0x0800031a   0x0800031a   0x00000000   Code   RO         1743    .ARM.Collect$$libinit$$0000000C  c_w.l(libinit2.o)
    0x0800031a   0x0800031a   0x00000000   Code   RO         1745    .ARM.Collect$$libinit$$0000000E  c_w.l(libinit2.o)
    0x0800031a   0x0800031a   0x00000000   Code   RO         1747    .ARM.Collect$$libinit$$00000010  c_w.l(libinit2.o)
    0x0800031a   0x0800031a   0x00000000   Code   RO         1750    .ARM.Collect$$libinit$$00000013  c_w.l(libinit2.o)
    0x0800031a   0x0800031a   0x00000000   Code   RO         1752    .ARM.Collect$$libinit$$00000015  c_w.l(libinit2.o)
    0x0800031a   0x0800031a   0x00000000   Code   RO         1754    .ARM.Collect$$libinit$$00000017  c_w.l(libinit2.o)
    0x0800031a   0x0800031a   0x00000000   Code   RO         1756    .ARM.Collect$$libinit$$00000019  c_w.l(libinit2.o)
    0x0800031a   0x0800031a   0x00000000   Code   RO         1758    .ARM.Collect$$libinit$$0000001B  c_w.l(libinit2.o)
    0x0800031a   0x0800031a   0x00000000   Code   RO         1760    .ARM.Collect$$libinit$$0000001D  c_w.l(libinit2.o)
    0x0800031a   0x0800031a   0x00000000   Code   RO         1762    .ARM.Collect$$libinit$$0000001F  c_w.l(libinit2.o)
    0x0800031a   0x0800031a   0x00000000   Code   RO         1764    .ARM.Collect$$libinit$$00000021  c_w.l(libinit2.o)
    0x0800031a   0x0800031a   0x00000000   Code   RO         1766    .ARM.Collect$$libinit$$00000023  c_w.l(libinit2.o)
    0x0800031a   0x0800031a   0x00000000   Code   RO         1768    .ARM.Collect$$libinit$$00000025  c_w.l(libinit2.o)
    0x0800031a   0x0800031a   0x00000000   Code   RO         1770    .ARM.Collect$$libinit$$00000027  c_w.l(libinit2.o)
    0x0800031a   0x0800031a   0x00000000   Code   RO         1774    .ARM.Collect$$libinit$$0000002E  c_w.l(libinit2.o)
    0x0800031a   0x0800031a   0x00000000   Code   RO         1776    .ARM.Collect$$libinit$$00000030  c_w.l(libinit2.o)
    0x0800031a   0x0800031a   0x00000000   Code   RO         1778    .ARM.Collect$$libinit$$00000032  c_w.l(libinit2.o)
    0x0800031a   0x0800031a   0x00000000   Code   RO         1780    .ARM.Collect$$libinit$$00000034  c_w.l(libinit2.o)
    0x0800031a   0x0800031a   0x00000002   Code   RO         1781    .ARM.Collect$$libinit$$00000035  c_w.l(libinit2.o)
    0x0800031c   0x0800031c   0x00000002   Code   RO         1915    .ARM.Collect$$libshutdown$$00000000  c_w.l(libshutdown.o)
    0x0800031e   0x0800031e   0x00000000   Code   RO         1871    .ARM.Collect$$libshutdown$$00000002  c_w.l(libshutdown2.o)
    0x0800031e   0x0800031e   0x00000000   Code   RO         1873    .ARM.Collect$$libshutdown$$00000004  c_w.l(libshutdown2.o)
    0x0800031e   0x0800031e   0x00000000   Code   RO         1876    .ARM.Collect$$libshutdown$$00000007  c_w.l(libshutdown2.o)
    0x0800031e   0x0800031e   0x00000000   Code   RO         1879    .ARM.Collect$$libshutdown$$0000000A  c_w.l(libshutdown2.o)
    0x0800031e   0x0800031e   0x00000000   Code   RO         1881    .ARM.Collect$$libshutdown$$0000000C  c_w.l(libshutdown2.o)
    0x0800031e   0x0800031e   0x00000000   Code   RO         1884    .ARM.Collect$$libshutdown$$0000000F  c_w.l(libshutdown2.o)
    0x0800031e   0x0800031e   0x00000002   Code   RO         1885    .ARM.Collect$$libshutdown$$00000010  c_w.l(libshutdown2.o)
    0x08000320   0x08000320   0x00000000   Code   RO         1701    .ARM.Collect$$rtentry$$00000000  c_w.l(__rtentry.o)
    0x08000320   0x08000320   0x00000000   Code   RO         1790    .ARM.Collect$$rtentry$$00000002  c_w.l(__rtentry2.o)
    0x08000320   0x08000320   0x00000006   Code   RO         1802    .ARM.Collect$$rtentry$$00000004  c_w.l(__rtentry4.o)
    0x08000326   0x08000326   0x00000000   Code   RO         1792    .ARM.Collect$$rtentry$$00000009  c_w.l(__rtentry2.o)
    0x08000326   0x08000326   0x00000004   Code   RO         1793    .ARM.Collect$$rtentry$$0000000A  c_w.l(__rtentry2.o)
    0x0800032a   0x0800032a   0x00000000   Code   RO         1795    .ARM.Collect$$rtentry$$0000000C  c_w.l(__rtentry2.o)
    0x0800032a   0x0800032a   0x00000008   Code   RO         1796    .ARM.Collect$$rtentry$$0000000D  c_w.l(__rtentry2.o)
    0x08000332   0x08000332   0x00000002   Code   RO         1858    .ARM.Collect$$rtexit$$00000000  c_w.l(rtexit.o)
    0x08000334   0x08000334   0x00000000   Code   RO         1891    .ARM.Collect$$rtexit$$00000002  c_w.l(rtexit2.o)
    0x08000334   0x08000334   0x00000004   Code   RO         1892    .ARM.Collect$$rtexit$$00000003  c_w.l(rtexit2.o)
    0x08000338   0x08000338   0x00000006   Code   RO         1893    .ARM.Collect$$rtexit$$00000004  c_w.l(rtexit2.o)
    0x0800033e   0x0800033e   0x00000002   PAD
    0x08000340   0x08000340   0x00000040   Code   RO            4    .text               startup_stm32h743xx.o
    0x08000380   0x08000380   0x0000005e   Code   RO         1627    .text               c_w.l(h1_alloc.o)
    0x080003de   0x080003de   0x0000004e   Code   RO         1629    .text               c_w.l(h1_free.o)
    0x0800042c   0x0800042c   0x000000f0   Code   RO         1685    .text               c_w.l(lludivv7m.o)
    0x0800051c   0x0800051c   0x0000008a   Code   RO         1689    .text               c_w.l(rt_memcpy_v6.o)
    0x080005a6   0x080005a6   0x0000004e   Code   RO         1691    .text               c_w.l(rt_memclr_w.o)
    0x080005f4   0x080005f4   0x00000006   Code   RO         1695    .text               c_w.l(heapauxi.o)
    0x080005fa   0x080005fa   0x00000002   PAD
    0x080005fc   0x080005fc   0x00000008   Code   RO         1709    .text               c_w.l(rt_heap_descriptor_intlibspace.o)
    0x08000604   0x08000604   0x00000004   Code   RO         1711    .text               c_w.l(hguard.o)
    0x08000608   0x08000608   0x0000008a   Code   RO         1713    .text               c_w.l(init_alloc.o)
    0x08000692   0x08000692   0x0000000e   Code   RO         1717    .text               c_w.l(h1_init.o)
    0x080006a0   0x080006a0   0x00000064   Code   RO         1729    .text               c_w.l(rt_memcpy_w.o)
    0x08000704   0x08000704   0x00000008   Code   RO         1786    .text               c_w.l(libspace.o)
    0x0800070c   0x0800070c   0x00000000   Code   RO         1808    .text               c_w.l(maybetermalloc1.o)
    0x0800070c   0x0800070c   0x00000034   Code   RO         1810    .text               c_w.l(h1_extend.o)
    0x08000740   0x08000740   0x0000000e   Code   RO         1814    .text               c_w.l(defsig_rtmem_outer.o)
    0x0800074e   0x0800074e   0x00000002   Code   RO         1825    .text               c_w.l(use_no_semi.o)
    0x08000750   0x08000750   0x00000000   Code   RO         1827    .text               c_w.l(indicate_semi.o)
    0x08000750   0x08000750   0x0000004a   Code   RO         1828    .text               c_w.l(sys_stackheap_outer.o)
    0x0800079a   0x0800079a   0x00000012   Code   RO         1834    .text               c_w.l(exit.o)
    0x080007ac   0x080007ac   0x0000000a   Code   RO         1836    .text               c_w.l(defsig_exit.o)
    0x080007b6   0x080007b6   0x00000002   PAD
    0x080007b8   0x080007b8   0x00000050   Code   RO         1842    .text               c_w.l(defsig_rtmem_inner.o)
    0x08000808   0x08000808   0x0000000c   Code   RO         1854    .text               c_w.l(sys_exit.o)
    0x08000814   0x08000814   0x00000032   Code   RO         1866    .text               c_w.l(defsig_general.o)
    0x08000846   0x08000846   0x0000000e   Code   RO         1886    .text               c_w.l(sys_wrch.o)
    0x08000854   0x08000854   0x00000004   PAD
    0x08000858   0x08000858   0x00000002   Code   RO          178    .text.BusFault_Handler  stm32h7xx_it.o
    0x0800085a   0x0800085a   0x00000006   PAD
    0x08000860   0x08000860   0x00000170   Code   RO           20    .text.CRC32         crc32.o
    0x080009d0   0x080009d0   0x0000004c   Code   RO          112    .text.DS3231_GetDate  ds3231_for_stm32_hal.o
    0x08000a1c   0x08000a1c   0x00000004   PAD
    0x08000a20   0x08000a20   0x0000004c   Code   RO          108    .text.DS3231_GetDayOfWeek  ds3231_for_stm32_hal.o
    0x08000a6c   0x08000a6c   0x00000004   PAD
    0x08000a70   0x08000a70   0x0000004c   Code   RO          118    .text.DS3231_GetHour  ds3231_for_stm32_hal.o
    0x08000abc   0x08000abc   0x00000004   PAD
    0x08000ac0   0x08000ac0   0x0000004c   Code   RO          120    .text.DS3231_GetMinute  ds3231_for_stm32_hal.o
    0x08000b0c   0x08000b0c   0x00000004   PAD
    0x08000b10   0x08000b10   0x0000004c   Code   RO          114    .text.DS3231_GetMonth  ds3231_for_stm32_hal.o
    0x08000b5c   0x08000b5c   0x00000004   PAD
    0x08000b60   0x08000b60   0x0000004c   Code   RO          122    .text.DS3231_GetSecond  ds3231_for_stm32_hal.o
    0x08000bac   0x08000bac   0x00000004   PAD
    0x08000bb0   0x08000bb0   0x00000082   Code   RO          116    .text.DS3231_GetYear  ds3231_for_stm32_hal.o
    0x08000c32   0x08000c32   0x00000006   PAD
    0x08000c38   0x08000c38   0x0000000c   Code   RO           66    .text.DS3231_Init   ds3231_for_stm32_hal.o
    0x08000c44   0x08000c44   0x00000004   PAD
    0x08000c48   0x08000c48   0x00000042   Code   RO          126    .text.DS3231_SetDate  ds3231_for_stm32_hal.o
    0x08000c8a   0x08000c8a   0x00000006   PAD
    0x08000c90   0x08000c90   0x00000042   Code   RO          124    .text.DS3231_SetDayOfWeek  ds3231_for_stm32_hal.o
    0x08000cd2   0x08000cd2   0x00000006   PAD
    0x08000cd8   0x08000cd8   0x00000046   Code   RO          132    .text.DS3231_SetHour  ds3231_for_stm32_hal.o
    0x08000d1e   0x08000d1e   0x00000002   PAD
    0x08000d20   0x08000d20   0x00000042   Code   RO          134    .text.DS3231_SetMinute  ds3231_for_stm32_hal.o
    0x08000d62   0x08000d62   0x00000006   PAD
    0x08000d68   0x08000d68   0x0000006c   Code   RO          128    .text.DS3231_SetMonth  ds3231_for_stm32_hal.o
    0x08000dd4   0x08000dd4   0x00000004   PAD
    0x08000dd8   0x08000dd8   0x00000042   Code   RO          136    .text.DS3231_SetSecond  ds3231_for_stm32_hal.o
    0x08000e1a   0x08000e1a   0x00000006   PAD
    0x08000e20   0x08000e20   0x0000009e   Code   RO          130    .text.DS3231_SetYear  ds3231_for_stm32_hal.o
    0x08000ebe   0x08000ebe   0x00000002   PAD
    0x08000ec0   0x08000ec0   0x00000002   Code   RO          184    .text.DebugMon_Handler  stm32h7xx_it.o
    0x08000ec2   0x08000ec2   0x00000006   PAD
    0x08000ec8   0x08000ec8   0x00000100   Code   RO          155    .text.Error_Handler  main.o
    0x08000fc8   0x08000fc8   0x0000052e   Code   RO          712    .text.HAL_DMA_Abort  stm32h7xx_hal_dma.o
    0x080014f6   0x080014f6   0x00000002   PAD
    0x080014f8   0x080014f8   0x000002ba   Code   RO          714    .text.HAL_DMA_Abort_IT  stm32h7xx_hal_dma.o
    0x080017b2   0x080017b2   0x00000006   PAD
    0x080017b8   0x080017b8   0x00000028   Code   RO          958    .text.HAL_Delay     stm32h7xx_hal.o
    0x080017e0   0x080017e0   0x00000030   Code   RO          595    .text.HAL_FLASH_Lock  stm32h7xx_hal_flash.o
    0x08001810   0x08001810   0x00000058   Code   RO          593    .text.HAL_FLASH_Unlock  stm32h7xx_hal_flash.o
    0x08001868   0x08001868   0x000001e6   Code   RO          646    .text.HAL_GPIO_Init  stm32h7xx_hal_gpio.o
    0x08001a4e   0x08001a4e   0x00000002   PAD
    0x08001a50   0x08001a50   0x00000010   Code   RO          654    .text.HAL_GPIO_TogglePin  stm32h7xx_hal_gpio.o
    0x08001a60   0x08001a60   0x0000000a   Code   RO          652    .text.HAL_GPIO_WritePin  stm32h7xx_hal_gpio.o
    0x08001a6a   0x08001a6a   0x00000006   PAD
    0x08001a70   0x08001a70   0x0000000e   Code   RO          966    .text.HAL_GetREVID  stm32h7xx_hal.o
    0x08001a7e   0x08001a7e   0x00000002   PAD
    0x08001a80   0x08001a80   0x0000000c   Code   RO          950    .text.HAL_GetTick   stm32h7xx_hal.o
    0x08001a8c   0x08001a8c   0x00000004   PAD
    0x08001a90   0x08001a90   0x0000004a   Code   RO          461    .text.HAL_I2CEx_ConfigAnalogFilter  stm32h7xx_hal_i2c_ex.o
    0x08001ada   0x08001ada   0x00000006   PAD
    0x08001ae0   0x08001ae0   0x00000048   Code   RO          463    .text.HAL_I2CEx_ConfigDigitalFilter  stm32h7xx_hal_i2c_ex.o
    0x08001b28   0x08001b28   0x000000a2   Code   RO          309    .text.HAL_I2C_Init  stm32h7xx_hal_i2c.o
    0x08001bca   0x08001bca   0x00000006   PAD
    0x08001bd0   0x08001bd0   0x000001fc   Code   RO          325    .text.HAL_I2C_Master_Receive  stm32h7xx_hal_i2c.o
    0x08001dcc   0x08001dcc   0x00000004   PAD
    0x08001dd0   0x08001dd0   0x00000204   Code   RO          317    .text.HAL_I2C_Master_Transmit  stm32h7xx_hal_i2c.o
    0x08001fd4   0x08001fd4   0x00000004   PAD
    0x08001fd8   0x08001fd8   0x00000086   Code   RO          201    .text.HAL_I2C_MspInit  stm32h7xx_hal_msp.o
    0x0800205e   0x0800205e   0x00000002   PAD
    0x08002060   0x08002060   0x0000001a   Code   RO          948    .text.HAL_IncTick   stm32h7xx_hal.o
    0x0800207a   0x0800207a   0x00000006   PAD
    0x08002080   0x08002080   0x00000064   Code   RO          938    .text.HAL_Init      stm32h7xx_hal.o
    0x080020e4   0x080020e4   0x00000004   PAD
    0x080020e8   0x080020e8   0x0000004c   Code   RO          940    .text.HAL_InitTick  stm32h7xx_hal.o
    0x08002134   0x08002134   0x00000004   PAD
    0x08002138   0x08002138   0x00000020   Code   RO          199    .text.HAL_MspInit   stm32h7xx_hal_msp.o
    0x08002158   0x08002158   0x00000020   Code   RO          265    .text.HAL_NVIC_EnableIRQ  stm32h7xx_hal_cortex.o
    0x08002178   0x08002178   0x0000005c   Code   RO          263    .text.HAL_NVIC_SetPriority  stm32h7xx_hal_cortex.o
    0x080021d4   0x080021d4   0x00000004   PAD
    0x080021d8   0x080021d8   0x00000020   Code   RO          261    .text.HAL_NVIC_SetPriorityGrouping  stm32h7xx_hal_cortex.o
    0x080021f8   0x080021f8   0x00000026   Code   RO         1482    .text.HAL_PCDEx_ActivateLPM  stm32h7xx_hal_pcd_ex.o
    0x0800221e   0x0800221e   0x00000002   PAD
    0x08002220   0x08002220   0x00000146   Code   RO         1402    .text.HAL_PCD_Init  stm32h7xx_hal_pcd.o
    0x08002366   0x08002366   0x00000002   PAD
    0x08002368   0x08002368   0x000000a2   Code   RO          213    .text.HAL_PCD_MspInit  stm32h7xx_hal_msp.o
    0x0800240a   0x0800240a   0x00000006   PAD
    0x08002410   0x08002410   0x0000004c   Code   RO          850    .text.HAL_PWREx_ConfigSupply  stm32h7xx_hal_pwr_ex.o
    0x0800245c   0x0800245c   0x00000004   PAD
    0x08002460   0x08002460   0x00000012   Code   RO          904    .text.HAL_PWREx_EnableUSBVoltageDetector  stm32h7xx_hal_pwr_ex.o
    0x08002472   0x08002472   0x00000006   PAD
    0x08002478   0x08002478   0x00000026   Code   RO          533    .text.HAL_RCCEx_GetD3PCLK1Freq  stm32h7xx_hal_rcc_ex.o
    0x0800249e   0x0800249e   0x00000002   PAD
    0x080024a0   0x080024a0   0x0000012c   Code   RO          529    .text.HAL_RCCEx_GetPLL2ClockFreq  stm32h7xx_hal_rcc_ex.o
    0x080025cc   0x080025cc   0x00000004   PAD
    0x080025d0   0x080025d0   0x0000012c   Code   RO          531    .text.HAL_RCCEx_GetPLL3ClockFreq  stm32h7xx_hal_rcc_ex.o
    0x080026fc   0x080026fc   0x00000004   PAD
    0x08002700   0x08002700   0x00000c64   Code   RO          517    .text.HAL_RCCEx_PeriphCLKConfig  stm32h7xx_hal_rcc_ex.o
    0x08003364   0x08003364   0x00000004   PAD
    0x08003368   0x08003368   0x00000268   Code   RO          485    .text.HAL_RCC_ClockConfig  stm32h7xx_hal_rcc.o
    0x080035d0   0x080035d0   0x0000004c   Code   RO          495    .text.HAL_RCC_GetHCLKFreq  stm32h7xx_hal_rcc.o
    0x0800361c   0x0800361c   0x00000004   PAD
    0x08003620   0x08003620   0x00000060   Code   RO          497    .text.HAL_RCC_GetPCLK1Freq  stm32h7xx_hal_rcc.o
    0x08003680   0x08003680   0x00000060   Code   RO          499    .text.HAL_RCC_GetPCLK2Freq  stm32h7xx_hal_rcc.o
    0x080036e0   0x080036e0   0x00000114   Code   RO          487    .text.HAL_RCC_GetSysClockFreq  stm32h7xx_hal_rcc.o
    0x080037f4   0x080037f4   0x00000004   PAD
    0x080037f8   0x080037f8   0x0000051a   Code   RO          483    .text.HAL_RCC_OscConfig  stm32h7xx_hal_rcc.o
    0x08003d12   0x08003d12   0x00000006   PAD
    0x08003d18   0x08003d18   0x00000044   Code   RO         1192    .text.HAL_RTCEx_SetCalibrationOutPut  stm32h7xx_hal_rtc_ex.o
    0x08003d5c   0x08003d5c   0x00000004   PAD
    0x08003d60   0x08003d60   0x00000068   Code   RO         1092    .text.HAL_RTC_GetDate  stm32h7xx_hal_rtc.o
    0x08003dc8   0x08003dc8   0x00000074   Code   RO         1086    .text.HAL_RTC_GetTime  stm32h7xx_hal_rtc.o
    0x08003e3c   0x08003e3c   0x00000004   PAD
    0x08003e40   0x08003e40   0x000000c4   Code   RO         1070    .text.HAL_RTC_Init  stm32h7xx_hal_rtc.o
    0x08003f04   0x08003f04   0x00000004   PAD
    0x08003f08   0x08003f08   0x00000080   Code   RO          205    .text.HAL_RTC_MspInit  stm32h7xx_hal_msp.o
    0x08003f88   0x08003f88   0x00000150   Code   RO         1090    .text.HAL_RTC_SetDate  stm32h7xx_hal_rtc.o
    0x080040d8   0x080040d8   0x00000188   Code   RO         1082    .text.HAL_RTC_SetTime  stm32h7xx_hal_rtc.o
    0x08004260   0x08004260   0x0000002e   Code   RO          273    .text.HAL_SYSTICK_Config  stm32h7xx_hal_cortex.o
    0x0800428e   0x0800428e   0x00000002   PAD
    0x08004290   0x08004290   0x00000036   Code   RO         1381    .text.HAL_UARTEx_DisableFifoMode  stm32h7xx_hal_uart_ex.o
    0x080042c6   0x080042c6   0x00000002   PAD
    0x080042c8   0x080042c8   0x00000002   Code   RO         1308    .text.HAL_UARTEx_RxEventCallback  stm32h7xx_hal_uart.o
    0x080042ca   0x080042ca   0x00000006   PAD
    0x080042d0   0x080042d0   0x00000002   Code   RO         1367    .text.HAL_UARTEx_RxFifoFullCallback  stm32h7xx_hal_uart_ex.o
    0x080042d2   0x080042d2   0x00000006   PAD
    0x080042d8   0x080042d8   0x00000090   Code   RO         1385    .text.HAL_UARTEx_SetRxFifoThreshold  stm32h7xx_hal_uart_ex.o
    0x08004368   0x08004368   0x00000090   Code   RO         1383    .text.HAL_UARTEx_SetTxFifoThreshold  stm32h7xx_hal_uart_ex.o
    0x080043f8   0x080043f8   0x00000002   Code   RO         1369    .text.HAL_UARTEx_TxFifoEmptyCallback  stm32h7xx_hal_uart_ex.o
    0x080043fa   0x080043fa   0x00000006   PAD
    0x08004400   0x08004400   0x00000002   Code   RO         1365    .text.HAL_UARTEx_WakeupCallback  stm32h7xx_hal_uart_ex.o
    0x08004402   0x08004402   0x00000006   PAD
    0x08004408   0x08004408   0x00000002   Code   RO         1306    .text.HAL_UART_ErrorCallback  stm32h7xx_hal_uart.o
    0x0800440a   0x0800440a   0x00000006   PAD
    0x08004410   0x08004410   0x0000065a   Code   RO         1302    .text.HAL_UART_IRQHandler  stm32h7xx_hal_uart.o
    0x08004a6a   0x08004a6a   0x00000006   PAD
    0x08004a70   0x08004a70   0x000000c6   Code   RO         1218    .text.HAL_UART_Init  stm32h7xx_hal_uart.o
    0x08004b36   0x08004b36   0x00000002   PAD
    0x08004b38   0x08004b38   0x000000cc   Code   RO          209    .text.HAL_UART_MspInit  stm32h7xx_hal_msp.o
    0x08004c04   0x08004c04   0x00000004   PAD
    0x08004c08   0x08004c08   0x00000100   Code   RO         1242    .text.HAL_UART_Receive  stm32h7xx_hal_uart.o
    0x08004d08   0x08004d08   0x000000b8   Code   RO         1254    .text.HAL_UART_Receive_IT  stm32h7xx_hal_uart.o
    0x08004dc0   0x08004dc0   0x0000000e   Code   RO           11    .text.HAL_UART_RxCpltCallback  rdefuart.o
    0x08004dce   0x08004dce   0x00000002   PAD
    0x08004dd0   0x08004dd0   0x00000140   Code   RO         1244    .text.HAL_UART_Transmit_IT  stm32h7xx_hal_uart.o
    0x08004f10   0x08004f10   0x00000002   Code   RO         1310    .text.HAL_UART_TxCpltCallback  stm32h7xx_hal_uart.o
    0x08004f12   0x08004f12   0x00000006   PAD
    0x08004f18   0x08004f18   0x00000002   Code   RO          174    .text.HardFault_Handler  stm32h7xx_it.o
    0x08004f1a   0x08004f1a   0x00000006   PAD
    0x08004f20   0x08004f20   0x00000156   Code   RO          451    .text.I2C_IsErrorOccurred  stm32h7xx_hal_i2c.o
    0x08005076   0x08005076   0x00000002   PAD
    0x08005078   0x08005078   0x000000bc   Code   RO          327    .text.I2C_WaitOnRXNEFlagUntilTimeout  stm32h7xx_hal_i2c.o
    0x08005134   0x08005134   0x00000004   PAD
    0x08005138   0x08005138   0x00000088   Code   RO          321    .text.I2C_WaitOnTXISFlagUntilTimeout  stm32h7xx_hal_i2c.o
    0x080051c0   0x080051c0   0x0000001c   Code   RO           48    .text.InitBlockInfo  ring_prot.o
    0x080051dc   0x080051dc   0x00000004   PAD
    0x080051e0   0x080051e0   0x00000014   Code   RO           44    .text.InitExchSchedCom  ring_prot.o
    0x080051f4   0x080051f4   0x00000004   PAD
    0x080051f8   0x080051f8   0x0000001c   Code   RO           50    .text.InitRingEndSched  ring_prot.o
    0x08005214   0x08005214   0x00000004   PAD
    0x08005218   0x08005218   0x0000001e   Code   RO           54    .text.InitRingState  ring_prot.o
    0x08005236   0x08005236   0x00000002   PAD
    0x08005238   0x08005238   0x0000001e   Code   RO           56    .text.InitRingSyncTime  ring_prot.o
    0x08005256   0x08005256   0x00000002   PAD
    0x08005258   0x08005258   0x0000001e   Code   RO           52    .text.InitRingTransfer  ring_prot.o
    0x08005276   0x08005276   0x00000002   PAD
    0x08005278   0x08005278   0x00000002   Code   RO          176    .text.MemManage_Handler  stm32h7xx_it.o
    0x0800527a   0x0800527a   0x00000006   PAD
    0x08005280   0x08005280   0x00000002   Code   RO          172    .text.NMI_Handler   stm32h7xx_it.o
    0x08005282   0x08005282   0x00000006   PAD
    0x08005288   0x08005288   0x00000002   Code   RO          186    .text.PendSV_Handler  stm32h7xx_it.o
    0x0800528a   0x0800528a   0x00000006   PAD
    0x08005290   0x08005290   0x00000122   Code   RO          519    .text.RCCEx_PLL2_Config  stm32h7xx_hal_rcc_ex.o
    0x080053b2   0x080053b2   0x00000006   PAD
    0x080053b8   0x080053b8   0x00000122   Code   RO          521    .text.RCCEx_PLL3_Config  stm32h7xx_hal_rcc_ex.o
    0x080054da   0x080054da   0x00000006   PAD
    0x080054e0   0x080054e0   0x00000094   Code   RO         1076    .text.RTC_ExitInitMode  stm32h7xx_hal_rtc.o
    0x08005574   0x08005574   0x00000004   PAD
    0x08005578   0x08005578   0x0000000c   Code   RO           32    .text.RingInitHead  ring_prot.o
    0x08005584   0x08005584   0x00000004   PAD
    0x08005588   0x08005588   0x00000002   Code   RO          182    .text.SVC_Handler   stm32h7xx_it.o
    0x0800558a   0x0800558a   0x00000006   PAD
    0x08005590   0x08005590   0x0000000c   Code   RO           30    .text.SetIdleData   ring_prot.o
    0x0800559c   0x0800559c   0x00000004   PAD
    0x080055a0   0x080055a0   0x0000000e   Code   RO           42    .text.SetRingError  ring_prot.o
    0x080055ae   0x080055ae   0x00000002   PAD
    0x080055b0   0x080055b0   0x00000004   Code   RO          188    .text.SysTick_Handler  stm32h7xx_it.o
    0x080055b4   0x080055b4   0x00000004   PAD
    0x080055b8   0x080055b8   0x000000d0   Code   RO          153    .text.SystemClock_Config  main.o
    0x08005688   0x08005688   0x000000cc   Code   RO         1608    .text.SystemInit    system_stm32h7xx.o
    0x08005754   0x08005754   0x00000004   PAD
    0x08005758   0x08005758   0x000000e0   Code   RO         1224    .text.UART_AdvFeatureConfig  stm32h7xx_hal_uart.o
    0x08005838   0x08005838   0x00000010   Code   RO         1304    .text.UART_DMAAbortOnError  stm32h7xx_hal_uart.o
    0x08005848   0x08005848   0x0000015c   Code   RO         1344    .text.UART_RxISR_16BIT  stm32h7xx_hal_uart.o
    0x080059a4   0x080059a4   0x00000004   PAD
    0x080059a8   0x080059a8   0x000002c6   Code   RO         1340    .text.UART_RxISR_16BIT_FIFOEN  stm32h7xx_hal_uart.o
    0x08005c6e   0x08005c6e   0x00000002   PAD
    0x08005c70   0x08005c70   0x0000015c   Code   RO         1346    .text.UART_RxISR_8BIT  stm32h7xx_hal_uart.o
    0x08005dcc   0x08005dcc   0x00000004   PAD
    0x08005dd0   0x08005dd0   0x000002ca   Code   RO         1342    .text.UART_RxISR_8BIT_FIFOEN  stm32h7xx_hal_uart.o
    0x0800609a   0x0800609a   0x00000006   PAD
    0x080060a0   0x080060a0   0x000004b4   Code   RO         1222    .text.UART_SetConfig  stm32h7xx_hal_uart.o
    0x08006554   0x08006554   0x00000004   PAD
    0x08006558   0x08006558   0x0000029c   Code   RO         1256    .text.UART_Start_Receive_IT  stm32h7xx_hal_uart.o
    0x080067f4   0x080067f4   0x00000004   PAD
    0x080067f8   0x080067f8   0x000000d0   Code   RO         1250    .text.UART_TxISR_16BIT  stm32h7xx_hal_uart.o
    0x080068c8   0x080068c8   0x000000ec   Code   RO         1246    .text.UART_TxISR_16BIT_FIFOEN  stm32h7xx_hal_uart.o
    0x080069b4   0x080069b4   0x00000004   PAD
    0x080069b8   0x080069b8   0x000000cc   Code   RO         1252    .text.UART_TxISR_8BIT  stm32h7xx_hal_uart.o
    0x08006a84   0x08006a84   0x00000004   PAD
    0x08006a88   0x08006a88   0x000000e8   Code   RO         1248    .text.UART_TxISR_8BIT_FIFOEN  stm32h7xx_hal_uart.o
    0x08006b70   0x08006b70   0x00000226   Code   RO         1240    .text.UART_WaitOnFlagUntilTimeout  stm32h7xx_hal_uart.o
    0x08006d96   0x08006d96   0x00000002   PAD
    0x08006d98   0x08006d98   0x0000000c   Code   RO          190    .text.USART3_IRQHandler  stm32h7xx_it.o
    0x08006da4   0x08006da4   0x00000004   PAD
    0x08006da8   0x08006da8   0x00000204   Code   RO         1504    .text.USB_CoreInit  stm32h7xx_ll_usb.o
    0x08006fac   0x08006fac   0x00000004   PAD
    0x08006fb0   0x08006fb0   0x0000001e   Code   RO         1554    .text.USB_DevDisconnect  stm32h7xx_ll_usb.o
    0x08006fce   0x08006fce   0x00000002   PAD
    0x08006fd0   0x08006fd0   0x0000047e   Code   RO         1516    .text.USB_DevInit   stm32h7xx_ll_usb.o
    0x0800744e   0x0800744e   0x00000002   PAD
    0x08007450   0x08007450   0x0000000e   Code   RO         1510    .text.USB_DisableGlobalInt  stm32h7xx_ll_usb.o
    0x0800745e   0x0800745e   0x00000002   PAD
    0x08007460   0x08007460   0x00000064   Code   RO         1512    .text.USB_SetCurrentMode  stm32h7xx_ll_usb.o
    0x080074c4   0x080074c4   0x00000004   PAD
    0x080074c8   0x080074c8   0x00000002   Code   RO          180    .text.UsageFault_Handler  stm32h7xx_it.o
    0x080074ca   0x080074ca   0x00000006   PAD
    0x080074d0   0x080074d0   0x00000bf2   Code   RO          151    .text.main          main.o
    0x080080c2   0x080080c2   0x0000001a   Code   RO         1823    x$fpl$fpinit        fz_wv.l(fpinit.o)
    0x080080dc   0x080080dc   0x00000006   Data   RO         1353    .rodata..Lswitch.table.UART_SetConfig.5  stm32h7xx_hal_uart.o
    0x080080e2   0x080080e2   0x00000006   Data   RO         1354    .rodata..Lswitch.table.UART_SetConfig.7  stm32h7xx_hal_uart.o
    0x080080e8   0x080080e8   0x00000010   Data   RO         1612    .rodata.D1CorePrescTable  system_stm32h7xx.o
    0x080080f8   0x080080f8   0x00000018   Data   RO         1352    .rodata.UARTPrescTable  stm32h7xx_hal_uart.o
    0x08008110   0x08008110   0x00000010   Data   RO         1393    .rodata.cst8        stm32h7xx_hal_uart_ex.o
    0x08008120   0x08008120   0x00000020   Data   RO         1917    Region$$Table       anon$$obj.o


    Execution Region RW_IRAM1 (Exec base: 0x20000000, Load base: 0x08008140, Size: 0x00000000, Max: 0x00020000, ABSOLUTE)

    **** No section assigned to this execution region ****


    Execution Region RW_IRAM2 (Exec base: 0x24000000, Load base: 0x08008140, Size: 0x000067e8, Max: 0x00080000, ABSOLUTE)

    Exec Addr    Load Addr    Size         Type   Attr      Idx    E Section Name        Object

    0x24000000   0x08008140   0x00000008   Data   RW         1035    .data..L_MergedGlobals  stm32h7xx_hal.o
    0x24000008   0x08008148   0x00000008   Data   RW         1613    .data..L_MergedGlobals  system_stm32h7xx.o
    0x24000010        -       0x00000060   Zero   RW         1787    .bss                c_w.l(libspace.o)
    0x24000070        -       0x0000007c   Zero   RW          161    .bss..L_MergedGlobals  main.o
    0x240000ec        -       0x00000064   Zero   RW          162    .bss..L_MergedGlobals.1  main.o
    0x24000150        -       0x00000070   Zero   RW          163    .bss..L_MergedGlobals.2  main.o
    0x240001c0        -       0x00000004   Zero   RW          142    .bss._ds3231_ui2c   ds3231_for_stm32_hal.o
    0x240001c4        -       0x0000050c   Zero   RW          159    .bss.hpcd_USB_OTG_FS  main.o
    0x240006d0        -       0x00000090   Zero   RW          157    .bss.huart3         main.o
    0x24000760        -       0x00000080   Zero   RW          158    .bss.io_buf         main.o
    0x240007e0        -       0x00000004   Zero   RW         1034    .bss.uwTick         stm32h7xx_hal.o
    0x240007e4   0x08008150   0x00000004   PAD
    0x240007e8        -       0x00002000   Zero   RW            2    HEAP                startup_stm32h743xx.o
    0x240027e8        -       0x00004000   Zero   RW            1    STACK               startup_stm32h743xx.o


==============================================================================

Image component sizes


      Code (inc. data)   RO Data    RW Data    ZI Data      Debug   Object Name

       368          0          0          0          0       1508   crc32.o
      1198          0          0          0          4      27571   ds3231_for_stm32_hal.o
      3522         38          0          0       1900      18889   main.o
        14          0          0          0          0       3920   rdefuart.o
       204          0          0          0          0       3602   ring_prot.o
        64         26        664          0      24576        832   startup_stm32h743xx.o
       268          0          0          8          4      14955   stm32h7xx_hal.o
       202          0          0          0          0      12263   stm32h7xx_hal_cortex.o
      2024          0          0          0          0      18245   stm32h7xx_hal_dma.o
       136          0          0          0          0      10481   stm32h7xx_hal_flash.o
       512          0          0          0          0       7087   stm32h7xx_hal_gpio.o
      1852          0          0          0          0      58100   stm32h7xx_hal_i2c.o
       146          0          0          0          0       7572   stm32h7xx_hal_i2c_ex.o
       660          0          0          0          0      17830   stm32h7xx_hal_msp.o
       326          0          0          0          0      16747   stm32h7xx_hal_pcd.o
        38          0          0          0          0       6255   stm32h7xx_hal_pcd_ex.o
        94          0          0          0          0      10598   stm32h7xx_hal_pwr_ex.o
      2466         16          0          0          0      11659   stm32h7xx_hal_rcc.o
      4390        172          0          0          0      19504   stm32h7xx_hal_rcc_ex.o
      1292          0          0          0          0      16033   stm32h7xx_hal_rtc.o
        68          0          0          0          0      16102   stm32h7xx_hal_rtc_ex.o
      8252        332         36          0          0      42773   stm32h7xx_hal_uart.o
       348          0         16          0          0      11295   stm32h7xx_hal_uart_ex.o
        32          0          0          0          0       4683   stm32h7xx_it.o
      1810          0          0          0          0      33262   stm32h7xx_ll_usb.o
       204          0         16          8          0       5903   system_stm32h7xx.o

    ----------------------------------------------------------------------
     30890        600        764         16      26488     397669   Object Totals
         0          0         32          0          0          0   (incl. Generated)
       400         16          0          0          4          0   (incl. Padding)

    ----------------------------------------------------------------------

      Code (inc. data)   RO Data    RW Data    ZI Data      Debug   Library Member Name

         8          0          0          0          0         68   __main.o
         0          0          0          0          0          0   __rtentry.o
        12          0          0          0          0          0   __rtentry2.o
         6          0          0          0          0          0   __rtentry4.o
        52          8          0          0          0          0   __scatter.o
        26          0          0          0          0          0   __scatter_copy.o
        28          0          0          0          0          0   __scatter_zi.o
        10          0          0          0          0         68   defsig_exit.o
        50          0          0          0          0         88   defsig_general.o
        80         58          0          0          0         76   defsig_rtmem_inner.o
        14          0          0          0          0         80   defsig_rtmem_outer.o
        18          0          0          0          0         80   exit.o
        94          0          0          0          0         80   h1_alloc.o
        52          0          0          0          0         68   h1_extend.o
        78          0          0          0          0         80   h1_free.o
        14          0          0          0          0         84   h1_init.o
         6          0          0          0          0        152   heapauxi.o
         4          0          0          0          0        136   hguard.o
         0          0          0          0          0          0   indicate_semi.o
       138          0          0          0          0        168   init_alloc.o
         2          0          0          0          0          0   libinit.o
        14          0          0          0          0          0   libinit2.o
         2          0          0          0          0          0   libshutdown.o
         2          0          0          0          0          0   libshutdown2.o
         8          4          0          0         96         68   libspace.o
       240          0          0          0          0        100   lludivv7m.o
         0          0          0          0          0          0   maybetermalloc1.o
         8          4          0          0          0         68   rt_heap_descriptor_intlibspace.o
        78          0          0          0          0         80   rt_memclr_w.o
       138          0          0          0          0         68   rt_memcpy_v6.o
       100          0          0          0          0         80   rt_memcpy_w.o
         2          0          0          0          0          0   rtexit.o
        10          0          0          0          0          0   rtexit2.o
        12          4          0          0          0         68   sys_exit.o
        74          0          0          0          0         80   sys_stackheap_outer.o
        14          0          0          0          0         76   sys_wrch.o
         2          0          0          0          0         68   use_no_semi.o
        26          0          0          0          0        116   fpinit.o

    ----------------------------------------------------------------------
      1434         78          0          0         96       2100   Library Totals
        12          0          0          0          0          0   (incl. Padding)

    ----------------------------------------------------------------------

      Code (inc. data)   RO Data    RW Data    ZI Data      Debug   Library Name

      1396         78          0          0         96       1984   c_w.l
        26          0          0          0          0        116   fz_wv.l

    ----------------------------------------------------------------------
      1434         78          0          0         96       2100   Library Totals

    ----------------------------------------------------------------------

==============================================================================


      Code (inc. data)   RO Data    RW Data    ZI Data      Debug   

     32324        678        764         16      26584     398249   Grand Totals
     32324        678        764         16      26584     398249   ELF Image Totals
     32324        678        764         16          0          0   ROM Totals

==============================================================================

    Total RO  Size (Code + RO Data)                33088 (  32.31kB)
    Total RW  Size (RW Data + ZI Data)             26600 (  25.98kB)
    Total ROM Size (Code + RO Data + RW Data)      33104 (  32.33kB)

==============================================================================

