Archive member included to satisfy reference by file (symbol)

d:/st/stm32cubeide_1.9.0/stm32cubeide/plugins/com.st.stm32cube.ide.mcu.externaltools.gnu-tools-for-stm32.10.3-2021.10.win32_1.0.0.202111181127/tools/bin/../lib/gcc/arm-none-eabi/10.3.1/../../../../arm-none-eabi/lib/thumb/v7e-m+dp/hard\libc_nano.a(lib_a-errno.o)
                              ./Core/Src/syscalls.o (__errno)
d:/st/stm32cubeide_1.9.0/stm32cubeide/plugins/com.st.stm32cube.ide.mcu.externaltools.gnu-tools-for-stm32.10.3-2021.10.win32_1.0.0.202111181127/tools/bin/../lib/gcc/arm-none-eabi/10.3.1/../../../../arm-none-eabi/lib/thumb/v7e-m+dp/hard\libc_nano.a(lib_a-exit.o)
                              d:/st/stm32cubeide_1.9.0/stm32cubeide/plugins/com.st.stm32cube.ide.mcu.externaltools.gnu-tools-for-stm32.10.3-2021.10.win32_1.0.0.202111181127/tools/bin/../lib/gcc/arm-none-eabi/10.3.1/../../../../arm-none-eabi/lib/thumb/v7e-m+dp/hard/crt0.o (exit)
d:/st/stm32cubeide_1.9.0/stm32cubeide/plugins/com.st.stm32cube.ide.mcu.externaltools.gnu-tools-for-stm32.10.3-2021.10.win32_1.0.0.202111181127/tools/bin/../lib/gcc/arm-none-eabi/10.3.1/../../../../arm-none-eabi/lib/thumb/v7e-m+dp/hard\libc_nano.a(lib_a-impure.o)
                              d:/st/stm32cubeide_1.9.0/stm32cubeide/plugins/com.st.stm32cube.ide.mcu.externaltools.gnu-tools-for-stm32.10.3-2021.10.win32_1.0.0.202111181127/tools/bin/../lib/gcc/arm-none-eabi/10.3.1/../../../../arm-none-eabi/lib/thumb/v7e-m+dp/hard\libc_nano.a(lib_a-exit.o) (_global_impure_ptr)
d:/st/stm32cubeide_1.9.0/stm32cubeide/plugins/com.st.stm32cube.ide.mcu.externaltools.gnu-tools-for-stm32.10.3-2021.10.win32_1.0.0.202111181127/tools/bin/../lib/gcc/arm-none-eabi/10.3.1/../../../../arm-none-eabi/lib/thumb/v7e-m+dp/hard\libc_nano.a(lib_a-init.o)
                              d:/st/stm32cubeide_1.9.0/stm32cubeide/plugins/com.st.stm32cube.ide.mcu.externaltools.gnu-tools-for-stm32.10.3-2021.10.win32_1.0.0.202111181127/tools/bin/../lib/gcc/arm-none-eabi/10.3.1/../../../../arm-none-eabi/lib/thumb/v7e-m+dp/hard/crt0.o (__libc_init_array)
d:/st/stm32cubeide_1.9.0/stm32cubeide/plugins/com.st.stm32cube.ide.mcu.externaltools.gnu-tools-for-stm32.10.3-2021.10.win32_1.0.0.202111181127/tools/bin/../lib/gcc/arm-none-eabi/10.3.1/../../../../arm-none-eabi/lib/thumb/v7e-m+dp/hard\libc_nano.a(lib_a-memset.o)
                              d:/st/stm32cubeide_1.9.0/stm32cubeide/plugins/com.st.stm32cube.ide.mcu.externaltools.gnu-tools-for-stm32.10.3-2021.10.win32_1.0.0.202111181127/tools/bin/../lib/gcc/arm-none-eabi/10.3.1/../../../../arm-none-eabi/lib/thumb/v7e-m+dp/hard/crt0.o (memset)
d:/st/stm32cubeide_1.9.0/stm32cubeide/plugins/com.st.stm32cube.ide.mcu.externaltools.gnu-tools-for-stm32.10.3-2021.10.win32_1.0.0.202111181127/tools/bin/../lib/gcc/arm-none-eabi/10.3.1/thumb/v7e-m+dp/hard\libgcc.a(_aeabi_uldivmod.o)
                              ./Drivers/STM32H7xx_HAL_Driver/Src/stm32h7xx_hal_uart.o (__aeabi_uldivmod)
d:/st/stm32cubeide_1.9.0/stm32cubeide/plugins/com.st.stm32cube.ide.mcu.externaltools.gnu-tools-for-stm32.10.3-2021.10.win32_1.0.0.202111181127/tools/bin/../lib/gcc/arm-none-eabi/10.3.1/thumb/v7e-m+dp/hard\libgcc.a(_udivmoddi4.o)
                              d:/st/stm32cubeide_1.9.0/stm32cubeide/plugins/com.st.stm32cube.ide.mcu.externaltools.gnu-tools-for-stm32.10.3-2021.10.win32_1.0.0.202111181127/tools/bin/../lib/gcc/arm-none-eabi/10.3.1/thumb/v7e-m+dp/hard\libgcc.a(_aeabi_uldivmod.o) (__udivmoddi4)
d:/st/stm32cubeide_1.9.0/stm32cubeide/plugins/com.st.stm32cube.ide.mcu.externaltools.gnu-tools-for-stm32.10.3-2021.10.win32_1.0.0.202111181127/tools/bin/../lib/gcc/arm-none-eabi/10.3.1/thumb/v7e-m+dp/hard\libgcc.a(_dvmd_tls.o)
                              d:/st/stm32cubeide_1.9.0/stm32cubeide/plugins/com.st.stm32cube.ide.mcu.externaltools.gnu-tools-for-stm32.10.3-2021.10.win32_1.0.0.202111181127/tools/bin/../lib/gcc/arm-none-eabi/10.3.1/thumb/v7e-m+dp/hard\libgcc.a(_aeabi_uldivmod.o) (__aeabi_ldiv0)

Discarded input sections

 .text          0x0000000000000000        0x0 d:/st/stm32cubeide_1.9.0/stm32cubeide/plugins/com.st.stm32cube.ide.mcu.externaltools.gnu-tools-for-stm32.10.3-2021.10.win32_1.0.0.202111181127/tools/bin/../lib/gcc/arm-none-eabi/10.3.1/thumb/v7e-m+dp/hard/crti.o
 .data          0x0000000000000000        0x0 d:/st/stm32cubeide_1.9.0/stm32cubeide/plugins/com.st.stm32cube.ide.mcu.externaltools.gnu-tools-for-stm32.10.3-2021.10.win32_1.0.0.202111181127/tools/bin/../lib/gcc/arm-none-eabi/10.3.1/thumb/v7e-m+dp/hard/crti.o
 .bss           0x0000000000000000        0x0 d:/st/stm32cubeide_1.9.0/stm32cubeide/plugins/com.st.stm32cube.ide.mcu.externaltools.gnu-tools-for-stm32.10.3-2021.10.win32_1.0.0.202111181127/tools/bin/../lib/gcc/arm-none-eabi/10.3.1/thumb/v7e-m+dp/hard/crti.o
[...]
Memory Configuration

Name             Origin             Length             Attributes
FLASH            0x0000000008000000 0x0000000000200000 xr
DTCMRAM          0x0000000020000000 0x0000000000020000 xrw
RAM_D1           0x0000000024000000 0x0000000000080000 xrw
RAM_D2           0x0000000030000000 0x0000000000048000 xrw
RAM_D3           0x0000000038000000 0x0000000000010000 xrw
ITCMRAM          0x0000000000000000 0x0000000000010000 xrw
*default*        0x0000000000000000 0xffffffffffffffff

Linker script and memory map

LOAD d:/st/stm32cubeide_1.9.0/stm32cubeide/plugins/com.st.stm32cube.ide.mcu.externaltools.gnu-tools-for-stm32.10.3-2021.10.win32_1.0.0.202111181127/tools/bin/../lib/gcc/arm-none-eabi/10.3.1/thumb/v7e-m+dp/hard/crti.o
LOAD d:/st/stm32cubeide_1.9.0/stm32cubeide/plugins/com.st.stm32cube.ide.mcu.externaltools.gnu-tools-for-stm32.10.3-2021.10.win32_1.0.0.202111181127/tools/bin/../lib/gcc/arm-none-eabi/10.3.1/thumb/v7e-m+dp/hard/crtbegin.o
LOAD d:/st/stm32cubeide_1.9.0/stm32cubeide/plugins/com.st.stm32cube.ide.mcu.externaltools.gnu-tools-for-stm32.10.3-2021.10.win32_1.0.0.202111181127/tools/bin/../lib/gcc/arm-none-eabi/10.3.1/../../../../arm-none-eabi/lib/thumb/v7e-m+dp/hard/crt0.o
LOAD ./Core/Src/main.o
LOAD ./Core/Src/stm32h7xx_hal_msp.o
LOAD ./Core/Src/stm32h7xx_it.o
LOAD ./Core/Src/syscalls.o
LOAD ./Core/Src/sysmem.o
LOAD ./Core/Src/system_stm32h7xx.o
LOAD ./Core/Startup/startup_stm32h743zitx.o
LOAD ./Drivers/STM32H7xx_HAL_Driver/Src/stm32h7xx_hal.o
LOAD ./Drivers/STM32H7xx_HAL_Driver/Src/stm32h7xx_hal_cortex.o
LOAD ./Drivers/STM32H7xx_HAL_Driver/Src/stm32h7xx_hal_dma.o
LOAD ./Drivers/STM32H7xx_HAL_Driver/Src/stm32h7xx_hal_dma_ex.o
LOAD ./Drivers/STM32H7xx_HAL_Driver/Src/stm32h7xx_hal_eth.o
LOAD ./Drivers/STM32H7xx_HAL_Driver/Src/stm32h7xx_hal_eth_ex.o
LOAD ./Drivers/STM32H7xx_HAL_Driver/Src/stm32h7xx_hal_exti.o
LOAD ./Drivers/STM32H7xx_HAL_Driver/Src/stm32h7xx_hal_flash.o
LOAD ./Drivers/STM32H7xx_HAL_Driver/Src/stm32h7xx_hal_flash_ex.o
LOAD ./Drivers/STM32H7xx_HAL_Driver/Src/stm32h7xx_hal_gpio.o
LOAD ./Drivers/STM32H7xx_HAL_Driver/Src/stm32h7xx_hal_hsem.o
LOAD ./Drivers/STM32H7xx_HAL_Driver/Src/stm32h7xx_hal_i2c.o
LOAD ./Drivers/STM32H7xx_HAL_Driver/Src/stm32h7xx_hal_i2c_ex.o
LOAD ./Drivers/STM32H7xx_HAL_Driver/Src/stm32h7xx_hal_mdma.o
LOAD ./Drivers/STM32H7xx_HAL_Driver/Src/stm32h7xx_hal_pcd.o
LOAD ./Drivers/STM32H7xx_HAL_Driver/Src/stm32h7xx_hal_pcd_ex.o
LOAD ./Drivers/STM32H7xx_HAL_Driver/Src/stm32h7xx_hal_pwr.o
LOAD ./Drivers/STM32H7xx_HAL_Driver/Src/stm32h7xx_hal_pwr_ex.o
LOAD ./Drivers/STM32H7xx_HAL_Driver/Src/stm32h7xx_hal_rcc.o
LOAD ./Drivers/STM32H7xx_HAL_Driver/Src/stm32h7xx_hal_rcc_ex.o
LOAD ./Drivers/STM32H7xx_HAL_Driver/Src/stm32h7xx_hal_tim.o
LOAD ./Drivers/STM32H7xx_HAL_Driver/Src/stm32h7xx_hal_tim_ex.o
LOAD ./Drivers/STM32H7xx_HAL_Driver/Src/stm32h7xx_hal_uart.o
LOAD ./Drivers/STM32H7xx_HAL_Driver/Src/stm32h7xx_hal_uart_ex.o
LOAD ./Drivers/STM32H7xx_HAL_Driver/Src/stm32h7xx_ll_usb.o
START GROUP
LOAD d:/st/stm32cubeide_1.9.0/stm32cubeide/plugins/com.st.stm32cube.ide.mcu.externaltools.gnu-tools-for-stm32.10.3-2021.10.win32_1.0.0.202111181127/tools/bin/../lib/gcc/arm-none-eabi/10.3.1/../../../../arm-none-eabi/lib/thumb/v7e-m+dp/hard\libc_nano.a
LOAD d:/st/stm32cubeide_1.9.0/stm32cubeide/plugins/com.st.stm32cube.ide.mcu.externaltools.gnu-tools-for-stm32.10.3-2021.10.win32_1.0.0.202111181127/tools/bin/../lib/gcc/arm-none-eabi/10.3.1/../../../../arm-none-eabi/lib/thumb/v7e-m+dp/hard\libm.a
END GROUP
START GROUP
LOAD d:/st/stm32cubeide_1.9.0/stm32cubeide/plugins/com.st.stm32cube.ide.mcu.externaltools.gnu-tools-for-stm32.10.3-2021.10.win32_1.0.0.202111181127/tools/bin/../lib/gcc/arm-none-eabi/10.3.1/thumb/v7e-m+dp/hard\libgcc.a
LOAD d:/st/stm32cubeide_1.9.0/stm32cubeide/plugins/com.st.stm32cube.ide.mcu.externaltools.gnu-tools-for-stm32.10.3-2021.10.win32_1.0.0.202111181127/tools/bin/../lib/gcc/arm-none-eabi/10.3.1/../../../../arm-none-eabi/lib/thumb/v7e-m+dp/hard\libc_nano.a
END GROUP
START GROUP
LOAD d:/st/stm32cubeide_1.9.0/stm32cubeide/plugins/com.st.stm32cube.ide.mcu.externaltools.gnu-tools-for-stm32.10.3-2021.10.win32_1.0.0.202111181127/tools/bin/../lib/gcc/arm-none-eabi/10.3.1/thumb/v7e-m+dp/hard\libgcc.a
LOAD d:/st/stm32cubeide_1.9.0/stm32cubeide/plugins/com.st.stm32cube.ide.mcu.externaltools.gnu-tools-for-stm32.10.3-2021.10.win32_1.0.0.202111181127/tools/bin/../lib/gcc/arm-none-eabi/10.3.1/../../../../arm-none-eabi/lib/thumb/v7e-m+dp/hard\libc_nano.a
LOAD d:/st/stm32cubeide_1.9.0/stm32cubeide/plugins/com.st.stm32cube.ide.mcu.externaltools.gnu-tools-for-stm32.10.3-2021.10.win32_1.0.0.202111181127/tools/bin/../lib/gcc/arm-none-eabi/10.3.1/../../../../arm-none-eabi/lib/thumb/v7e-m+dp/hard\libnosys.a
END GROUP
START GROUP
LOAD d:/st/stm32cubeide_1.9.0/stm32cubeide/plugins/com.st.stm32cube.ide.mcu.externaltools.gnu-tools-for-stm32.10.3-2021.10.win32_1.0.0.202111181127/tools/bin/../lib/gcc/arm-none-eabi/10.3.1/thumb/v7e-m+dp/hard\libgcc.a
LOAD d:/st/stm32cubeide_1.9.0/stm32cubeide/plugins/com.st.stm32cube.ide.mcu.externaltools.gnu-tools-for-stm32.10.3-2021.10.win32_1.0.0.202111181127/tools/bin/../lib/gcc/arm-none-eabi/10.3.1/../../../../arm-none-eabi/lib/thumb/v7e-m+dp/hard\libc_nano.a
LOAD d:/st/stm32cubeide_1.9.0/stm32cubeide/plugins/com.st.stm32cube.ide.mcu.externaltools.gnu-tools-for-stm32.10.3-2021.10.win32_1.0.0.202111181127/tools/bin/../lib/gcc/arm-none-eabi/10.3.1/../../../../arm-none-eabi/lib/thumb/v7e-m+dp/hard\libnosys.a
END GROUP
LOAD d:/st/stm32cubeide_1.9.0/stm32cubeide/plugins/com.st.stm32cube.ide.mcu.externaltools.gnu-tools-for-stm32.10.3-2021.10.win32_1.0.0.202111181127/tools/bin/../lib/gcc/arm-none-eabi/10.3.1/thumb/v7e-m+dp/hard/crtend.o
LOAD d:/st/stm32cubeide_1.9.0/stm32cubeide/plugins/com.st.stm32cube.ide.mcu.externaltools.gnu-tools-for-stm32.10.3-2021.10.win32_1.0.0.202111181127/tools/bin/../lib/gcc/arm-none-eabi/10.3.1/thumb/v7e-m+dp/hard/crtn.o
                0x0000000024080000                _estack = (ORIGIN (RAM_D1) + LENGTH (RAM_D1))
                0x0000000000002000                _Min_Heap_Size = 0x2000
                0x0000000000004000                _Min_Stack_Size = 0x4000

.isr_vector     0x0000000008000000      0x298
                0x0000000008000000                . = ALIGN (0x4)
 *(.isr_vector)
 .isr_vector    0x0000000008000000      0x298 ./Core/Startup/startup_stm32h743zitx.o
                0x0000000008000000                g_pfnVectors
                0x0000000008000298                . = ALIGN (0x4)

.text           0x0000000008000298     0x5d20
                0x0000000008000298                . = ALIGN (0x4)
 *(.text)
 .text          0x0000000008000298       0x40 d:/st/stm32cubeide_1.9.0/stm32cubeide/plugins/com.st.stm32cube.ide.mcu.externaltools.gnu-tools-for-stm32.10.3-2021.10.win32_1.0.0.202111181127/tools/bin/../lib/gcc/arm-none-eabi/10.3.1/thumb/v7e-m+dp/hard/crtbegin.o
 .text          0x00000000080002d8       0x30 d:/st/stm32cubeide_1.9.0/stm32cubeide/plugins/com.st.stm32cube.ide.mcu.externaltools.gnu-tools-for-stm32.10.3-2021.10.win32_1.0.0.202111181127/tools/bin/../lib/gcc/arm-none-eabi/10.3.1/thumb/v7e-m+dp/hard\libgcc.a(_aeabi_uldivmod.o)
                0x00000000080002d8                __aeabi_uldivmod
 .text          0x0000000008000308      0x2d0 d:/st/stm32cubeide_1.9.0/stm32cubeide/plugins/com.st.stm32cube.ide.mcu.externaltools.gnu-tools-for-stm32.10.3-2021.10.win32_1.0.0.202111181127/tools/bin/../lib/gcc/arm-none-eabi/10.3.1/thumb/v7e-m+dp/hard\libgcc.a(_udivmoddi4.o)
                0x0000000008000308                __udivmoddi4
 .text          0x00000000080005d8        0x4 d:/st/stm32cubeide_1.9.0/stm32cubeide/plugins/com.st.stm32cube.ide.mcu.externaltools.gnu-tools-for-stm32.10.3-2021.10.win32_1.0.0.202111181127/tools/bin/../lib/gcc/arm-none-eabi/10.3.1/thumb/v7e-m+dp/hard\libgcc.a(_dvmd_tls.o)
                0x00000000080005d8                __aeabi_idiv0
                0x00000000080005d8                __aeabi_ldiv0
 *(.text*)
 .text.main     0x00000000080005dc       0x1e ./Core/Src/main.o
                0x00000000080005dc                main
 *fill*         0x00000000080005fa        0x2 
 .text.SystemClock_Config
                0x00000000080005fc      0x100 ./Core/Src/main.o
                0x00000000080005fc                SystemClock_Config
 .text.MX_ETH_Init
                0x00000000080006fc       0x98 ./Core/Src/main.o
 .text.MX_USART3_UART_Init
                0x0000000008000794       0x98 ./Core/Src/main.o
 .text.MX_USB_OTG_FS_PCD_Init
                0x000000000800082c       0x64 ./Core/Src/main.o
 .text.MX_GPIO_Init
                0x0000000008000890      0x1b8 ./Core/Src/main.o
 .text.Error_Handler
                0x0000000008000a48        0xa ./Core/Src/main.o
                0x0000000008000a48                Error_Handler
 *fill*         0x0000000008000a52        0x2 
 .text.HAL_MspInit
                0x0000000008000a54       0x34 ./Core/Src/stm32h7xx_hal_msp.o
                0x0000000008000a54                HAL_MspInit
 .text.HAL_ETH_MspInit
                0x0000000008000a88      0x19c ./Core/Src/stm32h7xx_hal_msp.o
                0x0000000008000a88                HAL_ETH_MspInit
 .text.HAL_UART_MspInit
                0x0000000008000c24       0xcc ./Core/Src/stm32h7xx_hal_msp.o
                0x0000000008000c24                HAL_UART_MspInit
 .text.HAL_PCD_MspInit
                0x0000000008000cf0       0xf4 ./Core/Src/stm32h7xx_hal_msp.o
                0x0000000008000cf0                HAL_PCD_MspInit
 .text.NMI_Handler
                0x0000000008000de4        0x6 ./Core/Src/stm32h7xx_it.o
                0x0000000008000de4                NMI_Handler
 .text.HardFault_Handler
                0x0000000008000dea        0x6 ./Core/Src/stm32h7xx_it.o
                0x0000000008000dea                HardFault_Handler
 .text.MemManage_Handler
                0x0000000008000df0        0x6 ./Core/Src/stm32h7xx_it.o
                0x0000000008000df0                MemManage_Handler
 .text.BusFault_Handler
                0x0000000008000df6        0x6 ./Core/Src/stm32h7xx_it.o
                0x0000000008000df6                BusFault_Handler
 .text.UsageFault_Handler
                0x0000000008000dfc        0x6 ./Core/Src/stm32h7xx_it.o
                0x0000000008000dfc                UsageFault_Handler
 .text.SVC_Handler
                0x0000000008000e02        0xe ./Core/Src/stm32h7xx_it.o
                0x0000000008000e02                SVC_Handler
 .text.DebugMon_Handler
                0x0000000008000e10        0xe ./Core/Src/stm32h7xx_it.o
                0x0000000008000e10                DebugMon_Handler
 .text.PendSV_Handler
                0x0000000008000e1e        0xe ./Core/Src/stm32h7xx_it.o
                0x0000000008000e1e                PendSV_Handler
 .text.SysTick_Handler
                0x0000000008000e2c        0xc ./Core/Src/stm32h7xx_it.o
                0x0000000008000e2c                SysTick_Handler
 .text.SystemInit
                0x0000000008000e38      0x110 ./Core/Src/system_stm32h7xx.o
                0x0000000008000e38                SystemInit
 .text.Reset_Handler
                0x0000000008000f48       0x50 ./Core/Startup/startup_stm32h743zitx.o
                0x0000000008000f48                Reset_Handler
 .text.Default_Handler
                0x0000000008000f98        0x2 ./Core/Startup/startup_stm32h743zitx.o
                0x0000000008000f98                RTC_Alarm_IRQHandler
                0x0000000008000f98                EXTI2_IRQHandler
                0x0000000008000f98                TIM8_CC_IRQHandler
                0x0000000008000f98                HRTIM1_Master_IRQHandler
                0x0000000008000f98                UART8_IRQHandler
                0x0000000008000f98                SPI4_IRQHandler
                0x0000000008000f98                TIM1_CC_IRQHandler
                0x0000000008000f98                BDMA_Channel6_IRQHandler
                0x0000000008000f98                DMA2_Stream5_IRQHandler
                0x0000000008000f98                HRTIM1_FLT_IRQHandler
                0x0000000008000f98                JPEG_IRQHandler
                0x0000000008000f98                DMA1_Stream5_IRQHandler
                0x0000000008000f98                BDMA_Channel1_IRQHandler
                0x0000000008000f98                HRTIM1_TIMD_IRQHandler
                0x0000000008000f98                TAMP_STAMP_IRQHandler
                0x0000000008000f98                EXTI3_IRQHandler
                0x0000000008000f98                LPTIM4_IRQHandler
                0x0000000008000f98                TIM8_TRG_COM_TIM14_IRQHandler
                0x0000000008000f98                LPTIM2_IRQHandler
                0x0000000008000f98                DFSDM1_FLT1_IRQHandler
                0x0000000008000f98                DMAMUX2_OVR_IRQHandler
                0x0000000008000f98                TIM8_UP_TIM13_IRQHandler
                0x0000000008000f98                I2C3_ER_IRQHandler
                0x0000000008000f98                DFSDM1_FLT2_IRQHandler
                0x0000000008000f98                MDMA_IRQHandler
                0x0000000008000f98                LPTIM3_IRQHandler
                0x0000000008000f98                HSEM1_IRQHandler
                0x0000000008000f98                EXTI0_IRQHandler
                0x0000000008000f98                I2C2_EV_IRQHandler
                0x0000000008000f98                DMA1_Stream2_IRQHandler
                0x0000000008000f98                FPU_IRQHandler
                0x0000000008000f98                OTG_HS_WKUP_IRQHandler
                0x0000000008000f98                FDCAN1_IT1_IRQHandler
                0x0000000008000f98                LTDC_ER_IRQHandler
                0x0000000008000f98                DMA2_Stream2_IRQHandler
                0x0000000008000f98                HRTIM1_TIME_IRQHandler
                0x0000000008000f98                SPI1_IRQHandler
                0x0000000008000f98                TIM6_DAC_IRQHandler
                0x0000000008000f98                DCMI_IRQHandler
                0x0000000008000f98                HRTIM1_TIMC_IRQHandler
                0x0000000008000f98                DMA2_Stream3_IRQHandler
                0x0000000008000f98                SAI2_IRQHandler
                0x0000000008000f98                DFSDM1_FLT3_IRQHandler
                0x0000000008000f98                USART6_IRQHandler
                0x0000000008000f98                TIM17_IRQHandler
                0x0000000008000f98                USART3_IRQHandler
                0x0000000008000f98                BDMA_Channel7_IRQHandler
                0x0000000008000f98                LPTIM5_IRQHandler
                0x0000000008000f98                UART5_IRQHandler
                0x0000000008000f98                ADC3_IRQHandler
                0x0000000008000f98                DMA2_Stream0_IRQHandler
                0x0000000008000f98                TIM4_IRQHandler
                0x0000000008000f98                BDMA_Channel2_IRQHandler
                0x0000000008000f98                QUADSPI_IRQHandler
                0x0000000008000f98                I2C1_EV_IRQHandler
                0x0000000008000f98                DMA1_Stream6_IRQHandler
                0x0000000008000f98                DMAMUX1_OVR_IRQHandler
                0x0000000008000f98                DMA1_Stream1_IRQHandler
                0x0000000008000f98                TIM16_IRQHandler
                0x0000000008000f98                UART4_IRQHandler
                0x0000000008000f98                BDMA_Channel5_IRQHandler
                0x0000000008000f98                TIM3_IRQHandler
                0x0000000008000f98                RCC_IRQHandler
                0x0000000008000f98                TIM8_BRK_TIM12_IRQHandler
                0x0000000008000f98                TIM1_TRG_COM_IRQHandler
                0x0000000008000f98                Default_Handler
                0x0000000008000f98                ECC_IRQHandler
                0x0000000008000f98                CEC_IRQHandler
                0x0000000008000f98                EXTI15_10_IRQHandler
                0x0000000008000f98                BDMA_Channel0_IRQHandler
                0x0000000008000f98                ADC_IRQHandler
                0x0000000008000f98                DMA1_Stream7_IRQHandler
                0x0000000008000f98                HRTIM1_TIMA_IRQHandler
                0x0000000008000f98                SPI5_IRQHandler
                0x0000000008000f98                TIM7_IRQHandler
                0x0000000008000f98                SDMMC1_IRQHandler
                0x0000000008000f98                TIM5_IRQHandler
                0x0000000008000f98                DMA2_Stream7_IRQHandler
                0x0000000008000f98                TIM15_IRQHandler
                0x0000000008000f98                PVD_AVD_IRQHandler
                0x0000000008000f98                I2C3_EV_IRQHandler
                0x0000000008000f98                EXTI9_5_IRQHandler
                0x0000000008000f98                RTC_WKUP_IRQHandler
                0x0000000008000f98                LTDC_IRQHandler
                0x0000000008000f98                SAI3_IRQHandler
                0x0000000008000f98                ETH_WKUP_IRQHandler
                0x0000000008000f98                SPDIF_RX_IRQHandler
                0x0000000008000f98                SPI2_IRQHandler
                0x0000000008000f98                OTG_HS_EP1_IN_IRQHandler
                0x0000000008000f98                DMA1_Stream0_IRQHandler
                0x0000000008000f98                CRS_IRQHandler
                0x0000000008000f98                EXTI4_IRQHandler
                0x0000000008000f98                RNG_IRQHandler
                0x0000000008000f98                HRTIM1_TIMB_IRQHandler
                0x0000000008000f98                FDCAN2_IT1_IRQHandler
                0x0000000008000f98                ETH_IRQHandler
                0x0000000008000f98                TIM1_UP_IRQHandler
                0x0000000008000f98                BDMA_Channel4_IRQHandler
                0x0000000008000f98                OTG_HS_EP1_OUT_IRQHandler
                0x0000000008000f98                WWDG_IRQHandler
                0x0000000008000f98                SPI6_IRQHandler
                0x0000000008000f98                MDIOS_IRQHandler
                0x0000000008000f98                I2C4_EV_IRQHandler
                0x0000000008000f98                FDCAN2_IT0_IRQHandler
                0x0000000008000f98                LPUART1_IRQHandler
                0x0000000008000f98                FDCAN1_IT0_IRQHandler
                0x0000000008000f98                TIM2_IRQHandler
                0x0000000008000f98                OTG_FS_WKUP_IRQHandler
                0x0000000008000f98                OTG_HS_IRQHandler
                0x0000000008000f98                DMA2D_IRQHandler
                0x0000000008000f98                TIM1_BRK_IRQHandler
                0x0000000008000f98                EXTI1_IRQHandler
                0x0000000008000f98                SDMMC2_IRQHandler
                0x0000000008000f98                OTG_FS_EP1_OUT_IRQHandler
                0x0000000008000f98                BDMA_Channel3_IRQHandler
                0x0000000008000f98                UART7_IRQHandler
                0x0000000008000f98                MDIOS_WKUP_IRQHandler
                0x0000000008000f98                USART2_IRQHandler
                0x0000000008000f98                DFSDM1_FLT0_IRQHandler
                0x0000000008000f98                SAI4_IRQHandler
                0x0000000008000f98                I2C2_ER_IRQHandler
                0x0000000008000f98                DMA2_Stream1_IRQHandler
                0x0000000008000f98                FLASH_IRQHandler
                0x0000000008000f98                DMA2_Stream4_IRQHandler
                0x0000000008000f98                USART1_IRQHandler
                0x0000000008000f98                OTG_FS_IRQHandler
                0x0000000008000f98                SPI3_IRQHandler
                0x0000000008000f98                WAKEUP_PIN_IRQHandler
                0x0000000008000f98                DMA1_Stream4_IRQHandler
                0x0000000008000f98                OTG_FS_EP1_IN_IRQHandler
                0x0000000008000f98                I2C1_ER_IRQHandler
                0x0000000008000f98                FMC_IRQHandler
                0x0000000008000f98                FDCAN_CAL_IRQHandler
                0x0000000008000f98                SWPMI1_IRQHandler
                0x0000000008000f98                COMP1_IRQHandler
                0x0000000008000f98                LPTIM1_IRQHandler
                0x0000000008000f98                I2C4_ER_IRQHandler
                0x0000000008000f98                DMA2_Stream6_IRQHandler
                0x0000000008000f98                SAI1_IRQHandler
                0x0000000008000f98                DMA1_Stream3_IRQHandler
 *fill*         0x0000000008000f9a        0x2 
 .text.HAL_Init
                0x0000000008000f9c       0x78 ./Drivers/STM32H7xx_HAL_Driver/Src/stm32h7xx_hal.o
                0x0000000008000f9c                HAL_Init
 .text.HAL_InitTick
                0x0000000008001014       0x6c ./Drivers/STM32H7xx_HAL_Driver/Src/stm32h7xx_hal.o
                0x0000000008001014                HAL_InitTick
 .text.HAL_IncTick
                0x0000000008001080       0x28 ./Drivers/STM32H7xx_HAL_Driver/Src/stm32h7xx_hal.o
                0x0000000008001080                HAL_IncTick
 .text.HAL_GetTick
                0x00000000080010a8       0x18 ./Drivers/STM32H7xx_HAL_Driver/Src/stm32h7xx_hal.o
                0x00000000080010a8                HAL_GetTick
 .text.HAL_Delay
                0x00000000080010c0       0x48 ./Drivers/STM32H7xx_HAL_Driver/Src/stm32h7xx_hal.o
                0x00000000080010c0                HAL_Delay
 .text.HAL_GetREVID
                0x0000000008001108       0x18 ./Drivers/STM32H7xx_HAL_Driver/Src/stm32h7xx_hal.o
                0x0000000008001108                HAL_GetREVID
 .text.HAL_SYSCFG_ETHInterfaceSelect
                0x0000000008001120       0x28 ./Drivers/STM32H7xx_HAL_Driver/Src/stm32h7xx_hal.o
                0x0000000008001120                HAL_SYSCFG_ETHInterfaceSelect
 .text.__NVIC_SetPriorityGrouping
                0x0000000008001148       0x48 ./Drivers/STM32H7xx_HAL_Driver/Src/stm32h7xx_hal_cortex.o
 .text.__NVIC_GetPriorityGrouping
                0x0000000008001190       0x1c ./Drivers/STM32H7xx_HAL_Driver/Src/stm32h7xx_hal_cortex.o
 .text.__NVIC_SetPriority
                0x00000000080011ac       0x54 ./Drivers/STM32H7xx_HAL_Driver/Src/stm32h7xx_hal_cortex.o
 .text.NVIC_EncodePriority
                0x0000000008001200       0x66 ./Drivers/STM32H7xx_HAL_Driver/Src/stm32h7xx_hal_cortex.o
 *fill*         0x0000000008001266        0x2 
 .text.SysTick_Config
                0x0000000008001268       0x44 ./Drivers/STM32H7xx_HAL_Driver/Src/stm32h7xx_hal_cortex.o
 .text.HAL_NVIC_SetPriorityGrouping
                0x00000000080012ac       0x16 ./Drivers/STM32H7xx_HAL_Driver/Src/stm32h7xx_hal_cortex.o
                0x00000000080012ac                HAL_NVIC_SetPriorityGrouping
 .text.HAL_NVIC_SetPriority
                0x00000000080012c2       0x34 ./Drivers/STM32H7xx_HAL_Driver/Src/stm32h7xx_hal_cortex.o
                0x00000000080012c2                HAL_NVIC_SetPriority
 .text.HAL_SYSTICK_Config
                0x00000000080012f6       0x18 ./Drivers/STM32H7xx_HAL_Driver/Src/stm32h7xx_hal_cortex.o
                0x00000000080012f6                HAL_SYSTICK_Config
 *fill*         0x000000000800130e        0x2 
 .text.HAL_ETH_Init
                0x0000000008001310      0x1cc ./Drivers/STM32H7xx_HAL_Driver/Src/stm32h7xx_hal_eth.o
                0x0000000008001310                HAL_ETH_Init
 .text.HAL_ETH_SetMDIOClockRange
                0x00000000080014dc       0xb0 ./Drivers/STM32H7xx_HAL_Driver/Src/stm32h7xx_hal_eth.o
                0x00000000080014dc                HAL_ETH_SetMDIOClockRange
 .text.ETH_SetMACConfig
                0x000000000800158c      0x238 ./Drivers/STM32H7xx_HAL_Driver/Src/stm32h7xx_hal_eth.o
 .text.ETH_SetDMAConfig
                0x00000000080017c4      0x10c ./Drivers/STM32H7xx_HAL_Driver/Src/stm32h7xx_hal_eth.o
 .text.ETH_MACDMAConfig
                0x00000000080018d0      0x13a ./Drivers/STM32H7xx_HAL_Driver/Src/stm32h7xx_hal_eth.o
 .text.ETH_DMATxDescListInit
                0x0000000008001a0a       0x92 ./Drivers/STM32H7xx_HAL_Driver/Src/stm32h7xx_hal_eth.o
 .text.ETH_DMARxDescListInit
                0x0000000008001a9c       0xba ./Drivers/STM32H7xx_HAL_Driver/Src/stm32h7xx_hal_eth.o
 *fill*         0x0000000008001b56        0x2 
 .text.HAL_GPIO_Init
                0x0000000008001b58      0x360 ./Drivers/STM32H7xx_HAL_Driver/Src/stm32h7xx_hal_gpio.o
                0x0000000008001b58                HAL_GPIO_Init
 .text.HAL_GPIO_WritePin
                0x0000000008001eb8       0x32 ./Drivers/STM32H7xx_HAL_Driver/Src/stm32h7xx_hal_gpio.o
                0x0000000008001eb8                HAL_GPIO_WritePin
 .text.HAL_PCD_Init
                0x0000000008001eea      0x248 ./Drivers/STM32H7xx_HAL_Driver/Src/stm32h7xx_hal_pcd.o
                0x0000000008001eea                HAL_PCD_Init
 *fill*         0x0000000008002132        0x2 
 .text.HAL_PCDEx_ActivateLPM
                0x0000000008002134       0x48 ./Drivers/STM32H7xx_HAL_Driver/Src/stm32h7xx_hal_pcd_ex.o
                0x0000000008002134                HAL_PCDEx_ActivateLPM
 .text.HAL_PWREx_ConfigSupply
                0x000000000800217c       0x74 ./Drivers/STM32H7xx_HAL_Driver/Src/stm32h7xx_hal_pwr_ex.o
                0x000000000800217c                HAL_PWREx_ConfigSupply
 .text.HAL_PWREx_EnableUSBVoltageDetector
                0x00000000080021f0       0x20 ./Drivers/STM32H7xx_HAL_Driver/Src/stm32h7xx_hal_pwr_ex.o
                0x00000000080021f0                HAL_PWREx_EnableUSBVoltageDetector
 .text.HAL_RCC_OscConfig
                0x0000000008002210      0x85c ./Drivers/STM32H7xx_HAL_Driver/Src/stm32h7xx_hal_rcc.o
                0x0000000008002210                HAL_RCC_OscConfig
 .text.HAL_RCC_ClockConfig
                0x0000000008002a6c      0x36c ./Drivers/STM32H7xx_HAL_Driver/Src/stm32h7xx_hal_rcc.o
                0x0000000008002a6c                HAL_RCC_ClockConfig
 .text.HAL_RCC_GetSysClockFreq
                0x0000000008002dd8      0x2f4 ./Drivers/STM32H7xx_HAL_Driver/Src/stm32h7xx_hal_rcc.o
                0x0000000008002dd8                HAL_RCC_GetSysClockFreq
 .text.HAL_RCC_GetHCLKFreq
                0x00000000080030cc       0x60 ./Drivers/STM32H7xx_HAL_Driver/Src/stm32h7xx_hal_rcc.o
                0x00000000080030cc                HAL_RCC_GetHCLKFreq
 .text.HAL_RCC_GetPCLK1Freq
                0x000000000800312c       0x2c ./Drivers/STM32H7xx_HAL_Driver/Src/stm32h7xx_hal_rcc.o
                0x000000000800312c                HAL_RCC_GetPCLK1Freq
 .text.HAL_RCC_GetPCLK2Freq
                0x0000000008003158       0x2c ./Drivers/STM32H7xx_HAL_Driver/Src/stm32h7xx_hal_rcc.o
                0x0000000008003158                HAL_RCC_GetPCLK2Freq
 .text.HAL_RCCEx_PeriphCLKConfig
                0x0000000008003184      0xe8c ./Drivers/STM32H7xx_HAL_Driver/Src/stm32h7xx_hal_rcc_ex.o
                0x0000000008003184                HAL_RCCEx_PeriphCLKConfig
 .text.HAL_RCCEx_GetD3PCLK1Freq
                0x0000000008004010       0x2c ./Drivers/STM32H7xx_HAL_Driver/Src/stm32h7xx_hal_rcc_ex.o
                0x0000000008004010                HAL_RCCEx_GetD3PCLK1Freq
 .text.HAL_RCCEx_GetPLL2ClockFreq
                0x000000000800403c      0x2a8 ./Drivers/STM32H7xx_HAL_Driver/Src/stm32h7xx_hal_rcc_ex.o
                0x000000000800403c                HAL_RCCEx_GetPLL2ClockFreq
 .text.HAL_RCCEx_GetPLL3ClockFreq
                0x00000000080042e4      0x2a8 ./Drivers/STM32H7xx_HAL_Driver/Src/stm32h7xx_hal_rcc_ex.o
                0x00000000080042e4                HAL_RCCEx_GetPLL3ClockFreq
 .text.RCCEx_PLL2_Config
                0x000000000800458c      0x164 ./Drivers/STM32H7xx_HAL_Driver/Src/stm32h7xx_hal_rcc_ex.o
 .text.RCCEx_PLL3_Config
                0x00000000080046f0      0x164 ./Drivers/STM32H7xx_HAL_Driver/Src/stm32h7xx_hal_rcc_ex.o
 .text.HAL_UART_Init
                0x0000000008004854       0xa0 ./Drivers/STM32H7xx_HAL_Driver/Src/stm32h7xx_hal_uart.o
                0x0000000008004854                HAL_UART_Init
 .text.UART_SetConfig
                0x00000000080048f4      0xad0 ./Drivers/STM32H7xx_HAL_Driver/Src/stm32h7xx_hal_uart.o
                0x00000000080048f4                UART_SetConfig
 .text.UART_AdvFeatureConfig
                0x00000000080053c4      0x144 ./Drivers/STM32H7xx_HAL_Driver/Src/stm32h7xx_hal_uart.o
                0x00000000080053c4                UART_AdvFeatureConfig
 .text.UART_CheckIdleState
                0x0000000008005508       0x96 ./Drivers/STM32H7xx_HAL_Driver/Src/stm32h7xx_hal_uart.o
                0x0000000008005508                UART_CheckIdleState
 .text.UART_WaitOnFlagUntilTimeout
                0x000000000800559e      0x190 ./Drivers/STM32H7xx_HAL_Driver/Src/stm32h7xx_hal_uart.o
                0x000000000800559e                UART_WaitOnFlagUntilTimeout
 .text.HAL_UARTEx_DisableFifoMode
                0x000000000800572e       0x72 ./Drivers/STM32H7xx_HAL_Driver/Src/stm32h7xx_hal_uart_ex.o
                0x000000000800572e                HAL_UARTEx_DisableFifoMode
 .text.HAL_UARTEx_SetTxFifoThreshold
                0x00000000080057a0       0x7c ./Drivers/STM32H7xx_HAL_Driver/Src/stm32h7xx_hal_uart_ex.o
                0x00000000080057a0                HAL_UARTEx_SetTxFifoThreshold
 .text.HAL_UARTEx_SetRxFifoThreshold
                0x000000000800581c       0x7c ./Drivers/STM32H7xx_HAL_Driver/Src/stm32h7xx_hal_uart_ex.o
                0x000000000800581c                HAL_UARTEx_SetRxFifoThreshold
 .text.UARTEx_SetNbDataToProcess
                0x0000000008005898       0x9c ./Drivers/STM32H7xx_HAL_Driver/Src/stm32h7xx_hal_uart_ex.o
 .text.USB_CoreInit
                0x0000000008005934       0xdc ./Drivers/STM32H7xx_HAL_Driver/Src/stm32h7xx_ll_usb.o
                0x0000000008005934                USB_CoreInit
 .text.USB_DisableGlobalInt
                0x0000000008005a10       0x22 ./Drivers/STM32H7xx_HAL_Driver/Src/stm32h7xx_ll_usb.o
                0x0000000008005a10                USB_DisableGlobalInt
 .text.USB_SetCurrentMode
                0x0000000008005a32       0x98 ./Drivers/STM32H7xx_HAL_Driver/Src/stm32h7xx_ll_usb.o
                0x0000000008005a32                USB_SetCurrentMode
 *fill*         0x0000000008005aca        0x2 
 .text.USB_DevInit
                0x0000000008005acc      0x2bc ./Drivers/STM32H7xx_HAL_Driver/Src/stm32h7xx_ll_usb.o
                0x0000000008005acc                USB_DevInit
 .text.USB_FlushTxFifo
                0x0000000008005d88       0x68 ./Drivers/STM32H7xx_HAL_Driver/Src/stm32h7xx_ll_usb.o
                0x0000000008005d88                USB_FlushTxFifo
 .text.USB_FlushRxFifo
                0x0000000008005df0       0x60 ./Drivers/STM32H7xx_HAL_Driver/Src/stm32h7xx_ll_usb.o
                0x0000000008005df0                USB_FlushRxFifo
 .text.USB_SetDevSpeed
                0x0000000008005e50       0x32 ./Drivers/STM32H7xx_HAL_Driver/Src/stm32h7xx_ll_usb.o
                0x0000000008005e50                USB_SetDevSpeed
 .text.USB_DevDisconnect
                0x0000000008005e82       0x42 ./Drivers/STM32H7xx_HAL_Driver/Src/stm32h7xx_ll_usb.o
                0x0000000008005e82                USB_DevDisconnect
 .text.USB_GetMode
                0x0000000008005ec4       0x1c ./Drivers/STM32H7xx_HAL_Driver/Src/stm32h7xx_ll_usb.o
                0x0000000008005ec4                USB_GetMode
 .text.USB_CoreReset
                0x0000000008005ee0       0x68 ./Drivers/STM32H7xx_HAL_Driver/Src/stm32h7xx_ll_usb.o
 .text.__libc_init_array
                0x0000000008005f48       0x48 d:/st/stm32cubeide_1.9.0/stm32cubeide/plugins/com.st.stm32cube.ide.mcu.externaltools.gnu-tools-for-stm32.10.3-2021.10.win32_1.0.0.202111181127/tools/bin/../lib/gcc/arm-none-eabi/10.3.1/../../../../arm-none-eabi/lib/thumb/v7e-m+dp/hard\libc_nano.a(lib_a-init.o)
                0x0000000008005f48                __libc_init_array
 .text.memset   0x0000000008005f90       0x10 d:/st/stm32cubeide_1.9.0/stm32cubeide/plugins/com.st.stm32cube.ide.mcu.externaltools.gnu-tools-for-stm32.10.3-2021.10.win32_1.0.0.202111181127/tools/bin/../lib/gcc/arm-none-eabi/10.3.1/../../../../arm-none-eabi/lib/thumb/v7e-m+dp/hard\libc_nano.a(lib_a-memset.o)
                0x0000000008005f90                memset
 *(.glue_7)
 .glue_7        0x0000000008005fa0        0x0 linker stubs
 *(.glue_7t)
 .glue_7t       0x0000000008005fa0        0x0 linker stubs
 *(.eh_frame)
 .eh_frame      0x0000000008005fa0        0x0 d:/st/stm32cubeide_1.9.0/stm32cubeide/plugins/com.st.stm32cube.ide.mcu.externaltools.gnu-tools-for-stm32.10.3-2021.10.win32_1.0.0.202111181127/tools/bin/../lib/gcc/arm-none-eabi/10.3.1/thumb/v7e-m+dp/hard/crtbegin.o
 *(.init)
 .init          0x0000000008005fa0        0x4 d:/st/stm32cubeide_1.9.0/stm32cubeide/plugins/com.st.stm32cube.ide.mcu.externaltools.gnu-tools-for-stm32.10.3-2021.10.win32_1.0.0.202111181127/tools/bin/../lib/gcc/arm-none-eabi/10.3.1/thumb/v7e-m+dp/hard/crti.o
                0x0000000008005fa0                _init
 .init          0x0000000008005fa4        0x8 d:/st/stm32cubeide_1.9.0/stm32cubeide/plugins/com.st.stm32cube.ide.mcu.externaltools.gnu-tools-for-stm32.10.3-2021.10.win32_1.0.0.202111181127/tools/bin/../lib/gcc/arm-none-eabi/10.3.1/thumb/v7e-m+dp/hard/crtn.o
 *(.fini)
 .fini          0x0000000008005fac        0x4 d:/st/stm32cubeide_1.9.0/stm32cubeide/plugins/com.st.stm32cube.ide.mcu.externaltools.gnu-tools-for-stm32.10.3-2021.10.win32_1.0.0.202111181127/tools/bin/../lib/gcc/arm-none-eabi/10.3.1/thumb/v7e-m+dp/hard/crti.o
                0x0000000008005fac                _fini
 .fini          0x0000000008005fb0        0x8 d:/st/stm32cubeide_1.9.0/stm32cubeide/plugins/com.st.stm32cube.ide.mcu.externaltools.gnu-tools-for-stm32.10.3-2021.10.win32_1.0.0.202111181127/tools/bin/../lib/gcc/arm-none-eabi/10.3.1/thumb/v7e-m+dp/hard/crtn.o
                0x0000000008005fb8                . = ALIGN (0x4)
                0x0000000008005fb8                _etext = .

.vfp11_veneer   0x0000000008005fb8        0x0
 .vfp11_veneer  0x0000000008005fb8        0x0 linker stubs

.v4_bx          0x0000000008005fb8        0x0
 .v4_bx         0x0000000008005fb8        0x0 linker stubs

.iplt           0x0000000008005fb8        0x0
 .iplt          0x0000000008005fb8        0x0 d:/st/stm32cubeide_1.9.0/stm32cubeide/plugins/com.st.stm32cube.ide.mcu.externaltools.gnu-tools-for-stm32.10.3-2021.10.win32_1.0.0.202111181127/tools/bin/../lib/gcc/arm-none-eabi/10.3.1/thumb/v7e-m+dp/hard/crtbegin.o

.rodata         0x0000000008005fb8       0x38
                0x0000000008005fb8                . = ALIGN (0x4)
 *(.rodata)
 *(.rodata*)
 .rodata.D1CorePrescTable
                0x0000000008005fb8       0x10 ./Core/Src/system_stm32h7xx.o
                0x0000000008005fb8                D1CorePrescTable
 .rodata.UARTPrescTable
                0x0000000008005fc8       0x18 ./Drivers/STM32H7xx_HAL_Driver/Src/stm32h7xx_hal_uart.o
                0x0000000008005fc8                UARTPrescTable
 .rodata.numerator.1
                0x0000000008005fe0        0x8 ./Drivers/STM32H7xx_HAL_Driver/Src/stm32h7xx_hal_uart_ex.o
 .rodata.denominator.0
                0x0000000008005fe8        0x8 ./Drivers/STM32H7xx_HAL_Driver/Src/stm32h7xx_hal_uart_ex.o
                0x0000000008005ff0                . = ALIGN (0x4)

.ARM.extab
 *(.ARM.extab* .gnu.linkonce.armextab.*)

.ARM            0x0000000008005ff0        0x8
                0x0000000008005ff0                __exidx_start = .
 *(.ARM.exidx*)
 .ARM.exidx     0x0000000008005ff0        0x8 d:/st/stm32cubeide_1.9.0/stm32cubeide/plugins/com.st.stm32cube.ide.mcu.externaltools.gnu-tools-for-stm32.10.3-2021.10.win32_1.0.0.202111181127/tools/bin/../lib/gcc/arm-none-eabi/10.3.1/thumb/v7e-m+dp/hard\libgcc.a(_udivmoddi4.o)
                0x0000000008005ff8                __exidx_end = .

.rel.dyn        0x0000000008005ff8        0x0
 .rel.iplt      0x0000000008005ff8        0x0 d:/st/stm32cubeide_1.9.0/stm32cubeide/plugins/com.st.stm32cube.ide.mcu.externaltools.gnu-tools-for-stm32.10.3-2021.10.win32_1.0.0.202111181127/tools/bin/../lib/gcc/arm-none-eabi/10.3.1/thumb/v7e-m+dp/hard/crtbegin.o

.preinit_array  0x0000000008005ff8        0x0
                0x0000000008005ff8                PROVIDE (__preinit_array_start = .)
 *(.preinit_array*)
                0x0000000008005ff8                PROVIDE (__preinit_array_end = .)

.init_array     0x0000000008005ff8        0x4
                0x0000000008005ff8                PROVIDE (__init_array_start = .)
 *(SORT_BY_NAME(.init_array.*))
 *(.init_array*)
 .init_array    0x0000000008005ff8        0x4 d:/st/stm32cubeide_1.9.0/stm32cubeide/plugins/com.st.stm32cube.ide.mcu.externaltools.gnu-tools-for-stm32.10.3-2021.10.win32_1.0.0.202111181127/tools/bin/../lib/gcc/arm-none-eabi/10.3.1/thumb/v7e-m+dp/hard/crtbegin.o
                0x0000000008005ffc                PROVIDE (__init_array_end = .)

.fini_array     0x0000000008005ffc        0x4
                [!provide]                        PROVIDE (__fini_array_start = .)
 *(SORT_BY_NAME(.fini_array.*))
 *(.fini_array*)
 .fini_array    0x0000000008005ffc        0x4 d:/st/stm32cubeide_1.9.0/stm32cubeide/plugins/com.st.stm32cube.ide.mcu.externaltools.gnu-tools-for-stm32.10.3-2021.10.win32_1.0.0.202111181127/tools/bin/../lib/gcc/arm-none-eabi/10.3.1/thumb/v7e-m+dp/hard/crtbegin.o
                [!provide]                        PROVIDE (__fini_array_end = .)
                0x0000000008006000                _sidata = LOADADDR (.data)

.data           0x0000000024000000       0x10 load address 0x0000000008006000
                0x0000000024000000                . = ALIGN (0x4)
                0x0000000024000000                _sdata = .
 *(.data)
 *(.data*)
 .data.SystemCoreClock
                0x0000000024000000        0x4 ./Core/Src/system_stm32h7xx.o
                0x0000000024000000                SystemCoreClock
 .data.SystemD2Clock
                0x0000000024000004        0x4 ./Core/Src/system_stm32h7xx.o
                0x0000000024000004                SystemD2Clock
 .data.uwTickPrio
                0x0000000024000008        0x4 ./Drivers/STM32H7xx_HAL_Driver/Src/stm32h7xx_hal.o
                0x0000000024000008                uwTickPrio
 .data.uwTickFreq
                0x000000002400000c        0x1 ./Drivers/STM32H7xx_HAL_Driver/Src/stm32h7xx_hal.o
                0x000000002400000c                uwTickFreq
 *(.RamFunc)
 *(.RamFunc*)
                0x0000000024000010                . = ALIGN (0x4)
 *fill*         0x000000002400000d        0x3 
                0x0000000024000010                _edata = .

.igot.plt       0x0000000024000010        0x0 load address 0x0000000008006010
 .igot.plt      0x0000000024000010        0x0 d:/st/stm32cubeide_1.9.0/stm32cubeide/plugins/com.st.stm32cube.ide.mcu.externaltools.gnu-tools-for-stm32.10.3-2021.10.win32_1.0.0.202111181127/tools/bin/../lib/gcc/arm-none-eabi/10.3.1/thumb/v7e-m+dp/hard/crtbegin.o

.RxDecripSection
                0x0000000024000010       0x60 load address 0x0000000008006010
 .RxDecripSection
                0x0000000024000010       0x60 ./Core/Src/main.o
                0x0000000024000010                DMARxDscrTab

.TxDecripSection
                0x0000000024000070       0x60 load address 0x0000000008006070
 .TxDecripSection
                0x0000000024000070       0x60 ./Core/Src/main.o
                0x0000000024000070                DMATxDscrTab
                0x00000000240000d0                . = ALIGN (0x4)

.bss            0x00000000240000d0      0x6ac load address 0x00000000080060d0
                0x00000000240000d0                _sbss = .
                0x00000000240000d0                __bss_start__ = _sbss
 *(.bss)
 .bss           0x00000000240000d0       0x1c d:/st/stm32cubeide_1.9.0/stm32cubeide/plugins/com.st.stm32cube.ide.mcu.externaltools.gnu-tools-for-stm32.10.3-2021.10.win32_1.0.0.202111181127/tools/bin/../lib/gcc/arm-none-eabi/10.3.1/thumb/v7e-m+dp/hard/crtbegin.o
 *(.bss*)
 .bss.TxConfig  0x00000000240000ec       0x38 ./Core/Src/main.o
                0x00000000240000ec                TxConfig
 .bss.heth      0x0000000024000124       0xb0 ./Core/Src/main.o
                0x0000000024000124                heth
 .bss.huart3    0x00000000240001d4       0x90 ./Core/Src/main.o
                0x00000000240001d4                huart3
 .bss.hpcd_USB_OTG_FS
                0x0000000024000264      0x50c ./Core/Src/main.o
                0x0000000024000264                hpcd_USB_OTG_FS
 .bss.MACAddr.0
                0x0000000024000770        0x6 ./Core/Src/main.o
 *fill*         0x0000000024000776        0x2 
 .bss.uwTick    0x0000000024000778        0x4 ./Drivers/STM32H7xx_HAL_Driver/Src/stm32h7xx_hal.o
                0x0000000024000778                uwTick
 *(COMMON)
                0x000000002400077c                . = ALIGN (0x4)
                0x000000002400077c                _ebss = .
                0x000000002400077c                __bss_end__ = _ebss

._user_heap_stack
                0x000000002400077c     0x6004 load address 0x00000000080060d0
                0x0000000024000780                . = ALIGN (0x8)
 *fill*         0x000000002400077c        0x4 
                [!provide]                        PROVIDE (end = .)
                0x0000000024000780                PROVIDE (_end = .)
                0x0000000024002780                . = (. + _Min_Heap_Size)
 *fill*         0x0000000024000780     0x2000 
                0x0000000024006780                . = (. + _Min_Stack_Size)
 *fill*         0x0000000024002780     0x4000 
                0x0000000024006780                . = ALIGN (0x8)

/DISCARD/
 libc.a(*)
 libm.a(*)
 libgcc.a(*)

.ARM.attributes
                0x0000000000000000       0x2e
 *(.ARM.attributes)
 .ARM.attributes
                0x0000000000000000       0x1e d:/st/stm32cubeide_1.9.0/stm32cubeide/plugins/com.st.stm32cube.ide.mcu.externaltools.gnu-tools-for-stm32.10.3-2021.10.win32_1.0.0.202111181127/tools/bin/../lib/gcc/arm-none-eabi/10.3.1/thumb/v7e-m+dp/hard/crti.o
 .ARM.attributes
                0x000000000000001e       0x32 d:/st/stm32cubeide_1.9.0/stm32cubeide/plugins/com.st.stm32cube.ide.mcu.externaltools.gnu-tools-for-stm32.10.3-2021.10.win32_1.0.0.202111181127/tools/bin/../lib/gcc/arm-none-eabi/10.3.1/thumb/v7e-m+dp/hard/crtbegin.o
 .ARM.attributes
                0x0000000000000050       0x32 ./Core/Src/main.o
 .ARM.attributes
                0x0000000000000082       0x32 ./Core/Src/stm32h7xx_hal_msp.o
 .ARM.attributes
                0x00000000000000b4       0x32 ./Core/Src/stm32h7xx_it.o
 .ARM.attributes
                0x00000000000000e6       0x32 ./Core/Src/system_stm32h7xx.o
 .ARM.attributes
                0x0000000000000118       0x21 ./Core/Startup/startup_stm32h743zitx.o
 .ARM.attributes
                0x0000000000000139       0x32 ./Drivers/STM32H7xx_HAL_Driver/Src/stm32h7xx_hal.o
 .ARM.attributes
                0x000000000000016b       0x32 ./Drivers/STM32H7xx_HAL_Driver/Src/stm32h7xx_hal_cortex.o
 .ARM.attributes
                0x000000000000019d       0x32 ./Drivers/STM32H7xx_HAL_Driver/Src/stm32h7xx_hal_eth.o
 .ARM.attributes
                0x00000000000001cf       0x32 ./Drivers/STM32H7xx_HAL_Driver/Src/stm32h7xx_hal_gpio.o
 .ARM.attributes
                0x0000000000000201       0x32 ./Drivers/STM32H7xx_HAL_Driver/Src/stm32h7xx_hal_pcd.o
 .ARM.attributes
                0x0000000000000233       0x32 ./Drivers/STM32H7xx_HAL_Driver/Src/stm32h7xx_hal_pcd_ex.o
 .ARM.attributes
                0x0000000000000265       0x32 ./Drivers/STM32H7xx_HAL_Driver/Src/stm32h7xx_hal_pwr_ex.o
 .ARM.attributes
                0x0000000000000297       0x32 ./Drivers/STM32H7xx_HAL_Driver/Src/stm32h7xx_hal_rcc.o
 .ARM.attributes
                0x00000000000002c9       0x32 ./Drivers/STM32H7xx_HAL_Driver/Src/stm32h7xx_hal_rcc_ex.o
 .ARM.attributes
                0x00000000000002fb       0x32 ./Drivers/STM32H7xx_HAL_Driver/Src/stm32h7xx_hal_uart.o
 .ARM.attributes
                0x000000000000032d       0x32 ./Drivers/STM32H7xx_HAL_Driver/Src/stm32h7xx_hal_uart_ex.o
 .ARM.attributes
                0x000000000000035f       0x32 ./Drivers/STM32H7xx_HAL_Driver/Src/stm32h7xx_ll_usb.o
 .ARM.attributes
                0x0000000000000391       0x32 d:/st/stm32cubeide_1.9.0/stm32cubeide/plugins/com.st.stm32cube.ide.mcu.externaltools.gnu-tools-for-stm32.10.3-2021.10.win32_1.0.0.202111181127/tools/bin/../lib/gcc/arm-none-eabi/10.3.1/../../../../arm-none-eabi/lib/thumb/v7e-m+dp/hard\libc_nano.a(lib_a-init.o)
 .ARM.attributes
                0x00000000000003c3       0x32 d:/st/stm32cubeide_1.9.0/stm32cubeide/plugins/com.st.stm32cube.ide.mcu.externaltools.gnu-tools-for-stm32.10.3-2021.10.win32_1.0.0.202111181127/tools/bin/../lib/gcc/arm-none-eabi/10.3.1/../../../../arm-none-eabi/lib/thumb/v7e-m+dp/hard\libc_nano.a(lib_a-memset.o)
 .ARM.attributes
                0x00000000000003f5       0x1e d:/st/stm32cubeide_1.9.0/stm32cubeide/plugins/com.st.stm32cube.ide.mcu.externaltools.gnu-tools-for-stm32.10.3-2021.10.win32_1.0.0.202111181127/tools/bin/../lib/gcc/arm-none-eabi/10.3.1/thumb/v7e-m+dp/hard\libgcc.a(_aeabi_uldivmod.o)
 .ARM.attributes
                0x0000000000000413       0x32 d:/st/stm32cubeide_1.9.0/stm32cubeide/plugins/com.st.stm32cube.ide.mcu.externaltools.gnu-tools-for-stm32.10.3-2021.10.win32_1.0.0.202111181127/tools/bin/../lib/gcc/arm-none-eabi/10.3.1/thumb/v7e-m+dp/hard\libgcc.a(_udivmoddi4.o)
 .ARM.attributes
                0x0000000000000445       0x1e d:/st/stm32cubeide_1.9.0/stm32cubeide/plugins/com.st.stm32cube.ide.mcu.externaltools.gnu-tools-for-stm32.10.3-2021.10.win32_1.0.0.202111181127/tools/bin/../lib/gcc/arm-none-eabi/10.3.1/thumb/v7e-m+dp/hard\libgcc.a(_dvmd_tls.o)
 .ARM.attributes
                0x0000000000000463       0x1e d:/st/stm32cubeide_1.9.0/stm32cubeide/plugins/com.st.stm32cube.ide.mcu.externaltools.gnu-tools-for-stm32.10.3-2021.10.win32_1.0.0.202111181127/tools/bin/../lib/gcc/arm-none-eabi/10.3.1/thumb/v7e-m+dp/hard/crtn.o
OUTPUT(RingH7ZI2.elf elf32-littlearm)
LOAD linker stubs
LOAD d:/st/stm32cubeide_1.9.0/stm32cubeide/plugins/com.st.stm32cube.ide.mcu.externaltools.gnu-tools-for-stm32.10.3-2021.10.win32_1.0.0.202111181127/tools/bin/../lib/gcc/arm-none-eabi/10.3.1/../../../../arm-none-eabi/lib/thumb/v7e-m+dp/hard\libc.a
LOAD d:/st/stm32cubeide_1.9.0/stm32cubeide/plugins/com.st.stm32cube.ide.mcu.externaltools.gnu-tools-for-stm32.10.3-2021.10.win32_1.0.0.202111181127/tools/bin/../lib/gcc/arm-none-eabi/10.3.1/../../../../arm-none-eabi/lib/thumb/v7e-m+dp/hard\libm.a
LOAD d:/st/stm32cubeide_1.9.0/stm32cubeide/plugins/com.st.stm32cube.ide.mcu.externaltools.gnu-tools-for-stm32.10.3-2021.10.win32_1.0.0.202111181127/tools/bin/../lib/gcc/arm-none-eabi/10.3.1/thumb/v7e-m+dp/hard\libgcc.a

.debug_info     0x0000000000000000    0x1876a
 .debug_info    0x0000000000000000     0x29c2 ./Core/Src/main.o
 .debug_info    0x00000000000029c2     0x25de ./Core/Src/stm32h7xx_hal_msp.o
 .debug_info    0x0000000000004fa0      0x137 ./Core/Src/stm32h7xx_it.o
 .debug_info    0x00000000000050d7      0xd07 ./Core/Src/system_stm32h7xx.o
 .debug_info    0x0000000000005dde       0x22 ./Core/Startup/startup_stm32h743zitx.o
 .debug_info    0x0000000000005e00     0x15d7 ./Drivers/STM32H7xx_HAL_Driver/Src/stm32h7xx_hal.o
 .debug_info    0x00000000000073d7     0x116d ./Drivers/STM32H7xx_HAL_Driver/Src/stm32h7xx_hal_cortex.o
 .debug_info    0x0000000000008544     0x2b55 ./Drivers/STM32H7xx_HAL_Driver/Src/stm32h7xx_hal_eth.o
 .debug_info    0x000000000000b099      0xd28 ./Drivers/STM32H7xx_HAL_Driver/Src/stm32h7xx_hal_gpio.o
 .debug_info    0x000000000000bdc1     0x169b ./Drivers/STM32H7xx_HAL_Driver/Src/stm32h7xx_hal_pcd.o
 .debug_info    0x000000000000d45c      0x8fb ./Drivers/STM32H7xx_HAL_Driver/Src/stm32h7xx_hal_pcd_ex.o
 .debug_info    0x000000000000dd57     0x109d ./Drivers/STM32H7xx_HAL_Driver/Src/stm32h7xx_hal_pwr_ex.o
 .debug_info    0x000000000000edf4      0xf4a ./Drivers/STM32H7xx_HAL_Driver/Src/stm32h7xx_hal_rcc.o
 .debug_info    0x000000000000fd3e     0x12b4 ./Drivers/STM32H7xx_HAL_Driver/Src/stm32h7xx_hal_rcc_ex.o
 .debug_info    0x0000000000010ff2     0x4c42 ./Drivers/STM32H7xx_HAL_Driver/Src/stm32h7xx_hal_uart.o
 .debug_info    0x0000000000015c34     0x100b ./Drivers/STM32H7xx_HAL_Driver/Src/stm32h7xx_hal_uart_ex.o
 .debug_info    0x0000000000016c3f     0x1b2b ./Drivers/STM32H7xx_HAL_Driver/Src/stm32h7xx_ll_usb.o

.debug_abbrev   0x0000000000000000     0x26f4
 .debug_abbrev  0x0000000000000000      0x317 ./Core/Src/main.o
 .debug_abbrev  0x0000000000000317      0x27e ./Core/Src/stm32h7xx_hal_msp.o
 .debug_abbrev  0x0000000000000595       0x74 ./Core/Src/stm32h7xx_it.o
 .debug_abbrev  0x0000000000000609      0x147 ./Core/Src/system_stm32h7xx.o
 .debug_abbrev  0x0000000000000750       0x12 ./Core/Startup/startup_stm32h743zitx.o
 .debug_abbrev  0x0000000000000762      0x289 ./Drivers/STM32H7xx_HAL_Driver/Src/stm32h7xx_hal.o
 .debug_abbrev  0x00000000000009eb      0x329 ./Drivers/STM32H7xx_HAL_Driver/Src/stm32h7xx_hal_cortex.o
 .debug_abbrev  0x0000000000000d14      0x2bd ./Drivers/STM32H7xx_HAL_Driver/Src/stm32h7xx_hal_eth.o
 .debug_abbrev  0x0000000000000fd1      0x1ec ./Drivers/STM32H7xx_HAL_Driver/Src/stm32h7xx_hal_gpio.o
 .debug_abbrev  0x00000000000011bd      0x2d2 ./Drivers/STM32H7xx_HAL_Driver/Src/stm32h7xx_hal_pcd.o
 .debug_abbrev  0x000000000000148f      0x24a ./Drivers/STM32H7xx_HAL_Driver/Src/stm32h7xx_hal_pcd_ex.o
 .debug_abbrev  0x00000000000016d9      0x28f ./Drivers/STM32H7xx_HAL_Driver/Src/stm32h7xx_hal_pwr_ex.o
 .debug_abbrev  0x0000000000001968      0x2b8 ./Drivers/STM32H7xx_HAL_Driver/Src/stm32h7xx_hal_rcc.o
 .debug_abbrev  0x0000000000001c20      0x25c ./Drivers/STM32H7xx_HAL_Driver/Src/stm32h7xx_hal_rcc_ex.o
 .debug_abbrev  0x0000000000001e7c      0x325 ./Drivers/STM32H7xx_HAL_Driver/Src/stm32h7xx_hal_uart.o
 .debug_abbrev  0x00000000000021a1      0x2bd ./Drivers/STM32H7xx_HAL_Driver/Src/stm32h7xx_hal_uart_ex.o
 .debug_abbrev  0x000000000000245e      0x296 ./Drivers/STM32H7xx_HAL_Driver/Src/stm32h7xx_ll_usb.o

.debug_aranges  0x0000000000000000      0xf38
 .debug_aranges
                0x0000000000000000       0x50 ./Core/Src/main.o
 .debug_aranges
                0x0000000000000050       0x50 ./Core/Src/stm32h7xx_hal_msp.o
 .debug_aranges
                0x00000000000000a0       0x60 ./Core/Src/stm32h7xx_it.o
 .debug_aranges
                0x0000000000000100       0x28 ./Core/Src/system_stm32h7xx.o
 .debug_aranges
                0x0000000000000128       0x28 ./Core/Startup/startup_stm32h743zitx.o
 .debug_aranges
                0x0000000000000150      0x198 ./Drivers/STM32H7xx_HAL_Driver/Src/stm32h7xx_hal.o
 .debug_aranges
                0x00000000000002e8      0x120 ./Drivers/STM32H7xx_HAL_Driver/Src/stm32h7xx_hal_cortex.o
 .debug_aranges
                0x0000000000000408      0x1d8 ./Drivers/STM32H7xx_HAL_Driver/Src/stm32h7xx_hal_eth.o
 .debug_aranges
                0x00000000000005e0       0x58 ./Drivers/STM32H7xx_HAL_Driver/Src/stm32h7xx_hal_gpio.o
 .debug_aranges
                0x0000000000000638      0x140 ./Drivers/STM32H7xx_HAL_Driver/Src/stm32h7xx_hal_pcd.o
 .debug_aranges
                0x0000000000000778       0x60 ./Drivers/STM32H7xx_HAL_Driver/Src/stm32h7xx_hal_pcd_ex.o
 .debug_aranges
                0x00000000000007d8      0x158 ./Drivers/STM32H7xx_HAL_Driver/Src/stm32h7xx_hal_pwr_ex.o
 .debug_aranges
                0x0000000000000930       0x88 ./Drivers/STM32H7xx_HAL_Driver/Src/stm32h7xx_hal_rcc.o
 .debug_aranges
                0x00000000000009b8       0xf8 ./Drivers/STM32H7xx_HAL_Driver/Src/stm32h7xx_hal_rcc_ex.o
 .debug_aranges
                0x0000000000000ab0      0x248 ./Drivers/STM32H7xx_HAL_Driver/Src/stm32h7xx_hal_uart.o
 .debug_aranges
                0x0000000000000cf8       0xa0 ./Drivers/STM32H7xx_HAL_Driver/Src/stm32h7xx_hal_uart_ex.o
 .debug_aranges
                0x0000000000000d98      0x1a0 ./Drivers/STM32H7xx_HAL_Driver/Src/stm32h7xx_ll_usb.o

.debug_ranges   0x0000000000000000      0xe60
 .debug_ranges  0x0000000000000000       0x40 ./Core/Src/main.o
 .debug_ranges  0x0000000000000040       0x40 ./Core/Src/stm32h7xx_hal_msp.o
 .debug_ranges  0x0000000000000080       0x50 ./Core/Src/stm32h7xx_it.o
 .debug_ranges  0x00000000000000d0       0x18 ./Core/Src/system_stm32h7xx.o
 .debug_ranges  0x00000000000000e8       0x20 ./Core/Startup/startup_stm32h743zitx.o
 .debug_ranges  0x0000000000000108      0x188 ./Drivers/STM32H7xx_HAL_Driver/Src/stm32h7xx_hal.o
 .debug_ranges  0x0000000000000290      0x110 ./Drivers/STM32H7xx_HAL_Driver/Src/stm32h7xx_hal_cortex.o
 .debug_ranges  0x00000000000003a0      0x1c8 ./Drivers/STM32H7xx_HAL_Driver/Src/stm32h7xx_hal_eth.o
 .debug_ranges  0x0000000000000568       0x48 ./Drivers/STM32H7xx_HAL_Driver/Src/stm32h7xx_hal_gpio.o
 .debug_ranges  0x00000000000005b0      0x130 ./Drivers/STM32H7xx_HAL_Driver/Src/stm32h7xx_hal_pcd.o
 .debug_ranges  0x00000000000006e0       0x50 ./Drivers/STM32H7xx_HAL_Driver/Src/stm32h7xx_hal_pcd_ex.o
 .debug_ranges  0x0000000000000730      0x148 ./Drivers/STM32H7xx_HAL_Driver/Src/stm32h7xx_hal_pwr_ex.o
 .debug_ranges  0x0000000000000878       0x78 ./Drivers/STM32H7xx_HAL_Driver/Src/stm32h7xx_hal_rcc.o
 .debug_ranges  0x00000000000008f0       0xe8 ./Drivers/STM32H7xx_HAL_Driver/Src/stm32h7xx_hal_rcc_ex.o
 .debug_ranges  0x00000000000009d8      0x268 ./Drivers/STM32H7xx_HAL_Driver/Src/stm32h7xx_hal_uart.o
 .debug_ranges  0x0000000000000c40       0x90 ./Drivers/STM32H7xx_HAL_Driver/Src/stm32h7xx_hal_uart_ex.o
 .debug_ranges  0x0000000000000cd0      0x190 ./Drivers/STM32H7xx_HAL_Driver/Src/stm32h7xx_ll_usb.o

.debug_macro    0x0000000000000000    0x37005
 .debug_macro   0x0000000000000000      0x30a ./Core/Src/main.o
 .debug_macro   0x000000000000030a      0xa90 ./Core/Src/main.o
 .debug_macro   0x0000000000000d9a      0x23e ./Core/Src/main.o
 .debug_macro   0x0000000000000fd8       0x2e ./Core/Src/main.o
 .debug_macro   0x0000000000001006       0x3b ./Core/Src/main.o
 .debug_macro   0x0000000000001041       0x22 ./Core/Src/main.o
 .debug_macro   0x0000000000001063       0x8e ./Core/Src/main.o
 .debug_macro   0x00000000000010f1       0x51 ./Core/Src/main.o
 .debug_macro   0x0000000000001142      0x103 ./Core/Src/main.o
 .debug_macro   0x0000000000001245       0x6a ./Core/Src/main.o
 .debug_macro   0x00000000000012af      0x1df ./Core/Src/main.o
 .debug_macro   0x000000000000148e       0x1c ./Core/Src/main.o
 .debug_macro   0x00000000000014aa       0x22 ./Core/Src/main.o
 .debug_macro   0x00000000000014cc       0xfb ./Core/Src/main.o
 .debug_macro   0x00000000000015c7     0x1305 ./Core/Src/main.o
 .debug_macro   0x00000000000028cc      0x11f ./Core/Src/main.o
 .debug_macro   0x00000000000029eb       0x27 ./Core/Src/main.o
 .debug_macro   0x0000000000002a12    0x2587a ./Core/Src/main.o
 .debug_macro   0x000000000002828c       0x6d ./Core/Src/main.o
 .debug_macro   0x00000000000282f9     0x3d22 ./Core/Src/main.o
 .debug_macro   0x000000000002c01b      0x174 ./Core/Src/main.o
 .debug_macro   0x000000000002c18f       0x52 ./Core/Src/main.o
 .debug_macro   0x000000000002c1e1       0x1d ./Core/Src/main.o
 .debug_macro   0x000000000002c1fe       0x3c ./Core/Src/main.o
 .debug_macro   0x000000000002c23a       0x34 ./Core/Src/main.o
 .debug_macro   0x000000000002c26e       0x16 ./Core/Src/main.o
 .debug_macro   0x000000000002c284       0x43 ./Core/Src/main.o
 .debug_macro   0x000000000002c2c7       0x34 ./Core/Src/main.o
 .debug_macro   0x000000000002c2fb       0x10 ./Core/Src/main.o
 .debug_macro   0x000000000002c30b       0x58 ./Core/Src/main.o
 .debug_macro   0x000000000002c363       0x71 ./Core/Src/main.o
 .debug_macro   0x000000000002c3d4       0x1c ./Core/Src/main.o
 .debug_macro   0x000000000002c3f0      0x12a ./Core/Src/main.o
 .debug_macro   0x000000000002c51a      0x341 ./Core/Src/main.o
 .debug_macro   0x000000000002c85b      0x19b ./Core/Src/main.o
 .debug_macro   0x000000000002c9f6       0x5d ./Core/Src/main.o
 .debug_macro   0x000000000002ca53     0x2382 ./Core/Src/main.o
 .debug_macro   0x000000000002edd5     0x1002 ./Core/Src/main.o
 .debug_macro   0x000000000002fdd7      0x14d ./Core/Src/main.o
 .debug_macro   0x000000000002ff24      0x114 ./Core/Src/main.o
 .debug_macro   0x0000000000030038      0x3b2 ./Core/Src/main.o
 .debug_macro   0x00000000000303ea       0xac ./Core/Src/main.o
 .debug_macro   0x0000000000030496      0x72d ./Core/Src/main.o
 .debug_macro   0x0000000000030bc3      0x228 ./Core/Src/main.o
 .debug_macro   0x0000000000030deb       0x66 ./Core/Src/main.o
 .debug_macro   0x0000000000030e51      0x3bb ./Core/Src/main.o
 .debug_macro   0x000000000003120c      0xa80 ./Core/Src/main.o
 .debug_macro   0x0000000000031c8c      0x129 ./Core/Src/main.o
 .debug_macro   0x0000000000031db5      0x3e4 ./Core/Src/main.o
 .debug_macro   0x0000000000032199      0x275 ./Core/Src/main.o
 .debug_macro   0x000000000003240e      0x3ca ./Core/Src/main.o
 .debug_macro   0x00000000000327d8      0x408 ./Core/Src/main.o
 .debug_macro   0x0000000000032be0       0x51 ./Core/Src/main.o
 .debug_macro   0x0000000000032c31       0x4a ./Core/Src/main.o
 .debug_macro   0x0000000000032c7b      0x22c ./Core/Src/main.o
 .debug_macro   0x0000000000032ea7       0x67 ./Core/Src/main.o
 .debug_macro   0x0000000000032f0e       0xa5 ./Core/Src/main.o
 .debug_macro   0x0000000000032fb3      0x1c4 ./Core/Src/main.o
 .debug_macro   0x0000000000033177      0x25e ./Core/Src/main.o
 .debug_macro   0x00000000000333d5       0x35 ./Core/Src/main.o
 .debug_macro   0x000000000003340a      0x67e ./Core/Src/main.o
 .debug_macro   0x0000000000033a88       0xa6 ./Core/Src/main.o
 .debug_macro   0x0000000000033b2e      0x248 ./Core/Src/main.o
 .debug_macro   0x0000000000033d76       0x90 ./Core/Src/main.o
 .debug_macro   0x0000000000033e06      0x5a0 ./Core/Src/main.o
 .debug_macro   0x00000000000343a6       0x64 ./Core/Src/main.o
 .debug_macro   0x000000000003440a       0x16 ./Core/Src/main.o
 .debug_macro   0x0000000000034420       0x35 ./Core/Src/main.o
 .debug_macro   0x0000000000034455       0x20 ./Core/Src/main.o
 .debug_macro   0x0000000000034475      0x2da ./Core/Src/stm32h7xx_hal_msp.o
 .debug_macro   0x000000000003474f      0x2e4 ./Core/Src/stm32h7xx_it.o
 .debug_macro   0x0000000000034a33      0x2cb ./Core/Src/system_stm32h7xx.o
 .debug_macro   0x0000000000034cfe      0x2f5 ./Drivers/STM32H7xx_HAL_Driver/Src/stm32h7xx_hal.o
 .debug_macro   0x0000000000034ff3      0x2cb ./Drivers/STM32H7xx_HAL_Driver/Src/stm32h7xx_hal_cortex.o
 .debug_macro   0x00000000000352be      0x35f ./Drivers/STM32H7xx_HAL_Driver/Src/stm32h7xx_hal_eth.o
 .debug_macro   0x000000000003561d      0x2d2 ./Drivers/STM32H7xx_HAL_Driver/Src/stm32h7xx_hal_gpio.o
 .debug_macro   0x00000000000358ef      0x2d7 ./Drivers/STM32H7xx_HAL_Driver/Src/stm32h7xx_hal_pcd.o
 .debug_macro   0x0000000000035bc6      0x2cb ./Drivers/STM32H7xx_HAL_Driver/Src/stm32h7xx_hal_pcd_ex.o
 .debug_macro   0x0000000000035e91      0x304 ./Drivers/STM32H7xx_HAL_Driver/Src/stm32h7xx_hal_pwr_ex.o
 .debug_macro   0x0000000000036195      0x2ef ./Drivers/STM32H7xx_HAL_Driver/Src/stm32h7xx_hal_rcc.o
 .debug_macro   0x0000000000036484      0x2e9 ./Drivers/STM32H7xx_HAL_Driver/Src/stm32h7xx_hal_rcc_ex.o
 .debug_macro   0x000000000003676d      0x2f6 ./Drivers/STM32H7xx_HAL_Driver/Src/stm32h7xx_hal_uart.o
 .debug_macro   0x0000000000036a63      0x2d7 ./Drivers/STM32H7xx_HAL_Driver/Src/stm32h7xx_hal_uart_ex.o
 .debug_macro   0x0000000000036d3a      0x2cb ./Drivers/STM32H7xx_HAL_Driver/Src/stm32h7xx_ll_usb.o

.debug_line     0x0000000000000000    0x13638
 .debug_line    0x0000000000000000      0xa8e ./Core/Src/main.o
 .debug_line    0x0000000000000a8e      0x9e2 ./Core/Src/stm32h7xx_hal_msp.o
 .debug_line    0x0000000000001470      0x950 ./Core/Src/stm32h7xx_it.o
 .debug_line    0x0000000000001dc0      0xa3d ./Core/Src/system_stm32h7xx.o
 .debug_line    0x00000000000027fd       0x88 ./Core/Startup/startup_stm32h743zitx.o
 .debug_line    0x0000000000002885      0xe3b ./Drivers/STM32H7xx_HAL_Driver/Src/stm32h7xx_hal.o
 .debug_line    0x00000000000036c0      0xe41 ./Drivers/STM32H7xx_HAL_Driver/Src/stm32h7xx_hal_cortex.o
 .debug_line    0x0000000000004501     0x1b81 ./Drivers/STM32H7xx_HAL_Driver/Src/stm32h7xx_hal_eth.o
 .debug_line    0x0000000000006082      0xcfe ./Drivers/STM32H7xx_HAL_Driver/Src/stm32h7xx_hal_gpio.o
 .debug_line    0x0000000000006d80     0x1615 ./Drivers/STM32H7xx_HAL_Driver/Src/stm32h7xx_hal_pcd.o
 .debug_line    0x0000000000008395      0xa5d ./Drivers/STM32H7xx_HAL_Driver/Src/stm32h7xx_hal_pcd_ex.o
 .debug_line    0x0000000000008df2      0xf55 ./Drivers/STM32H7xx_HAL_Driver/Src/stm32h7xx_hal_pwr_ex.o
 .debug_line    0x0000000000009d47     0x13a9 ./Drivers/STM32H7xx_HAL_Driver/Src/stm32h7xx_hal_rcc.o
 .debug_line    0x000000000000b0f0     0x1b63 ./Drivers/STM32H7xx_HAL_Driver/Src/stm32h7xx_hal_rcc_ex.o
 .debug_line    0x000000000000cc53     0x3e94 ./Drivers/STM32H7xx_HAL_Driver/Src/stm32h7xx_hal_uart.o
 .debug_line    0x0000000000010ae7      0xf19 ./Drivers/STM32H7xx_HAL_Driver/Src/stm32h7xx_hal_uart_ex.o
 .debug_line    0x0000000000011a00     0x1c38 ./Drivers/STM32H7xx_HAL_Driver/Src/stm32h7xx_ll_usb.o

.debug_str      0x0000000000000000   0x15e5b7
 .debug_str     0x0000000000000000   0x158fde ./Core/Src/main.o
                                     0x159534 (size before relaxing)
 .debug_str     0x0000000000158fde      0x3e7 ./Core/Src/stm32h7xx_hal_msp.o
                                     0x159410 (size before relaxing)
 .debug_str     0x00000000001593c5       0xc9 ./Core/Src/stm32h7xx_it.o
                                     0x157bc8 (size before relaxing)
 .debug_str     0x000000000015948e      0x330 ./Core/Src/system_stm32h7xx.o
                                     0x157f17 (size before relaxing)
 .debug_str     0x00000000001597be       0x36 ./Core/Startup/startup_stm32h743zitx.o
                                         0x5c (size before relaxing)
 .debug_str     0x00000000001597f4      0xfca ./Drivers/STM32H7xx_HAL_Driver/Src/stm32h7xx_hal.o
                                     0x158e2d (size before relaxing)
 .debug_str     0x000000000015a7be      0x353 ./Drivers/STM32H7xx_HAL_Driver/Src/stm32h7xx_hal_cortex.o
                                     0x158830 (size before relaxing)
 .debug_str     0x000000000015ab11     0x10b1 ./Drivers/STM32H7xx_HAL_Driver/Src/stm32h7xx_hal_eth.o
                                     0x15981e (size before relaxing)
 .debug_str     0x000000000015bbc2       0xec ./Drivers/STM32H7xx_HAL_Driver/Src/stm32h7xx_hal_gpio.o
                                     0x157ece (size before relaxing)
 .debug_str     0x000000000015bcae      0x806 ./Drivers/STM32H7xx_HAL_Driver/Src/stm32h7xx_hal_pcd.o
                                     0x158666 (size before relaxing)
 .debug_str     0x000000000015c4b4      0x174 ./Drivers/STM32H7xx_HAL_Driver/Src/stm32h7xx_hal_pcd_ex.o
                                     0x158003 (size before relaxing)
 .debug_str     0x000000000015c628      0x61f ./Drivers/STM32H7xx_HAL_Driver/Src/stm32h7xx_hal_pwr_ex.o
                                     0x15838f (size before relaxing)
 .debug_str     0x000000000015cc47      0x21a ./Drivers/STM32H7xx_HAL_Driver/Src/stm32h7xx_hal_rcc.o
                                     0x1582b2 (size before relaxing)
 .debug_str     0x000000000015ce61      0x64b ./Drivers/STM32H7xx_HAL_Driver/Src/stm32h7xx_hal_rcc_ex.o
                                     0x15876a (size before relaxing)
 .debug_str     0x000000000015d4ac      0xa85 ./Drivers/STM32H7xx_HAL_Driver/Src/stm32h7xx_hal_uart.o
                                     0x158dcb (size before relaxing)
 .debug_str     0x000000000015df31      0x247 ./Drivers/STM32H7xx_HAL_Driver/Src/stm32h7xx_hal_uart_ex.o
                                     0x158371 (size before relaxing)
 .debug_str     0x000000000015e178      0x43f ./Drivers/STM32H7xx_HAL_Driver/Src/stm32h7xx_ll_usb.o
                                     0x1584ed (size before relaxing)

.comment        0x0000000000000000       0x50
 .comment       0x0000000000000000       0x50 ./Core/Src/main.o
                                         0x51 (size before relaxing)
 .comment       0x0000000000000050       0x51 ./Core/Src/stm32h7xx_hal_msp.o
 .comment       0x0000000000000050       0x51 ./Core/Src/stm32h7xx_it.o
 .comment       0x0000000000000050       0x51 ./Core/Src/system_stm32h7xx.o
 .comment       0x0000000000000050       0x51 ./Drivers/STM32H7xx_HAL_Driver/Src/stm32h7xx_hal.o
 .comment       0x0000000000000050       0x51 ./Drivers/STM32H7xx_HAL_Driver/Src/stm32h7xx_hal_cortex.o
 .comment       0x0000000000000050       0x51 ./Drivers/STM32H7xx_HAL_Driver/Src/stm32h7xx_hal_eth.o
 .comment       0x0000000000000050       0x51 ./Drivers/STM32H7xx_HAL_Driver/Src/stm32h7xx_hal_gpio.o
 .comment       0x0000000000000050       0x51 ./Drivers/STM32H7xx_HAL_Driver/Src/stm32h7xx_hal_pcd.o
 .comment       0x0000000000000050       0x51 ./Drivers/STM32H7xx_HAL_Driver/Src/stm32h7xx_hal_pcd_ex.o
 .comment       0x0000000000000050       0x51 ./Drivers/STM32H7xx_HAL_Driver/Src/stm32h7xx_hal_pwr_ex.o
 .comment       0x0000000000000050       0x51 ./Drivers/STM32H7xx_HAL_Driver/Src/stm32h7xx_hal_rcc.o
 .comment       0x0000000000000050       0x51 ./Drivers/STM32H7xx_HAL_Driver/Src/stm32h7xx_hal_rcc_ex.o
 .comment       0x0000000000000050       0x51 ./Drivers/STM32H7xx_HAL_Driver/Src/stm32h7xx_hal_uart.o
 .comment       0x0000000000000050       0x51 ./Drivers/STM32H7xx_HAL_Driver/Src/stm32h7xx_hal_uart_ex.o
 .comment       0x0000000000000050       0x51 ./Drivers/STM32H7xx_HAL_Driver/Src/stm32h7xx_ll_usb.o

.debug_frame    0x0000000000000000     0x4090
 .debug_frame   0x0000000000000000       0xe0 ./Core/Src/main.o
 .debug_frame   0x00000000000000e0      0x118 ./Core/Src/stm32h7xx_hal_msp.o
 .debug_frame   0x00000000000001f8      0x104 ./Core/Src/stm32h7xx_it.o
 .debug_frame   0x00000000000002fc       0x58 ./Core/Src/system_stm32h7xx.o
 .debug_frame   0x0000000000000354      0x690 ./Drivers/STM32H7xx_HAL_Driver/Src/stm32h7xx_hal.o
 .debug_frame   0x00000000000009e4      0x4b8 ./Drivers/STM32H7xx_HAL_Driver/Src/stm32h7xx_hal_cortex.o
 .debug_frame   0x0000000000000e9c      0x898 ./Drivers/STM32H7xx_HAL_Driver/Src/stm32h7xx_hal_eth.o
 .debug_frame   0x0000000000001734      0x14c ./Drivers/STM32H7xx_HAL_Driver/Src/stm32h7xx_hal_gpio.o
 .debug_frame   0x0000000000001880      0x594 ./Drivers/STM32H7xx_HAL_Driver/Src/stm32h7xx_hal_pcd.o
 .debug_frame   0x0000000000001e14      0x174 ./Drivers/STM32H7xx_HAL_Driver/Src/stm32h7xx_hal_pcd_ex.o
 .debug_frame   0x0000000000001f88      0x580 ./Drivers/STM32H7xx_HAL_Driver/Src/stm32h7xx_hal_pwr_ex.o
 .debug_frame   0x0000000000002508      0x1f8 ./Drivers/STM32H7xx_HAL_Driver/Src/stm32h7xx_hal_rcc.o
 .debug_frame   0x0000000000002700      0x3f4 ./Drivers/STM32H7xx_HAL_Driver/Src/stm32h7xx_hal_rcc_ex.o
 .debug_frame   0x0000000000002af4      0xa94 ./Drivers/STM32H7xx_HAL_Driver/Src/stm32h7xx_hal_uart.o
 .debug_frame   0x0000000000003588      0x29c ./Drivers/STM32H7xx_HAL_Driver/Src/stm32h7xx_hal_uart_ex.o
 .debug_frame   0x0000000000003824      0x7c0 ./Drivers/STM32H7xx_HAL_Driver/Src/stm32h7xx_ll_usb.o
 .debug_frame   0x0000000000003fe4       0x2c d:/st/stm32cubeide_1.9.0/stm32cubeide/plugins/com.st.stm32cube.ide.mcu.externaltools.gnu-tools-for-stm32.10.3-2021.10.win32_1.0.0.202111181127/tools/bin/../lib/gcc/arm-none-eabi/10.3.1/../../../../arm-none-eabi/lib/thumb/v7e-m+dp/hard\libc_nano.a(lib_a-init.o)
 .debug_frame   0x0000000000004010       0x20 d:/st/stm32cubeide_1.9.0/stm32cubeide/plugins/com.st.stm32cube.ide.mcu.externaltools.gnu-tools-for-stm32.10.3-2021.10.win32_1.0.0.202111181127/tools/bin/../lib/gcc/arm-none-eabi/10.3.1/../../../../arm-none-eabi/lib/thumb/v7e-m+dp/hard\libc_nano.a(lib_a-memset.o)
 .debug_frame   0x0000000000004030       0x2c d:/st/stm32cubeide_1.9.0/stm32cubeide/plugins/com.st.stm32cube.ide.mcu.externaltools.gnu-tools-for-stm32.10.3-2021.10.win32_1.0.0.202111181127/tools/bin/../lib/gcc/arm-none-eabi/10.3.1/thumb/v7e-m+dp/hard\libgcc.a(_aeabi_uldivmod.o)
 .debug_frame   0x000000000000405c       0x34 d:/st/stm32cubeide_1.9.0/stm32cubeide/plugins/com.st.stm32cube.ide.mcu.externaltools.gnu-tools-for-stm32.10.3-2021.10.win32_1.0.0.202111181127/tools/bin/../lib/gcc/arm-none-eabi/10.3.1/thumb/v7e-m+dp/hard\libgcc.a(_udivmoddi4.o)
